Archive member included because of file (symbol)

contiki-sky.a(contiki-sky-pla)
                              obj_sky/contiki-sky-main.o (init_platform)
contiki-sky.a(button-sensor.o)
                              contiki-sky.a(contiki-sky-pla) (button_sensor)
contiki-sky.a(ds2411.o)       obj_sky/contiki-sky-main.o (ds2411_init)
contiki-sky.a(xmem.o)         obj_sky/contiki-sky-main.o (xmem_init)
contiki-sky.a(node-id.o)      obj_sky/contiki-sky-main.o (node_id_restore)
contiki-sky.a(sensors.o)      contiki-sky.a(button-sensor.o) (sensors_changed)
contiki-sky.a(cc2420.o)       obj_sky/contiki-sky-main.o (cc2420_set_pan_addr)
contiki-sky.a(cc2420-arch.o)  contiki-sky.a(cc2420.o) (cc2420_arch_init)
contiki-sky.a(uart1.o)        obj_sky/contiki-sky-main.o (uart1_active)
contiki-sky.a(uart1-putchar.o)
                              obj_sky/contiki-sky-main.o (putchar)
contiki-sky.a(msp430.o)       contiki-sky.a(uart1.o) (msp430_add_lpm_req)
contiki-sky.a(clock.o)        obj_sky/contiki-sky-main.o (clock_init)
contiki-sky.a(leds.o)         obj_sky/contiki-sky-main.o (leds_init)
contiki-sky.a(leds-arch.o)    contiki-sky.a(leds.o) (leds_arch_init)
contiki-sky.a(watchdog.o)     obj_sky/contiki-sky-main.o (watchdog_start)
contiki-sky.a(rtimer-arch.o)  obj_sky/contiki-sky-main.o (rtimer_arch_now)
contiki-sky.a(ctimer.o)       obj_sky/contiki-sky-main.o (ctimer_init)
contiki-sky.a(autostart.o)    obj_sky/contiki-sky-main.o (autostart_start)
contiki-sky.a(energest.o)     obj_sky/contiki-sky-main.o (energest_init)
contiki-sky.a(etimer.o)       contiki-sky.a(clock.o) (etimer_request_poll)
contiki-sky.a(process.o)      contiki-sky.a(ctimer.o) (process_current)
contiki-sky.a(rtimer.o)       obj_sky/contiki-sky-main.o (rtimer_init)
contiki-sky.a(timer.o)        obj_sky/contiki-sky-main.o (timer_set)
contiki-sky.a(list.o)         contiki-sky.a(ctimer.o) (list_init)
contiki-sky.a(random.o)       obj_sky/contiki-sky-main.o (random_init)
contiki-sky.a(uip-ds6.o)      obj_sky/contiki-sky-main.o (uip_ds6_get_link_local)
contiki-sky.a(uip-ds6-route.o)
                              contiki-sky.a(uip-ds6.o) (uip_ds6_route_init)
contiki-sky.a(uip6.o)         obj_sky/contiki-sky-main.o (uip_lladdr)
contiki-sky.a(uip-ds6-nbr.o)  contiki-sky.a(uip-ds6.o) (uip_ds6_neighbors_init)
contiki-sky.a(uip-nd6.o)      contiki-sky.a(uip6.o) (uip_nd6_init)
contiki-sky.a(sicslowpan.o)   obj_sky/contiki-sky-main.o (sicslowpan_driver)
contiki-sky.a(tcpip.o)        contiki-sky.a(sicslowpan.o) (tcpip_set_outputfunc)
contiki-sky.a(uip-debug.o)    contiki-sky.a(uip-ds6-route.o) (uip_debug_ipaddr_print)
contiki-sky.a(rpl-ext-header.)
                              contiki-sky.a(uip6.o) (rpl_verify_hbh_header)
contiki-sky.a(rpl.o)          contiki-sky.a(uip-ds6-nbr.o) (rpl_link_neighbor_callback)
contiki-sky.a(rpl-icmp6.o)    contiki-sky.a(rpl-ext-header.) (dao_output_target)
contiki-sky.a(rpl-dag.o)      contiki-sky.a(rpl-ext-header.) (rpl_parents)
contiki-sky.a(framer-802154.o)
                              contiki-sky.a(sicslowpan.o) (framer_802154)
contiki-sky.a(frame802154.o)  contiki-sky.a(framer-802154.o) (frame802154_get_pan_id)
contiki-sky.a(csma.o)         obj_sky/contiki-sky-main.o (csma_driver)
contiki-sky.a(queuebuf.o)     obj_sky/contiki-sky-main.o (queuebuf_init)
contiki-sky.a(nbr-table.o)    contiki-sky.a(uip-ds6-route.o) (nbr_table_register)
contiki-sky.a(packetbuf.o)    contiki-sky.a(framer-802154.o) (packetbuf_hdrreduce)
contiki-sky.a(linkaddr.o)     obj_sky/contiki-sky-main.o (linkaddr_copy)
contiki-sky.a(link-stats.o)   contiki-sky.a(rpl-dag.o) (link_stats_from_lladdr)
contiki-sky.a(contikimac.o)   obj_sky/contiki-sky-main.o (contikimac_driver)
contiki-sky.a(nullsec.o)      obj_sky/contiki-sky-main.o (nullsec_driver)
contiki-sky.a(spi.o)          contiki-sky.a(xmem.o) (spi_init)
contiki-sky.a(stimer.o)       contiki-sky.a(uip-ds6.o) (stimer_set)
contiki-sky.a(compower.o)     contiki-sky.a(contikimac.o) (compower_accumulate)
contiki-sky.a(memb.o)         contiki-sky.a(uip-ds6-route.o) (memb_init)
contiki-sky.a(uip-icmp6.o)    contiki-sky.a(uip6.o) (uip_icmp6_input)
contiki-sky.a(rpl-nbr-policy.)
                              contiki-sky.a(nbr-table.o) (rpl_nbr_policy_find_removable)
contiki-sky.a(rpl-timers.o)   contiki-sky.a(rpl.o) (rpl_reset_periodic_timer)
contiki-sky.a(rpl-mrhof.o)    contiki-sky.a(rpl-dag.o) (rpl_mrhof)
contiki-sky.a(mac-sequence.o)
                              contiki-sky.a(contikimac.o) (mac_sequence_is_duplicate)
contiki-sky.a(mac.o)          contiki-sky.a(csma.o) (mac_call_sent_callback)
/usr/lib/gcc/msp430/4.6.3/mmpy-16/libgcc.a(_mulsi3.o)
                              contiki-sky.a(rpl.o) (__mulsi3)
/usr/lib/gcc/msp430/4.6.3/mmpy-16/libgcc.a(_udivmod16.o)
                              contiki-sky.a(rpl-icmp6.o) (__udivhi3)
/usr/lib/gcc/msp430/4.6.3/mmpy-16/libgcc.a(_divmod16.o)
                              contiki-sky.a(sicslowpan.o) (__divhi3)
/usr/lib/gcc/msp430/4.6.3/mmpy-16/libgcc.a(_udivmod32.o)
[...]
Memory Configuration

Name             Origin             Length             Attributes
sfr              0x0000000000000000 0x0000000000000010
peripheral_8bit  0x0000000000000010 0x00000000000000f0
peripheral_16bit 0x0000000000000100 0x0000000000000100
ram_mirror       0x0000000000000200 0x0000000000000800 xw
infomem          0x0000000000001000 0x0000000000000100
infob            0x0000000000001000 0x0000000000000080
infoa            0x0000000000001080 0x0000000000000080
ram              0x0000000000001100 0x0000000000002800 xw
rom              0x0000000000004000 0x000000000000bfe0 xr
vectors          0x000000000000ffe0 0x0000000000000020
bsl              0x0000000000000000 0x0000000000000000
infoc            0x0000000000000000 0x0000000000000000
infod            0x0000000000000000 0x0000000000000000
ram2             0x0000000000000000 0x0000000000000000 xw
usbram           0x0000000000000000 0x0000000000000000 xw
far_rom          0x0000000000000000 0x0000000000000000
*default*        0x0000000000000000 0xffffffffffffffff

Linker script and memory map

LOAD /usr/lib/gcc/msp430/4.6.3/mmpy-16/crt0ivtbl16.o
LOAD ledmotes.co
LOAD obj_sky/contiki-sky-main.o
LOAD contiki-sky.a
LOAD /usr/lib/gcc/msp430/4.6.3/mmpy-16/libgcc.a
LOAD /usr/lib/gcc/msp430/4.6.3/../../../../msp430/lib/mmpy-16/libc.a
LOAD /usr/lib/gcc/msp430/4.6.3/mmpy-16/libgcc.a
LOAD /usr/lib/gcc/msp430/4.6.3/mmpy-16/libcrt0.a
                0x0000000000000080                PROVIDE (__info_segment_size, 0x80)
                0x0000000000001000                PROVIDE (__infob, 0x1000)
                0x0000000000001080                PROVIDE (__infoa, 0x1080)
                0x0000000000000000                __IE1 = 0x0
                0x0000000000000002                __IFG1 = 0x2
                0x0000000000000004                __ME1 = 0x4
                0x0000000000000001                __IE2 = 0x1
                0x0000000000000003                __IFG2 = 0x3
                0x0000000000000005                __ME2 = 0x5
                0x0000000000000120                __WDTCTL = 0x120
                0x0000000000000130                __MPY = 0x130
                0x0000000000000132                __MPYS = 0x132
                0x0000000000000134                __MAC = 0x134
                0x0000000000000136                __MACS = 0x136
                0x0000000000000138                __OP2 = 0x138
                0x000000000000013a                __RESLO = 0x13a
                0x000000000000013c                __RESHI = 0x13c
                0x000000000000013e                __SUMEXT = 0x13e
                0x0000000000000020                __P1IN = 0x20
                0x0000000000000021                __P1OUT = 0x21
                0x0000000000000022                __P1DIR = 0x22
                0x0000000000000023                __P1IFG = 0x23
                0x0000000000000024                __P1IES = 0x24
                0x0000000000000025                __P1IE = 0x25
                0x0000000000000026                __P1SEL = 0x26
                0x0000000000000028                __P2IN = 0x28
                0x0000000000000029                __P2OUT = 0x29
                0x000000000000002a                __P2DIR = 0x2a
                0x000000000000002b                __P2IFG = 0x2b
                0x000000000000002c                __P2IES = 0x2c
                0x000000000000002d                __P2IE = 0x2d
                0x000000000000002e                __P2SEL = 0x2e
                0x0000000000000018                __P3IN = 0x18
                0x0000000000000019                __P3OUT = 0x19
                0x000000000000001a                __P3DIR = 0x1a
                0x000000000000001b                __P3SEL = 0x1b
                0x000000000000001c                __P4IN = 0x1c
                0x000000000000001d                __P4OUT = 0x1d
                0x000000000000001e                __P4DIR = 0x1e
                0x000000000000001f                __P4SEL = 0x1f
                0x0000000000000030                __P5IN = 0x30
                0x0000000000000031                __P5OUT = 0x31
                0x0000000000000032                __P5DIR = 0x32
                0x0000000000000033                __P5SEL = 0x33
                0x0000000000000034                __P6IN = 0x34
                0x0000000000000035                __P6OUT = 0x35
                0x0000000000000036                __P6DIR = 0x36
                0x0000000000000037                __P6SEL = 0x37
                0x0000000000000070                __U0CTL = 0x70
                0x0000000000000071                __U0TCTL = 0x71
                0x0000000000000072                __U0RCTL = 0x72
                0x0000000000000073                __U0MCTL = 0x73
                0x0000000000000074                __U0BR0 = 0x74
                0x0000000000000075                __U0BR1 = 0x75
                0x0000000000000076                __U0RXBUF = 0x76
                0x0000000000000077                __U0TXBUF = 0x77
                0x0000000000000078                __U1CTL = 0x78
                0x0000000000000079                __U1TCTL = 0x79
                0x000000000000007a                __U1RCTL = 0x7a
                0x000000000000007b                __U1MCTL = 0x7b
                0x000000000000007c                __U1BR0 = 0x7c
                0x000000000000007d                __U1BR1 = 0x7d
                0x000000000000007e                __U1RXBUF = 0x7e
                0x000000000000007f                __U1TXBUF = 0x7f
                0x0000000000000050                __I2CIE = 0x50
                0x0000000000000051                __I2CIFG = 0x51
                0x0000000000000052                __I2CNDAT = 0x52
                0x0000000000000071                __I2CTCTL = 0x71
                0x0000000000000072                __I2CDCTL = 0x72
                0x0000000000000073                __I2CPSC = 0x73
                0x0000000000000074                __I2CSCLH = 0x74
                0x0000000000000075                __I2CSCLL = 0x75
                0x0000000000000076                __I2CDRB = 0x76
                0x0000000000000076                __I2CDRW = 0x76
                0x0000000000000118                __I2COA = 0x118
                0x000000000000011a                __I2CSA = 0x11a
                0x000000000000011c                __I2CIV = 0x11c
                0x000000000000012e                __TAIV = 0x12e
                0x0000000000000160                __TACTL = 0x160
                0x0000000000000162                __TACCTL0 = 0x162
                0x0000000000000164                __TACCTL1 = 0x164
                0x0000000000000166                __TACCTL2 = 0x166
                0x0000000000000170                __TAR = 0x170
                0x0000000000000172                __TACCR0 = 0x172
                0x0000000000000174                __TACCR1 = 0x174
                0x0000000000000176                __TACCR2 = 0x176
                0x000000000000011e                __TBIV = 0x11e
                0x0000000000000180                __TBCTL = 0x180
                0x0000000000000182                __TBCCTL0 = 0x182
                0x0000000000000184                __TBCCTL1 = 0x184
                0x0000000000000186                __TBCCTL2 = 0x186
                0x0000000000000188                __TBCCTL3 = 0x188
                0x000000000000018a                __TBCCTL4 = 0x18a
                0x000000000000018c                __TBCCTL5 = 0x18c
                0x000000000000018e                __TBCCTL6 = 0x18e
                0x0000000000000190                __TBR = 0x190
                0x0000000000000192                __TBCCR0 = 0x192
                0x0000000000000194                __TBCCR1 = 0x194
                0x0000000000000196                __TBCCR2 = 0x196
                0x0000000000000198                __TBCCR3 = 0x198
                0x000000000000019a                __TBCCR4 = 0x19a
                0x000000000000019c                __TBCCR5 = 0x19c
                0x000000000000019e                __TBCCR6 = 0x19e
                0x0000000000000056                __DCOCTL = 0x56
                0x0000000000000057                __BCSCTL1 = 0x57
                0x0000000000000058                __BCSCTL2 = 0x58
                0x0000000000000055                __SVSCTL = 0x55
                0x0000000000000128                __FCTL1 = 0x128
                0x000000000000012a                __FCTL2 = 0x12a
                0x000000000000012c                __FCTL3 = 0x12c
                0x0000000000000059                __CACTL1 = 0x59
                0x000000000000005a                __CACTL2 = 0x5a
                0x000000000000005b                __CAPD = 0x5b
                0x00000000000001a0                __ADC12CTL0 = 0x1a0
                0x00000000000001a2                __ADC12CTL1 = 0x1a2
                0x00000000000001a4                __ADC12IFG = 0x1a4
                0x00000000000001a6                __ADC12IE = 0x1a6
                0x00000000000001a8                __ADC12IV = 0x1a8
                0x0000000000000140                __ADC12MEM0 = 0x140
                0x0000000000000142                __ADC12MEM1 = 0x142
                0x0000000000000144                __ADC12MEM2 = 0x144
                0x0000000000000146                __ADC12MEM3 = 0x146
                0x0000000000000148                __ADC12MEM4 = 0x148
                0x000000000000014a                __ADC12MEM5 = 0x14a
                0x000000000000014c                __ADC12MEM6 = 0x14c
                0x000000000000014e                __ADC12MEM7 = 0x14e
                0x0000000000000150                __ADC12MEM8 = 0x150
                0x0000000000000152                __ADC12MEM9 = 0x152
                0x0000000000000154                __ADC12MEM10 = 0x154
                0x0000000000000156                __ADC12MEM11 = 0x156
                0x0000000000000158                __ADC12MEM12 = 0x158
                0x000000000000015a                __ADC12MEM13 = 0x15a
                0x000000000000015c                __ADC12MEM14 = 0x15c
                0x000000000000015e                __ADC12MEM15 = 0x15e
                0x0000000000000080                __ADC12MCTL0 = 0x80
                0x0000000000000081                __ADC12MCTL1 = 0x81
                0x0000000000000082                __ADC12MCTL2 = 0x82
                0x0000000000000083                __ADC12MCTL3 = 0x83
                0x0000000000000084                __ADC12MCTL4 = 0x84
                0x0000000000000085                __ADC12MCTL5 = 0x85
                0x0000000000000086                __ADC12MCTL6 = 0x86
                0x0000000000000087                __ADC12MCTL7 = 0x87
                0x0000000000000088                __ADC12MCTL8 = 0x88
                0x0000000000000089                __ADC12MCTL9 = 0x89
                0x000000000000008a                __ADC12MCTL10 = 0x8a
                0x000000000000008b                __ADC12MCTL11 = 0x8b
                0x000000000000008c                __ADC12MCTL12 = 0x8c
                0x000000000000008d                __ADC12MCTL13 = 0x8d
                0x000000000000008e                __ADC12MCTL14 = 0x8e
                0x000000000000008f                __ADC12MCTL15 = 0x8f
                0x00000000000001c0                __DAC12_0CTL = 0x1c0
                0x00000000000001c2                __DAC12_1CTL = 0x1c2
                0x00000000000001c8                __DAC12_0DAT = 0x1c8
                0x00000000000001ca                __DAC12_1DAT = 0x1ca
                0x0000000000000122                __DMACTL0 = 0x122
                0x0000000000000124                __DMACTL1 = 0x124
                0x00000000000001e0                __DMA0CTL = 0x1e0
                0x00000000000001e8                __DMA1CTL = 0x1e8
                0x00000000000001f0                __DMA2CTL = 0x1f0
                0x00000000000001e2                __DMA0SA = 0x1e2
                0x00000000000001e4                __DMA0DA = 0x1e4
                0x00000000000001e6                __DMA0SZ = 0x1e6
                0x00000000000001ea                __DMA1SA = 0x1ea
                0x00000000000001ec                __DMA1DA = 0x1ec
                0x00000000000001ee                __DMA1SZ = 0x1ee
                0x00000000000001f2                __DMA2SA = 0x1f2
                0x00000000000001f4                __DMA2DA = 0x1f4
                0x00000000000001f6                __DMA2SZ = 0x1f6

.hash
 *(.hash)

.dynsym
 *(.dynsym)

.dynstr
 *(.dynstr)

.gnu.version
 *(.gnu.version)

.gnu.version_d
 *(.gnu.version_d)

.gnu.version_r
 *(.gnu.version_r)

.rel.init
 *(.rel.init)

.rela.init
 *(.rela.init)

.rel.fini
 *(.rel.fini)

.rela.fini
 *(.rela.fini)

.rel.text
 *(.rel.text .rel.text.* .rel.gnu.linkonce.t.*)

.rela.text
 *(.rela.text .rela.text.* .rela.gnu.linkonce.t.*)

.rel.rodata
 *(.rel.rodata .rel.rodata.* .rel.gnu.linkonce.r.*)

.rela.rodata
 *(.rela.rodata .rela.rodata.* .rela.gnu.linkonce.r.*)

.rel.data
 *(.rel.data .rel.data.* .rel.gnu.linkonce.d.*)

.rela.data
 *(.rela.data .rela.data.* .rela.gnu.linkonce.d.*)

.rel.bss
 *(.rel.bss .rel.bss.* .rel.gnu.linkonce.b.*)

.rela.bss
 *(.rela.bss .rela.bss.* .rela.gnu.linkonce.b.*)

.rel.ctors
 *(.rel.ctors)

.rela.ctors
 *(.rela.ctors)

.rel.dtors
 *(.rel.dtors)

.rela.dtors
 *(.rela.dtors)

.rel.got
 *(.rel.got)

.rela.got
 *(.rela.got)

.rel.plt
 *(.rel.plt)

.rela.plt
 *(.rela.plt)

.text           0x0000000000004000     0xb4a2
                0x0000000000004000                . = ALIGN (0x2)
 *(.init .init.*)
 *(.init0)
 .init0         0x0000000000004000        0x0 /usr/lib/gcc/msp430/4.6.3/mmpy-16/libcrt0.a(_reset_vector__.o)
                0x0000000000004000                _reset_vector__
 *(.init1)
 .init1         0x0000000000004000        0xc /usr/lib/gcc/msp430/4.6.3/mmpy-16/libcrt0.a(__watchdog_support.o)
                0x0000000000004000                __watchdog_support
 *(.init2)
 .init2         0x000000000000400c        0x4 /usr/lib/gcc/msp430/4.6.3/mmpy-16/libcrt0.a(__init_stack.o)
                0x000000000000400c                __init_stack
 *(.init3)
 .init3         0x0000000000004010        0x0 /usr/lib/gcc/msp430/4.6.3/mmpy-16/libcrt0.a(__low_level_init.o)
                0x0000000000004010                __low_level_init
 *(.init4)
 .init4         0x0000000000004010       0x18 /usr/lib/gcc/msp430/4.6.3/mmpy-16/libcrt0.a(_copy_data.o)
                0x0000000000004010                __do_copy_data
 .init4         0x0000000000004028       0x16 /usr/lib/gcc/msp430/4.6.3/mmpy-16/libcrt0.a(_clear_bss.o)
                0x0000000000004028                __do_clear_bss
 *(.init5)
 *(.init6)
 *(.init7)
 *(.init8)
 *(.init9)
 .init9         0x000000000000403e      0x340 obj_sky/contiki-sky-main.o
                0x000000000000403e                main
 *(.fini9)
 .fini9         0x000000000000437e        0x0 /usr/lib/gcc/msp430/4.6.3/mmpy-16/libcrt0.a(__stop_progExec__.o)
                0x000000000000437e                __stop_progExec__
 *(.fini8)
 *(.fini7)
 *(.fini6)
 *(.fini5)
 *(.fini4)
 *(.fini3)
 *(.fini2)
 *(.fini1)
 *(.fini0)
 .fini0         0x000000000000437e        0x6 /usr/lib/gcc/msp430/4.6.3/mmpy-16/libcrt0.a(_endless_loop__.o)
                0x000000000000437e                _endless_loop__
 *(.fini .fini.*)
                0x0000000000004384                . = ALIGN (0x2)
                0x0000000000004384                __ctors_start = .
 *(.ctors)
                0x0000000000004384                __ctors_end = .
                0x0000000000004384                __dtors_start = .
 *(.dtors)
                0x0000000000004384                __dtors_end = .
                0x0000000000004384                . = ALIGN (0x2)
 *(.text .text.* .gnu.linkonce.t.*)
 .text          0x0000000000004384        0x4 /usr/lib/gcc/msp430/4.6.3/mmpy-16/crt0ivtbl16.o
                0x0000000000004384                __isr_14
                0x0000000000004384                __isr_11
                0x0000000000004384                __isr_2
                0x0000000000004384                __isr_7
                0x0000000000004384                __isr_0
                0x0000000000004384                __isr_8
                0x0000000000004384                __isr_3
                0x0000000000004384                __isr_12
                0x0000000000004384                __isr_13
                0x0000000000004384                __isr_9
 .text.process_thread_blink_process
                0x0000000000004388       0x4a ledmotes.co
 .text.init_platform
                0x00000000000043d2        0xc contiki-sky.a(contiki-sky-pla)
                0x00000000000043d2                init_platform
 .text.status   0x00000000000043de       0x16 contiki-sky.a(button-sensor.o)
 .text.configure
                0x00000000000043f4       0x52 contiki-sky.a(button-sensor.o)
 .text.value    0x0000000000004446       0x22 contiki-sky.a(button-sensor.o)
 .text.irq_p2   0x0000000000004468       0x8a contiki-sky.a(button-sensor.o)
                0x0000000000004468                irq_p2
                0x0000000000004468                __isr_1
 .text.owreadb  0x00000000000044f2       0x52 contiki-sky.a(ds2411.o)
 .text.ds2411_init
                0x0000000000004544      0x122 contiki-sky.a(ds2411.o)
                0x0000000000004544                ds2411_init
 .text.wait_ready
                0x0000000000004666       0x50 contiki-sky.a(xmem.o)
 .text.xmem_init
                0x00000000000046b6       0x3e contiki-sky.a(xmem.o)
                0x00000000000046b6                xmem_init
 .text.xmem_pread
                0x00000000000046f4       0xea contiki-sky.a(xmem.o)
                0x00000000000046f4                xmem_pread
 .text.node_id_restore
                0x00000000000047de       0x38 contiki-sky.a(node-id.o)
                0x00000000000047de                node_id_restore
 .text.process_thread_sensors_process
                0x0000000000004816       0xbe contiki-sky.a(sensors.o)
 .text.sensors_changed
                0x00000000000048d4       0x2a contiki-sky.a(sensors.o)
                0x00000000000048d4                sensors_changed
 .text.get_object
                0x00000000000048fe        0x4 contiki-sky.a(cc2420.o)
 .text.set_object
                0x0000000000004902        0x4 contiki-sky.a(cc2420.o)
 .text.strobe   0x0000000000004906       0x20 contiki-sky.a(cc2420.o)
 .text.getreg   0x0000000000004926       0x54 contiki-sky.a(cc2420.o)
 .text.setreg   0x000000000000497a       0x52 contiki-sky.a(cc2420.o)
 .text.write_ram
                0x00000000000049cc       0x80 contiki-sky.a(cc2420.o)
 .text.write_fifo_buf
                0x0000000000004a4c       0x40 contiki-sky.a(cc2420.o)
 .text.get_status
                0x0000000000004a8c       0x24 contiki-sky.a(cc2420.o)
 .text.set_txpower
                0x0000000000004ab0       0x26 contiki-sky.a(cc2420.o)
 .text.cc2420_receiving_packet
                0x0000000000004ad6        0xe contiki-sky.a(cc2420.o)
 .text.pending_packet
                0x0000000000004ae4        0x8 contiki-sky.a(cc2420.o)
 .text.on       0x0000000000004aec       0x26 contiki-sky.a(cc2420.o)
 .text.wait_for_transmission
                0x0000000000004b12       0x22 contiki-sky.a(cc2420.o)
 .text.wait_for_status
                0x0000000000004b34       0x2a contiki-sky.a(cc2420.o)
 .text.getrxdata
                0x0000000000004b5e       0x56 contiki-sky.a(cc2420.o)
 .text.flushrx  0x0000000000004bb4       0x1a contiki-sky.a(cc2420.o)
 .text.off      0x0000000000004bce       0x62 contiki-sky.a(cc2420.o)
 .text.RELEASE_LOCK
                0x0000000000004c30       0x28 contiki-sky.a(cc2420.o)
 .text.set_key  0x0000000000004c58       0x18 contiki-sky.a(cc2420.o)
 .text.set_frame_filtering
                0x0000000000004c70       0x30 contiki-sky.a(cc2420.o)
 .text.set_auto_ack
                0x0000000000004ca0       0x30 contiki-sky.a(cc2420.o)
 .text.set_poll_mode
                0x0000000000004cd0       0x36 contiki-sky.a(cc2420.o)
 .text.cc2420_prepare
                0x0000000000004d06       0x3c contiki-sky.a(cc2420.o)
 .text.cc2420_on
                0x0000000000004d42       0x22 contiki-sky.a(cc2420.o)
                0x0000000000004d42                cc2420_on
 .text.cc2420_off
                0x0000000000004d64       0x30 contiki-sky.a(cc2420.o)
                0x0000000000004d64                cc2420_off
 .text.cc2420_cca
                0x0000000000004d94       0x5e contiki-sky.a(cc2420.o)
 .text.cc2420_read
                0x0000000000004df2       0xc0 contiki-sky.a(cc2420.o)
 .text.process_thread_cc2420_process
                0x0000000000004eb2       0x58 contiki-sky.a(cc2420.o)
 .text.encrypt  0x0000000000004f0a       0x8e contiki-sky.a(cc2420.o)
 .text.cc2420_set_channel
                0x0000000000004f98       0x3c contiki-sky.a(cc2420.o)
                0x0000000000004f98                cc2420_set_channel
 .text.cc2420_set_pan_addr
                0x0000000000004fd4       0x4c contiki-sky.a(cc2420.o)
                0x0000000000004fd4                cc2420_set_pan_addr
 .text.cc2420_interrupt
                0x0000000000005020       0x18 contiki-sky.a(cc2420.o)
                0x0000000000005020                cc2420_interrupt
 .text.cc2420_set_txpower
                0x0000000000005038        0xe contiki-sky.a(cc2420.o)
                0x0000000000005038                cc2420_set_txpower
 .text.cc2420_get_txpower
                0x0000000000005046       0x1e contiki-sky.a(cc2420.o)
                0x0000000000005046                cc2420_get_txpower
 .text.cc2420_transmit
                0x0000000000005064      0x114 contiki-sky.a(cc2420.o)
 .text.cc2420_send
                0x0000000000005178       0x12 contiki-sky.a(cc2420.o)
 .text.cc2420_rssi
                0x000000000000518a       0x4c contiki-sky.a(cc2420.o)
                0x000000000000518a                cc2420_rssi
 .text.get_value
                0x00000000000051d6      0x108 contiki-sky.a(cc2420.o)
 .text.cc2420_set_cca_threshold
                0x00000000000052de       0x16 contiki-sky.a(cc2420.o)
                0x00000000000052de                cc2420_set_cca_threshold
 .text.set_value
                0x00000000000052f4       0xba contiki-sky.a(cc2420.o)
 .text.cc2420_init
                0x00000000000053ae       0xf0 contiki-sky.a(cc2420.o)
                0x00000000000053ae                cc2420_init
 .text.cc2420_port1_interrupt
                0x000000000000549e       0x62 contiki-sky.a(cc2420-arch.o)
                0x000000000000549e                __isr_4
                0x000000000000549e                cc2420_port1_interrupt
 .text.cc2420_arch_init
                0x0000000000005500       0x1a contiki-sky.a(cc2420-arch.o)
                0x0000000000005500                cc2420_arch_init
 .text.uart1_active
                0x000000000000551a       0x1a contiki-sky.a(uart1.o)
                0x000000000000551a                uart1_active
 .text.uart1_writeb
                0x0000000000005534       0x1a contiki-sky.a(uart1.o)
                0x0000000000005534                uart1_writeb
 .text.uart1_init
                0x000000000000554e       0xf6 contiki-sky.a(uart1.o)
                0x000000000000554e                uart1_init
 .text.putchar  0x0000000000005644       0x10 contiki-sky.a(uart1-putchar.o)
                0x0000000000005644                putchar
 .text.msp430_init_dco
                0x0000000000005654       0x84 contiki-sky.a(msp430.o)
                0x0000000000005654                msp430_init_dco
 .text.msp430_add_lpm_req
                0x00000000000056d8        0xc contiki-sky.a(msp430.o)
                0x00000000000056d8                msp430_add_lpm_req
 .text.msp430_cpu_init
                0x00000000000056e4       0x2a contiki-sky.a(msp430.o)
                0x00000000000056e4                msp430_cpu_init
 .text.splhigh_
                0x000000000000570e        0x8 contiki-sky.a(msp430.o)
                0x000000000000570e                splhigh_
 .text.msp430_sync_dco
                0x0000000000005716       0x68 contiki-sky.a(msp430.o)
                0x0000000000005716                msp430_sync_dco
 .text.timera1  0x000000000000577e      0x11e contiki-sky.a(clock.o)
                0x000000000000577e                __isr_5
                0x000000000000577e                timera1
 .text.clock_time
                0x000000000000589c       0x1a contiki-sky.a(clock.o)
                0x000000000000589c                clock_time
 .text.clock_init
                0x00000000000058b6       0x28 contiki-sky.a(clock.o)
                0x00000000000058b6                clock_init
 .text.clock_delay
                0x00000000000058de        0xc contiki-sky.a(clock.o)
                0x00000000000058de                clock_delay
 .text.clock_seconds
                0x00000000000058ea       0x1a contiki-sky.a(clock.o)
                0x00000000000058ea                clock_seconds
 .text.show_leds
                0x0000000000005904       0xf6 contiki-sky.a(leds.o)
 .text.leds_init
                0x00000000000059fa        0xa contiki-sky.a(leds.o)
                0x00000000000059fa                leds_init
 .text.leds_on  0x0000000000005a04        0xa contiki-sky.a(leds.o)
                0x0000000000005a04                leds_on
 .text.leds_off
                0x0000000000005a0e        0xe contiki-sky.a(leds.o)
                0x0000000000005a0e                leds_off
 .text.leds_toggle
                0x0000000000005a1c        0xa contiki-sky.a(leds.o)
                0x0000000000005a1c                leds_toggle
 .text.leds_arch_init
                0x0000000000005a26        0xe contiki-sky.a(leds-arch.o)
                0x0000000000005a26                leds_arch_init
 .text.leds_arch_set
                0x0000000000005a34       0x3a contiki-sky.a(leds-arch.o)
                0x0000000000005a34                leds_arch_set
 .text.watchdog_interrupt
                0x0000000000005a6e        0x6 contiki-sky.a(watchdog.o)
                0x0000000000005a6e                __isr_10
                0x0000000000005a6e                watchdog_interrupt
 .text.watchdog_start
                0x0000000000005a74       0x14 contiki-sky.a(watchdog.o)
                0x0000000000005a74                watchdog_start
 .text.watchdog_periodic
                0x0000000000005a88       0x12 contiki-sky.a(watchdog.o)
                0x0000000000005a88                watchdog_periodic
 .text.watchdog_stop
                0x0000000000005a9a       0x16 contiki-sky.a(watchdog.o)
                0x0000000000005a9a                watchdog_stop
 .text.watchdog_init
                0x0000000000005ab0       0x14 contiki-sky.a(watchdog.o)
                0x0000000000005ab0                watchdog_init
 .text.rtimer_arch_init
                0x0000000000005ac4        0xe contiki-sky.a(rtimer-arch.o)
                0x0000000000005ac4                rtimer_arch_init
 .text.rtimer_arch_now
                0x0000000000005ad2        0xe contiki-sky.a(rtimer-arch.o)
                0x0000000000005ad2                rtimer_arch_now
 .text.timera0  0x0000000000005ae0       0x70 contiki-sky.a(rtimer-arch.o)
                0x0000000000005ae0                __isr_6
                0x0000000000005ae0                timera0
 .text.rtimer_arch_schedule
                0x0000000000005b50        0x6 contiki-sky.a(rtimer-arch.o)
                0x0000000000005b50                rtimer_arch_schedule
 .text.process_thread_ctimer_process
                0x0000000000005b56       0xa4 contiki-sky.a(ctimer.o)
 .text.ctimer_init
                0x0000000000005bfa       0x18 contiki-sky.a(ctimer.o)
                0x0000000000005bfa                ctimer_init
 .text.ctimer_set_with_process
                0x0000000000005c12       0x4e contiki-sky.a(ctimer.o)
                0x0000000000005c12                ctimer_set_with_process
 .text.ctimer_set
                0x0000000000005c60       0x10 contiki-sky.a(ctimer.o)
                0x0000000000005c60                ctimer_set
 .text.ctimer_reset
                0x0000000000005c70       0x30 contiki-sky.a(ctimer.o)
                0x0000000000005c70                ctimer_reset
 .text.ctimer_restart
                0x0000000000005ca0       0x30 contiki-sky.a(ctimer.o)
                0x0000000000005ca0                ctimer_restart
 .text.ctimer_stop
                0x0000000000005cd0       0x28 contiki-sky.a(ctimer.o)
                0x0000000000005cd0                ctimer_stop
 .text.autostart_start
                0x0000000000005cf8       0x16 contiki-sky.a(autostart.o)
                0x0000000000005cf8                autostart_start
 .text.energest_init
                0x0000000000005d0e       0x28 contiki-sky.a(energest.o)
                0x0000000000005d0e                energest_init
 .text.energest_type_time
                0x0000000000005d36       0x46 contiki-sky.a(energest.o)
                0x0000000000005d36                energest_type_time
 .text.energest_type_set
                0x0000000000005d7c        0xe contiki-sky.a(energest.o)
                0x0000000000005d7c                energest_type_set
 .text.energest_flush
                0x0000000000005d8a       0x48 contiki-sky.a(energest.o)
                0x0000000000005d8a                energest_flush
 .text.update_time
                0x0000000000005dd2       0x78 contiki-sky.a(etimer.o)
 .text.etimer_request_poll
                0x0000000000005e4a        0xa contiki-sky.a(etimer.o)
                0x0000000000005e4a                etimer_request_poll
 .text.process_thread_etimer_process
                0x0000000000005e54       0xc8 contiki-sky.a(etimer.o)
 .text.add_timer
                0x0000000000005f1c       0x40 contiki-sky.a(etimer.o)
 .text.etimer_set
                0x0000000000005f5c       0x12 contiki-sky.a(etimer.o)
                0x0000000000005f5c                etimer_set
 .text.etimer_reset
                0x0000000000005f6e       0x12 contiki-sky.a(etimer.o)
                0x0000000000005f6e                etimer_reset
 .text.etimer_restart
                0x0000000000005f80       0x12 contiki-sky.a(etimer.o)
                0x0000000000005f80                etimer_restart
 .text.etimer_expired
                0x0000000000005f92        0xe contiki-sky.a(etimer.o)
                0x0000000000005f92                etimer_expired
 .text.etimer_expiration_time
                0x0000000000005fa0       0x14 contiki-sky.a(etimer.o)
                0x0000000000005fa0                etimer_expiration_time
 .text.etimer_pending
                0x0000000000005fb4        0xc contiki-sky.a(etimer.o)
                0x0000000000005fb4                etimer_pending
 .text.etimer_next_expiration_time
                0x0000000000005fc0       0x16 contiki-sky.a(etimer.o)
                0x0000000000005fc0                etimer_next_expiration_time
 .text.etimer_stop
                0x0000000000005fd6       0x3c contiki-sky.a(etimer.o)
                0x0000000000005fd6                etimer_stop
 .text.call_process
                0x0000000000006012       0x4a contiki-sky.a(process.o)
 .text.exit_process
                0x000000000000605c       0x96 contiki-sky.a(process.o)
 .text.do_poll  0x00000000000060f2       0x30 contiki-sky.a(process.o)
 .text.process_alloc_event
                0x0000000000006122        0xe contiki-sky.a(process.o)
                0x0000000000006122                process_alloc_event
 .text.process_init
                0x0000000000006130       0x1c contiki-sky.a(process.o)
                0x0000000000006130                process_init
 .text.process_run
                0x000000000000614c       0x92 contiki-sky.a(process.o)
                0x000000000000614c                process_run
 .text.process_nevents
                0x00000000000061de        0xe contiki-sky.a(process.o)
                0x00000000000061de                process_nevents
 .text.process_post
                0x00000000000061ec       0x4e contiki-sky.a(process.o)
                0x00000000000061ec                process_post
 .text.process_post_synch
                0x000000000000623a       0x12 contiki-sky.a(process.o)
                0x000000000000623a                process_post_synch
 .text.process_start
                0x000000000000624c       0x32 contiki-sky.a(process.o)
                0x000000000000624c                process_start
 .text.process_poll
                0x000000000000627e       0x18 contiki-sky.a(process.o)
                0x000000000000627e                process_poll
 .text.rtimer_init
                0x0000000000006296        0x6 contiki-sky.a(rtimer.o)
                0x0000000000006296                rtimer_init
 .text.rtimer_set
                0x000000000000629c       0x24 contiki-sky.a(rtimer.o)
                0x000000000000629c                rtimer_set
 .text.rtimer_run_next
                0x00000000000062c0       0x26 contiki-sky.a(rtimer.o)
                0x00000000000062c0                rtimer_run_next
 .text.timer_set
                0x00000000000062e6       0x1c contiki-sky.a(timer.o)
                0x00000000000062e6                timer_set
 .text.timer_reset
                0x0000000000006302        0xe contiki-sky.a(timer.o)
                0x0000000000006302                timer_reset
 .text.timer_restart
                0x0000000000006310       0x14 contiki-sky.a(timer.o)
                0x0000000000006310                timer_restart
 .text.timer_expired
                0x0000000000006324       0x2a contiki-sky.a(timer.o)
                0x0000000000006324                timer_expired
 .text.list_init
                0x000000000000634e        0x6 contiki-sky.a(list.o)
                0x000000000000634e                list_init
 .text.list_head
                0x0000000000006354        0x4 contiki-sky.a(list.o)
                0x0000000000006354                list_head
 .text.list_tail
                0x0000000000006358       0x12 contiki-sky.a(list.o)
                0x0000000000006358                list_tail
 .text.list_remove
                0x000000000000636a       0x34 contiki-sky.a(list.o)
                0x000000000000636a                list_remove
 .text.list_push
                0x000000000000639e       0x1a contiki-sky.a(list.o)
                0x000000000000639e                list_push
 .text.list_add
                0x00000000000063b8       0x2a contiki-sky.a(list.o)
                0x00000000000063b8                list_add
 .text.list_length
                0x00000000000063e2       0x10 contiki-sky.a(list.o)
                0x00000000000063e2                list_length
 .text.list_item_next
                0x00000000000063f2        0xc contiki-sky.a(list.o)
                0x00000000000063f2                list_item_next
 .text.random_init
                0x00000000000063fe        0x6 contiki-sky.a(random.o)
                0x00000000000063fe                random_init
 .text.random_rand
                0x0000000000006404        0x6 contiki-sky.a(random.o)
                0x0000000000006404                random_rand
 .text.uip_ds6_list_loop
                0x000000000000640a       0x86 contiki-sky.a(uip-ds6.o)
                0x000000000000640a                uip_ds6_list_loop
 .text.uip_ds6_prefix_add
                0x0000000000006490       0x80 contiki-sky.a(uip-ds6.o)
                0x0000000000006490                uip_ds6_prefix_add
 .text.uip_ds6_is_addr_onlink
                0x0000000000006510       0x54 contiki-sky.a(uip-ds6.o)
                0x0000000000006510                uip_ds6_is_addr_onlink
 .text.uip_ds6_addr_lookup
                0x0000000000006564       0x2a contiki-sky.a(uip-ds6.o)
                0x0000000000006564                uip_ds6_addr_lookup
 .text.uip_ds6_get_link_local
                0x000000000000658e       0x3e contiki-sky.a(uip-ds6.o)
                0x000000000000658e                uip_ds6_get_link_local
 .text.uip_ds6_maddr_add
                0x00000000000065cc       0x4c contiki-sky.a(uip-ds6.o)
                0x00000000000065cc                uip_ds6_maddr_add
 .text.uip_ds6_addr_add
                0x0000000000006618       0xc4 contiki-sky.a(uip-ds6.o)
                0x0000000000006618                uip_ds6_addr_add
 .text.uip_ds6_maddr_lookup
                0x00000000000066dc       0x2a contiki-sky.a(uip-ds6.o)
                0x00000000000066dc                uip_ds6_maddr_lookup
 .text.uip_ds6_addr_rm
                0x0000000000006706       0x54 contiki-sky.a(uip-ds6.o)
                0x0000000000006706                uip_ds6_addr_rm
 .text.uip_ds6_periodic
                0x000000000000675a       0x46 contiki-sky.a(uip-ds6.o)
                0x000000000000675a                uip_ds6_periodic
 .text.uip_ds6_set_addr_iid
                0x00000000000067a0       0x14 contiki-sky.a(uip-ds6.o)
                0x00000000000067a0                uip_ds6_set_addr_iid
 .text.get_match_length
                0x00000000000067b4       0x3e contiki-sky.a(uip-ds6.o)
                0x00000000000067b4                get_match_length
 .text.uip_ds6_select_src
                0x00000000000067f2       0xaa contiki-sky.a(uip-ds6.o)
                0x00000000000067f2                uip_ds6_select_src
 .text.uip_ds6_compute_reachable_time
                0x000000000000689c       0x3e contiki-sky.a(uip-ds6.o)
                0x000000000000689c                uip_ds6_compute_reachable_time
 .text.uip_ds6_init
                0x00000000000068da      0x154 contiki-sky.a(uip-ds6.o)
                0x00000000000068da                uip_ds6_init
 .text.call_route_callback
                0x0000000000006a2e       0x4c contiki-sky.a(uip-ds6-route.o)
 .text.uip_ds6_route_init
                0x0000000000006a7a       0x36 contiki-sky.a(uip-ds6-route.o)
                0x0000000000006a7a                uip_ds6_route_init
 .text.uip_ds6_route_nexthop
                0x0000000000006ab0       0x1a contiki-sky.a(uip-ds6-route.o)
                0x0000000000006ab0                uip_ds6_route_nexthop
 .text.uip_ds6_route_head
                0x0000000000006aca        0xa contiki-sky.a(uip-ds6-route.o)
                0x0000000000006aca                uip_ds6_route_head
 .text.uip_ds6_route_next
                0x0000000000006ad4        0xe contiki-sky.a(uip-ds6-route.o)
                0x0000000000006ad4                uip_ds6_route_next
 .text.uip_ds6_route_is_nexthop
                0x0000000000006ae2       0x1e contiki-sky.a(uip-ds6-route.o)
                0x0000000000006ae2                uip_ds6_route_is_nexthop
 .text.uip_ds6_route_lookup
                0x0000000000006b00       0x8c contiki-sky.a(uip-ds6-route.o)
                0x0000000000006b00                uip_ds6_route_lookup
 .text.uip_ds6_route_rm
                0x0000000000006b8c       0xa4 contiki-sky.a(uip-ds6-route.o)
                0x0000000000006b8c                uip_ds6_route_rm
 .text.rm_routelist
                0x0000000000006c30       0x34 contiki-sky.a(uip-ds6-route.o)
 .text.rm_routelist_callback
                0x0000000000006c64        0x6 contiki-sky.a(uip-ds6-route.o)
 .text.uip_ds6_route_add
                0x0000000000006c6a      0x110 contiki-sky.a(uip-ds6-route.o)
                0x0000000000006c6a                uip_ds6_route_add
 .text.uip_ds6_defrt_rm
                0x0000000000006d7a       0x48 contiki-sky.a(uip-ds6-route.o)
                0x0000000000006d7a                uip_ds6_defrt_rm
 .text.uip_ds6_defrt_lookup
                0x0000000000006dc2       0x36 contiki-sky.a(uip-ds6-route.o)
                0x0000000000006dc2                uip_ds6_defrt_lookup
 .text.uip_ds6_defrt_add
                0x0000000000006df8       0x74 contiki-sky.a(uip-ds6-route.o)
                0x0000000000006df8                uip_ds6_defrt_add
 .text.uip_ds6_defrt_choose
                0x0000000000006e6c       0x3a contiki-sky.a(uip-ds6-route.o)
                0x0000000000006e6c                uip_ds6_defrt_choose
 .text.uip_ds6_defrt_periodic
                0x0000000000006ea6       0x38 contiki-sky.a(uip-ds6-route.o)
                0x0000000000006ea6                uip_ds6_defrt_periodic
 .text.chksum   0x0000000000006ede       0x32 contiki-sky.a(uip6.o)
 .text.upper_layer_chksum
                0x0000000000006f10       0x56 contiki-sky.a(uip6.o)
 .text.ext_hdr_options_process
                0x0000000000006f66       0xda contiki-sky.a(uip6.o)
 .text.uip_add32
                0x0000000000007040       0x68 contiki-sky.a(uip6.o)
                0x0000000000007040                uip_add32
 .text.unlikely.uip_add_rcv_nxt
                0x00000000000070a8       0x2e contiki-sky.a(uip6.o)
 .text.uip_icmp6chksum
                0x00000000000070d6        0xa contiki-sky.a(uip6.o)
                0x00000000000070d6                uip_icmp6chksum
 .text.uip_tcpchksum
                0x00000000000070e0        0xa contiki-sky.a(uip6.o)
                0x00000000000070e0                uip_tcpchksum
 .text.uip_udpchksum
                0x00000000000070ea        0xa contiki-sky.a(uip6.o)
                0x00000000000070ea                uip_udpchksum
 .text.uip_init
                0x00000000000070f4       0x56 contiki-sky.a(uip6.o)
                0x00000000000070f4                uip_init
 .text.remove_ext_hdr
                0x000000000000714a       0x56 contiki-sky.a(uip6.o)
                0x000000000000714a                remove_ext_hdr
 .text.uip_unlisten
                0x00000000000071a0       0x1e contiki-sky.a(uip6.o)
                0x00000000000071a0                uip_unlisten
 .text.uip_process
                0x00000000000071be      0xe18 contiki-sky.a(uip6.o)
                0x00000000000071be                uip_process
 .text.uip_htonl
                0x0000000000007fd6       0x2e contiki-sky.a(uip6.o)
                0x0000000000007fd6                uip_htonl
 .text.uip_ds6_nbr_rm
                0x0000000000008004       0x1e contiki-sky.a(uip-ds6-nbr.o)
                0x0000000000008004                uip_ds6_nbr_rm
 .text.uip_ds6_neighbors_init
                0x0000000000008022       0x12 contiki-sky.a(uip-ds6-nbr.o)
                0x0000000000008022                uip_ds6_neighbors_init
 .text.uip_ds6_nbr_add
                0x0000000000008034       0x3e contiki-sky.a(uip-ds6-nbr.o)
                0x0000000000008034                uip_ds6_nbr_add
 .text.uip_ds6_nbr_get_ll
                0x0000000000008072        0xc contiki-sky.a(uip-ds6-nbr.o)
                0x0000000000008072                uip_ds6_nbr_get_ll
 .text.uip_ds6_nbr_lookup
                0x000000000000807e       0x42 contiki-sky.a(uip-ds6-nbr.o)
                0x000000000000807e                uip_ds6_nbr_lookup
 .text.uip_ds6_nbr_ll_lookup
                0x00000000000080c0        0xc contiki-sky.a(uip-ds6-nbr.o)
                0x00000000000080c0                uip_ds6_nbr_ll_lookup
 .text.uip_ds6_nbr_ipaddr_from_lladdr
                0x00000000000080cc        0x6 contiki-sky.a(uip-ds6-nbr.o)
                0x00000000000080cc                uip_ds6_nbr_ipaddr_from_lladdr
 .text.uip_ds6_nbr_lladdr_from_ipaddr
                0x00000000000080d2       0x12 contiki-sky.a(uip-ds6-nbr.o)
                0x00000000000080d2                uip_ds6_nbr_lladdr_from_ipaddr
 .text.uip_ds6_link_neighbor_callback
                0x00000000000080e4       0x36 contiki-sky.a(uip-ds6-nbr.o)
                0x00000000000080e4                uip_ds6_link_neighbor_callback
 .text.ns_input
                0x000000000000811a      0x266 contiki-sky.a(uip-nd6.o)
 .text.uip_nd6_init
                0x0000000000008380        0xa contiki-sky.a(uip-nd6.o)
                0x0000000000008380                uip_nd6_init
 .text.clear_fragments
                0x000000000000838a       0x42 contiki-sky.a(sicslowpan.o)
 .text.set_packet_attrs
                0x00000000000083cc       0x44 contiki-sky.a(sicslowpan.o)
 .text.addr_context_lookup_by_number
                0x0000000000008410       0x36 contiki-sky.a(sicslowpan.o)
 .text.compress_addr_64
                0x0000000000008446       0xae contiki-sky.a(sicslowpan.o)
 .text.store_fragment
                0x00000000000084f4       0xc8 contiki-sky.a(sicslowpan.o)
 .text.add_fragment
                0x00000000000085bc      0x1ee contiki-sky.a(sicslowpan.o)
 .text.uncompress_addr
                0x00000000000087aa       0xb4 contiki-sky.a(sicslowpan.o)
 .text.input    0x000000000000885e      0x6f0 contiki-sky.a(sicslowpan.o)
 .text.sicslowpan_init
                0x0000000000008f4e       0x24 contiki-sky.a(sicslowpan.o)
                0x0000000000008f4e                sicslowpan_init
 .text.addr_context_lookup_by_prefix
                0x0000000000008f72       0x4c contiki-sky.a(sicslowpan.o)
 .text.send_packet
                0x0000000000008fbe       0x1a contiki-sky.a(sicslowpan.o)
 .text.output   0x0000000000008fd8      0x6d0 contiki-sky.a(sicslowpan.o)
 .text.packet_sent
                0x00000000000096a8       0x22 contiki-sky.a(sicslowpan.o)
 .text.start_periodic_tcp_timer
                0x00000000000096ca       0x16 contiki-sky.a(tcpip.o)
 .text.tcpip_output
                0x00000000000096e0       0x10 contiki-sky.a(tcpip.o)
                0x00000000000096e0                tcpip_output
 .text.tcpip_set_outputfunc
                0x00000000000096f0        0x6 contiki-sky.a(tcpip.o)
                0x00000000000096f0                tcpip_set_outputfunc
 .text.tcpip_input
                0x00000000000096f6       0x16 contiki-sky.a(tcpip.o)
                0x00000000000096f6                tcpip_input
 .text.tcpip_ipv6_output
                0x000000000000970c       0xc0 contiki-sky.a(tcpip.o)
                0x000000000000970c                tcpip_ipv6_output
 .text.process_thread_tcpip_process
                0x00000000000097cc      0x1b6 contiki-sky.a(tcpip.o)
 .text.tcpip_uipcall
                0x0000000000009982       0x64 contiki-sky.a(tcpip.o)
                0x0000000000009982                tcpip_uipcall
 .text.uip_debug_ipaddr_print
                0x00000000000099e6       0xc6 contiki-sky.a(uip-debug.o)
                0x00000000000099e6                uip_debug_ipaddr_print
 .text.update_hbh_header
                0x0000000000009aac       0xcc contiki-sky.a(rpl-ext-header.)
 .text.insert_hbh_header
                0x0000000000009b78       0x9c contiki-sky.a(rpl-ext-header.)
 .text.rpl_verify_hbh_header
                0x0000000000009c14      0x104 contiki-sky.a(rpl-ext-header.)
                0x0000000000009c14                rpl_verify_hbh_header
 .text.rpl_remove_header
                0x0000000000009d18       0x7a contiki-sky.a(rpl-ext-header.)
                0x0000000000009d18                rpl_remove_header
 .text.rpl_update_header
                0x0000000000009d92       0x64 contiki-sky.a(rpl-ext-header.)
                0x0000000000009d92                rpl_update_header
 .text.rpl_get_mode
                0x0000000000009df6        0x6 contiki-sky.a(rpl.o)
                0x0000000000009df6                rpl_get_mode
 .text.rpl_purge_routes
                0x0000000000009dfc       0x94 contiki-sky.a(rpl.o)
                0x0000000000009dfc                rpl_purge_routes
 .text.rpl_remove_routes
                0x0000000000009e90       0x22 contiki-sky.a(rpl.o)
                0x0000000000009e90                rpl_remove_routes
 .text.rpl_remove_routes_by_nexthop
                0x0000000000009eb2       0x46 contiki-sky.a(rpl.o)
                0x0000000000009eb2                rpl_remove_routes_by_nexthop
 .text.rpl_add_route
                0x0000000000009ef8       0x52 contiki-sky.a(rpl.o)
                0x0000000000009ef8                rpl_add_route
 .text.rpl_link_neighbor_callback
                0x0000000000009f4a       0x4c contiki-sky.a(rpl.o)
                0x0000000000009f4a                rpl_link_neighbor_callback
 .text.rpl_ipv6_neighbor_callback
                0x0000000000009f96       0x1e contiki-sky.a(rpl.o)
                0x0000000000009f96                rpl_ipv6_neighbor_callback
 .text.rpl_purge_dags
                0x0000000000009fb4       0x6e contiki-sky.a(rpl.o)
                0x0000000000009fb4                rpl_purge_dags
 .text.rpl_init
                0x000000000000a022       0x44 contiki-sky.a(rpl.o)
                0x000000000000a022                rpl_init
 .text.prepare_for_dao_fwd
                0x000000000000a066       0x28 contiki-sky.a(rpl-icmp6.o)
 .text.get32    0x000000000000a08e       0x46 contiki-sky.a(rpl-icmp6.o)
 .text.set32    0x000000000000a0d4       0x2a contiki-sky.a(rpl-icmp6.o)
 .text.get16    0x000000000000a0fe        0xe contiki-sky.a(rpl-icmp6.o)
 .text.set16    0x000000000000a10c       0x10 contiki-sky.a(rpl-icmp6.o)
 .text.dao_ack_input
                0x000000000000a11c        0xa contiki-sky.a(rpl-icmp6.o)
 .text.dio_input
                0x000000000000a126      0x2aa contiki-sky.a(rpl-icmp6.o)
 .text.rpl_icmp6_update_nbr_table
                0x000000000000a3d0       0x30 contiki-sky.a(rpl-icmp6.o)
                0x000000000000a3d0                rpl_icmp6_update_nbr_table
 .text.dao_input
                0x000000000000a400      0x29a contiki-sky.a(rpl-icmp6.o)
 .text.dis_output
                0x000000000000a69a       0x50 contiki-sky.a(rpl-icmp6.o)
                0x000000000000a69a                dis_output
 .text.dio_output
                0x000000000000a6ea      0x276 contiki-sky.a(rpl-icmp6.o)
                0x000000000000a6ea                dio_output
 .text.dis_input
                0x000000000000a960       0x3e contiki-sky.a(rpl-icmp6.o)
 .text.dao_output_target
                0x000000000000a99e      0x114 contiki-sky.a(rpl-icmp6.o)
                0x000000000000a99e                dao_output_target
 .text.dao_output
                0x000000000000aab2       0xb2 contiki-sky.a(rpl-icmp6.o)
                0x000000000000aab2                dao_output
 .text.rpl_icmp6_register_handlers
                0x000000000000ab64       0x22 contiki-sky.a(rpl-icmp6.o)
                0x000000000000ab64                rpl_icmp6_register_handlers
 .text.lollipop_greater_than
                0x000000000000ab86       0x44 contiki-sky.a(rpl-dag.o)
 .text.acceptable_rank
                0x000000000000abca       0x50 contiki-sky.a(rpl-dag.o)
 .text.find_parent_any_dag_any_instance
                0x000000000000ac1a       0x14 contiki-sky.a(rpl-dag.o)
 .text.rpl_set_preferred_parent
                0x000000000000ac2e       0x30 contiki-sky.a(rpl-dag.o)
 .text.set_ip_from_prefix
                0x000000000000ac5e       0x38 contiki-sky.a(rpl-dag.o)
 .text.check_prefix
                0x000000000000ac96       0x80 contiki-sky.a(rpl-dag.o)
 .text.rpl_dag_init
                0x000000000000ad16        0xe contiki-sky.a(rpl-dag.o)
                0x000000000000ad16                rpl_dag_init
 .text.rpl_get_parent
                0x000000000000ad24        0xc contiki-sky.a(rpl-dag.o)
                0x000000000000ad24                rpl_get_parent
 .text.rpl_rank_via_parent
                0x000000000000ad30       0x2e contiki-sky.a(rpl-dag.o)
                0x000000000000ad30                rpl_rank_via_parent
 .text.rpl_get_parent_lladdr
                0x000000000000ad5e        0xc contiki-sky.a(rpl-dag.o)
                0x000000000000ad5e                rpl_get_parent_lladdr
 .text.rpl_get_parent_ipaddr
                0x000000000000ad6a        0xa contiki-sky.a(rpl-dag.o)
                0x000000000000ad6a                rpl_get_parent_ipaddr
 .text.rpl_get_parent_link_stats
                0x000000000000ad74        0xa contiki-sky.a(rpl-dag.o)
                0x000000000000ad74                rpl_get_parent_link_stats
 .text.rpl_parent_is_fresh
                0x000000000000ad7e        0xa contiki-sky.a(rpl-dag.o)
                0x000000000000ad7e                rpl_parent_is_fresh
 .text.best_parent
                0x000000000000ad88       0x80 contiki-sky.a(rpl-dag.o)
 .text.rpl_parent_is_reachable
                0x000000000000ae08       0x46 contiki-sky.a(rpl-dag.o)
                0x000000000000ae08                rpl_parent_is_reachable
 .text.rpl_set_prefix
                0x000000000000ae4e       0x8e contiki-sky.a(rpl-dag.o)
                0x000000000000ae4e                rpl_set_prefix
 .text.rpl_set_default_route
                0x000000000000aedc       0x3e contiki-sky.a(rpl-dag.o)
                0x000000000000aedc                rpl_set_default_route
 .text.rpl_alloc_instance
                0x000000000000af1a       0x34 contiki-sky.a(rpl-dag.o)
                0x000000000000af1a                rpl_alloc_instance
 .text.rpl_add_parent
                0x000000000000af4e       0x3e contiki-sky.a(rpl-dag.o)
                0x000000000000af4e                rpl_add_parent
 .text.rpl_find_parent
                0x000000000000af8c       0x18 contiki-sky.a(rpl-dag.o)
                0x000000000000af8c                rpl_find_parent
 .text.rpl_find_parent_any_dag
                0x000000000000afa4       0x20 contiki-sky.a(rpl-dag.o)
                0x000000000000afa4                rpl_find_parent_any_dag
 .text.rpl_select_parent
                0x000000000000afc4       0x66 contiki-sky.a(rpl-dag.o)
                0x000000000000afc4                rpl_select_parent
 .text.rpl_select_dag
                0x000000000000b02a      0x17e contiki-sky.a(rpl-dag.o)
                0x000000000000b02a                rpl_select_dag
 .text.rpl_nullify_parent
                0x000000000000b1a8       0x60 contiki-sky.a(rpl-dag.o)
                0x000000000000b1a8                rpl_nullify_parent
 .text.rpl_remove_parent
                0x000000000000b208       0x16 contiki-sky.a(rpl-dag.o)
                0x000000000000b208                rpl_remove_parent
 .text.nbr_callback
                0x000000000000b21e        0x6 contiki-sky.a(rpl-dag.o)
 .text.remove_parents.constprop.3
                0x000000000000b224       0x30 contiki-sky.a(rpl-dag.o)
 .text.rpl_free_dag
                0x000000000000b254       0x44 contiki-sky.a(rpl-dag.o)
                0x000000000000b254                rpl_free_dag
 .text.rpl_move_parent
                0x000000000000b298       0x68 contiki-sky.a(rpl-dag.o)
                0x000000000000b298                rpl_move_parent
 .text.rpl_get_dag
                0x000000000000b300       0x86 contiki-sky.a(rpl-dag.o)
                0x000000000000b300                rpl_get_dag
 .text.rpl_get_any_dag
                0x000000000000b386       0x18 contiki-sky.a(rpl-dag.o)
                0x000000000000b386                rpl_get_any_dag
 .text.rpl_get_instance
                0x000000000000b39e       0x1a contiki-sky.a(rpl-dag.o)
                0x000000000000b39e                rpl_get_instance
 .text.rpl_alloc_dag
                0x000000000000b3b8       0x60 contiki-sky.a(rpl-dag.o)
                0x000000000000b3b8                rpl_alloc_dag
 .text.rpl_repair_root
                0x000000000000b418       0x50 contiki-sky.a(rpl-dag.o)
                0x000000000000b418                rpl_repair_root
 .text.rpl_find_of
                0x000000000000b468       0x10 contiki-sky.a(rpl-dag.o)
                0x000000000000b468                rpl_find_of
 .text.rpl_join_instance
                0x000000000000b478      0x158 contiki-sky.a(rpl-dag.o)
                0x000000000000b478                rpl_join_instance
 .text.rpl_local_repair
                0x000000000000b5d0       0x9a contiki-sky.a(rpl-dag.o)
                0x000000000000b5d0                rpl_local_repair
 .text.rpl_process_parent_event
                0x000000000000b66a       0x8e contiki-sky.a(rpl-dag.o)
                0x000000000000b66a                rpl_process_parent_event
 .text.rpl_recalculate_ranks
                0x000000000000b6f8       0x46 contiki-sky.a(rpl-dag.o)
                0x000000000000b6f8                rpl_recalculate_ranks
 .text.rpl_add_dag
                0x000000000000b73e      0x114 contiki-sky.a(rpl-dag.o)
                0x000000000000b73e                rpl_add_dag
 .text.rpl_process_dio
                0x000000000000b852      0x332 contiki-sky.a(rpl-dag.o)
                0x000000000000b852                rpl_process_dio
 .text.parse    0x000000000000bb84       0xa6 contiki-sky.a(framer-802154.o)
 .text.create_frame.isra.0
                0x000000000000bc2a      0x118 contiki-sky.a(framer-802154.o)
 .text.create   0x000000000000bd42        0x8 contiki-sky.a(framer-802154.o)
 .text.hdr_length
                0x000000000000bd4a        0x8 contiki-sky.a(framer-802154.o)
 .text.frame802154_get_pan_id
                0x000000000000bd52        0x6 contiki-sky.a(frame802154.o)
                0x000000000000bd52                frame802154_get_pan_id
 .text.frame802154_has_panid
                0x000000000000bd58       0xdc contiki-sky.a(frame802154.o)
                0x000000000000bd58                frame802154_has_panid
 .text.field_len
                0x000000000000be34       0xb2 contiki-sky.a(frame802154.o)
 .text.frame802154_is_broadcast_addr
                0x000000000000bee6       0x24 contiki-sky.a(frame802154.o)
                0x000000000000bee6                frame802154_is_broadcast_addr
 .text.frame802154_hdrlen
                0x000000000000bf0a       0x32 contiki-sky.a(frame802154.o)
                0x000000000000bf0a                frame802154_hdrlen
 .text.frame802154_create_fcf
                0x000000000000bf3c       0x96 contiki-sky.a(frame802154.o)
                0x000000000000bf3c                frame802154_create_fcf
 .text.frame802154_create
                0x000000000000bfd2       0xe4 contiki-sky.a(frame802154.o)
                0x000000000000bfd2                frame802154_create
 .text.frame802154_parse_fcf
                0x000000000000c0b6       0xbe contiki-sky.a(frame802154.o)
                0x000000000000c0b6                frame802154_parse_fcf
 .text.frame802154_parse
                0x000000000000c174      0x18c contiki-sky.a(frame802154.o)
                0x000000000000c174                frame802154_parse
 .text.input_packet
                0x000000000000c300        0x6 contiki-sky.a(csma.o)
 .text.on       0x000000000000c306        0x6 contiki-sky.a(csma.o)
 .text.off      0x000000000000c30c        0x6 contiki-sky.a(csma.o)
 .text.channel_check_interval
                0x000000000000c312       0x10 contiki-sky.a(csma.o)
 .text.transmit_packet_list
                0x000000000000c322       0x24 contiki-sky.a(csma.o)
 .text.schedule_transmission
                0x000000000000c346       0x96 contiki-sky.a(csma.o)
 .text.send_packet
                0x000000000000c3dc      0x164 contiki-sky.a(csma.o)
 .text.init     0x000000000000c540       0x1a contiki-sky.a(csma.o)
 .text.tx_done  0x000000000000c55a       0x9a contiki-sky.a(csma.o)
 .text.packet_sent
                0x000000000000c5f4       0xd2 contiki-sky.a(csma.o)
 .text.queuebuf_init
                0x000000000000c6c6       0x12 contiki-sky.a(queuebuf.o)
                0x000000000000c6c6                queuebuf_init
 .text.queuebuf_numfree
                0x000000000000c6d8        0xa contiki-sky.a(queuebuf.o)
                0x000000000000c6d8                queuebuf_numfree
 .text.queuebuf_new_from_packetbuf
                0x000000000000c6e2       0x52 contiki-sky.a(queuebuf.o)
                0x000000000000c6e2                queuebuf_new_from_packetbuf
 .text.queuebuf_update_attr_from_packetbuf
                0x000000000000c734       0x12 contiki-sky.a(queuebuf.o)
                0x000000000000c734                queuebuf_update_attr_from_packetbuf
 .text.queuebuf_update_from_packetbuf
                0x000000000000c746       0x22 contiki-sky.a(queuebuf.o)
                0x000000000000c746                queuebuf_update_from_packetbuf
 .text.queuebuf_free
                0x000000000000c768       0x2a contiki-sky.a(queuebuf.o)
                0x000000000000c768                queuebuf_free
 .text.queuebuf_to_packetbuf
                0x000000000000c792       0x32 contiki-sky.a(queuebuf.o)
                0x000000000000c792                queuebuf_to_packetbuf
 .text.queuebuf_attr
                0x000000000000c7c4        0xe contiki-sky.a(queuebuf.o)
                0x000000000000c7c4                queuebuf_attr
 .text.index_from_key
                0x000000000000c7d2       0x48 contiki-sky.a(nbr-table.o)
 .text.item_from_key
                0x000000000000c81a       0x34 contiki-sky.a(nbr-table.o)
 .text.nbr_set_bit
                0x000000000000c84e       0x8e contiki-sky.a(nbr-table.o)
 .text.index_from_lladdr
                0x000000000000c8dc       0x42 contiki-sky.a(nbr-table.o)
 .text.nbr_get_bit.constprop.0
                0x000000000000c91e       0x62 contiki-sky.a(nbr-table.o)
 .text.remove_key
                0x000000000000c980       0x60 contiki-sky.a(nbr-table.o)
 .text.nbr_table_register
                0x000000000000c9e0       0x28 contiki-sky.a(nbr-table.o)
                0x000000000000c9e0                nbr_table_register
 .text.nbr_table_next
                0x000000000000ca08       0x90 contiki-sky.a(nbr-table.o)
                0x000000000000ca08                nbr_table_next
 .text.nbr_table_head
                0x000000000000ca98       0x36 contiki-sky.a(nbr-table.o)
                0x000000000000ca98                nbr_table_head
 .text.nbr_table_add_lladdr
                0x000000000000cace      0x136 contiki-sky.a(nbr-table.o)
                0x000000000000cace                nbr_table_add_lladdr
 .text.nbr_table_get_from_lladdr
                0x000000000000cc04       0x48 contiki-sky.a(nbr-table.o)
                0x000000000000cc04                nbr_table_get_from_lladdr
 .text.nbr_table_remove
                0x000000000000cc4c       0x32 contiki-sky.a(nbr-table.o)
                0x000000000000cc4c                nbr_table_remove
 .text.nbr_table_lock
                0x000000000000cc7e       0x10 contiki-sky.a(nbr-table.o)
                0x000000000000cc7e                nbr_table_lock
 .text.nbr_table_unlock
                0x000000000000cc8e       0x10 contiki-sky.a(nbr-table.o)
                0x000000000000cc8e                nbr_table_unlock
 .text.nbr_table_get_lladdr
                0x000000000000cc9e       0x5a contiki-sky.a(nbr-table.o)
                0x000000000000cc9e                nbr_table_get_lladdr
 .text.nbr_table_update_lladdr
                0x000000000000ccf8       0x68 contiki-sky.a(nbr-table.o)
                0x000000000000ccf8                nbr_table_update_lladdr
 .text.packetbuf_hdrreduce
                0x000000000000cd60       0x1a contiki-sky.a(packetbuf.o)
                0x000000000000cd60                packetbuf_hdrreduce
 .text.packetbuf_set_datalen
                0x000000000000cd7a        0x6 contiki-sky.a(packetbuf.o)
                0x000000000000cd7a                packetbuf_set_datalen
 .text.packetbuf_hdrptr
                0x000000000000cd80        0x6 contiki-sky.a(packetbuf.o)
                0x000000000000cd80                packetbuf_hdrptr
 .text.packetbuf_datalen
                0x000000000000cd86        0x6 contiki-sky.a(packetbuf.o)
                0x000000000000cd86                packetbuf_datalen
 .text.packetbuf_hdrlen
                0x000000000000cd8c        0xa contiki-sky.a(packetbuf.o)
                0x000000000000cd8c                packetbuf_hdrlen
 .text.packetbuf_dataptr
                0x000000000000cd96        0xc contiki-sky.a(packetbuf.o)
                0x000000000000cd96                packetbuf_dataptr
 .text.packetbuf_copyto
                0x000000000000cda2       0x46 contiki-sky.a(packetbuf.o)
                0x000000000000cda2                packetbuf_copyto
 .text.packetbuf_totlen
                0x000000000000cde8        0xc contiki-sky.a(packetbuf.o)
                0x000000000000cde8                packetbuf_totlen
 .text.packetbuf_hdralloc
                0x000000000000cdf4       0x3a contiki-sky.a(packetbuf.o)
                0x000000000000cdf4                packetbuf_hdralloc
 .text.packetbuf_attr_clear
                0x000000000000ce2e       0x28 contiki-sky.a(packetbuf.o)
                0x000000000000ce2e                packetbuf_attr_clear
 .text.packetbuf_clear
                0x000000000000ce56       0x12 contiki-sky.a(packetbuf.o)
                0x000000000000ce56                packetbuf_clear
 .text.packetbuf_copyfrom
                0x000000000000ce68       0x2e contiki-sky.a(packetbuf.o)
                0x000000000000ce68                packetbuf_copyfrom
 .text.packetbuf_attr_copyto
                0x000000000000ce96       0x22 contiki-sky.a(packetbuf.o)
                0x000000000000ce96                packetbuf_attr_copyto
 .text.packetbuf_attr_copyfrom
                0x000000000000ceb8       0x24 contiki-sky.a(packetbuf.o)
                0x000000000000ceb8                packetbuf_attr_copyfrom
 .text.packetbuf_holds_broadcast
                0x000000000000cedc        0xe contiki-sky.a(packetbuf.o)
                0x000000000000cedc                packetbuf_holds_broadcast
 .text.linkaddr_copy
                0x000000000000ceea        0x8 contiki-sky.a(linkaddr.o)
                0x000000000000ceea                linkaddr_copy
 .text.linkaddr_cmp
                0x000000000000cef2       0x12 contiki-sky.a(linkaddr.o)
                0x000000000000cef2                linkaddr_cmp
 .text.linkaddr_set_node_addr
                0x000000000000cf04        0xc contiki-sky.a(linkaddr.o)
                0x000000000000cf04                linkaddr_set_node_addr
 .text.periodic
                0x000000000000cf10       0x28 contiki-sky.a(link-stats.o)
 .text.link_stats_from_lladdr
                0x000000000000cf38        0xc contiki-sky.a(link-stats.o)
                0x000000000000cf38                link_stats_from_lladdr
 .text.link_stats_is_fresh
                0x000000000000cf44       0x30 contiki-sky.a(link-stats.o)
                0x000000000000cf44                link_stats_is_fresh
 .text.link_stats_packet_sent
                0x000000000000cf74       0xda contiki-sky.a(link-stats.o)
                0x000000000000cf74                link_stats_packet_sent
 .text.link_stats_input_callback
                0x000000000000d04e       0xbc contiki-sky.a(link-stats.o)
                0x000000000000d04e                link_stats_input_callback
 .text.link_stats_init
                0x000000000000d10a       0x22 contiki-sky.a(link-stats.o)
                0x000000000000d10a                link_stats_init
 .text.duty_cycle
                0x000000000000d12c        0x6 contiki-sky.a(contikimac.o)
 .text.init     0x000000000000d132       0x2a contiki-sky.a(contikimac.o)
 .text.on       0x000000000000d15c       0x1a contiki-sky.a(contikimac.o)
 .text.off      0x000000000000d176       0x22 contiki-sky.a(contikimac.o)
 .text.recv_burst_off
                0x000000000000d198        0xa contiki-sky.a(contikimac.o)
 .text.turn_off
                0x000000000000d1a2       0x20 contiki-sky.a(contikimac.o)
 .text.turn_on  0x000000000000d1c2       0x30 contiki-sky.a(contikimac.o)
 .text.schedule_powercycle_fixed.part.4
                0x000000000000d1f2       0x32 contiki-sky.a(contikimac.o)
 .text.powercycle_turn_radio_off
                0x000000000000d224       0x30 contiki-sky.a(contikimac.o)
 .text.powercycle_wrapper
                0x000000000000d254      0x1c2 contiki-sky.a(contikimac.o)
 .text.input_packet
                0x000000000000d416       0xb2 contiki-sky.a(contikimac.o)
 .text.send_packet.isra.8
                0x000000000000d4c8      0x1ec contiki-sky.a(contikimac.o)
 .text.qsend_list
                0x000000000000d6b4       0xd2 contiki-sky.a(contikimac.o)
 .text.qsend_packet
                0x000000000000d786       0x28 contiki-sky.a(contikimac.o)
 .text.init     0x000000000000d7ae        0x2 contiki-sky.a(nullsec.o)
 .text.send     0x000000000000d7b0        0xa contiki-sky.a(nullsec.o)
 .text.input    0x000000000000d7ba        0x6 contiki-sky.a(nullsec.o)
 .text.spi_init
                0x000000000000d7c0       0x32 contiki-sky.a(spi.o)
                0x000000000000d7c0                spi_init
 .text.stimer_set
                0x000000000000d7f2       0x1c contiki-sky.a(stimer.o)
                0x000000000000d7f2                stimer_set
 .text.stimer_expired
                0x000000000000d80e       0x30 contiki-sky.a(stimer.o)
                0x000000000000d80e                stimer_expired
 .text.compower_accumulate
                0x000000000000d83e       0x72 contiki-sky.a(compower.o)
                0x000000000000d83e                compower_accumulate
 .text.compower_clear
                0x000000000000d8b0       0x12 contiki-sky.a(compower.o)
                0x000000000000d8b0                compower_clear
 .text.compower_attrconv
                0x000000000000d8c2       0x10 contiki-sky.a(compower.o)
                0x000000000000d8c2                compower_attrconv
 .text.memb_init
                0x000000000000d8d2       0x36 contiki-sky.a(memb.o)
                0x000000000000d8d2                memb_init
 .text.memb_alloc
                0x000000000000d908       0x3e contiki-sky.a(memb.o)
                0x000000000000d908                memb_alloc
 .text.memb_free
                0x000000000000d946       0x3a contiki-sky.a(memb.o)
                0x000000000000d946                memb_free
 .text.memb_inmemb
                0x000000000000d980       0x2e contiki-sky.a(memb.o)
                0x000000000000d980                memb_inmemb
 .text.memb_numfree
                0x000000000000d9ae       0x26 contiki-sky.a(memb.o)
                0x000000000000d9ae                memb_numfree
 .text.echo_reply_input
                0x000000000000d9d4       0xb2 contiki-sky.a(uip-icmp6.o)
 .text.echo_request_input
                0x000000000000da86       0xca contiki-sky.a(uip-icmp6.o)
 .text.uip_icmp6_input
                0x000000000000db50       0x44 contiki-sky.a(uip-icmp6.o)
                0x000000000000db50                uip_icmp6_input
 .text.uip_icmp6_register_input_handler
                0x000000000000db94        0xc contiki-sky.a(uip-icmp6.o)
                0x000000000000db94                uip_icmp6_register_input_handler
 .text.uip_icmp6_error_output
                0x000000000000dba0      0x17c contiki-sky.a(uip-icmp6.o)
                0x000000000000dba0                uip_icmp6_error_output
 .text.uip_icmp6_send
                0x000000000000dd1c       0x96 contiki-sky.a(uip-icmp6.o)
                0x000000000000dd1c                uip_icmp6_send
 .text.uip_icmp6_init
                0x000000000000ddb2       0x12 contiki-sky.a(uip-icmp6.o)
                0x000000000000ddb2                uip_icmp6_init
 .text.update_nbr
                0x000000000000ddc4       0xea contiki-sky.a(rpl-nbr-policy.)
 .text.handle_periodic_timer
                0x000000000000deae        0xe contiki-sky.a(rpl-nbr-policy.)
 .text.find_removable_dis
                0x000000000000debc       0x16 contiki-sky.a(rpl-nbr-policy.)
                0x000000000000debc                find_removable_dis
 .text.find_removable_dio
                0x000000000000ded2       0x3e contiki-sky.a(rpl-nbr-policy.)
                0x000000000000ded2                find_removable_dio
 .text.find_removable_dao
                0x000000000000df10       0x34 contiki-sky.a(rpl-nbr-policy.)
                0x000000000000df10                find_removable_dao
 .text.rpl_nbr_policy_find_removable
                0x000000000000df44       0x30 contiki-sky.a(rpl-nbr-policy.)
                0x000000000000df44                rpl_nbr_policy_find_removable
 .text.handle_unicast_dio_timer
                0x000000000000df74       0x1c contiki-sky.a(rpl-timers.o)
 .text.new_dio_interval
                0x000000000000df90       0x92 contiki-sky.a(rpl-timers.o)
 .text.handle_periodic_timer
                0x000000000000e022       0x50 contiki-sky.a(rpl-timers.o)
 .text.set_dao_lifetime_timer.part.0
                0x000000000000e072       0x66 contiki-sky.a(rpl-timers.o)
 .text.schedule_dao
                0x000000000000e0d8       0x90 contiki-sky.a(rpl-timers.o)
 .text.handle_dio_timer
                0x000000000000e168       0x88 contiki-sky.a(rpl-timers.o)
 .text.handle_dao_timer
                0x000000000000e1f0       0x72 contiki-sky.a(rpl-timers.o)
 .text.rpl_reset_periodic_timer
                0x000000000000e262       0x60 contiki-sky.a(rpl-timers.o)
                0x000000000000e262                rpl_reset_periodic_timer
 .text.rpl_reset_dio_timer
                0x000000000000e2c2       0x18 contiki-sky.a(rpl-timers.o)
                0x000000000000e2c2                rpl_reset_dio_timer
 .text.rpl_schedule_dao
                0x000000000000e2da        0xc contiki-sky.a(rpl-timers.o)
                0x000000000000e2da                rpl_schedule_dao
 .text.rpl_schedule_unicast_dio_immediately
                0x000000000000e2e6       0x16 contiki-sky.a(rpl-timers.o)
                0x000000000000e2e6                rpl_schedule_unicast_dio_immediately
 .text.get_probing_delay
                0x000000000000e2fc       0x40 contiki-sky.a(rpl-timers.o)
                0x000000000000e2fc                get_probing_delay
 .text.get_probing_target
                0x000000000000e33c       0xf6 contiki-sky.a(rpl-timers.o)
                0x000000000000e33c                get_probing_target
 .text.rpl_schedule_probing
                0x000000000000e432       0x26 contiki-sky.a(rpl-timers.o)
                0x000000000000e432                rpl_schedule_probing
 .text.handle_probing_timer
                0x000000000000e458       0x3c contiki-sky.a(rpl-timers.o)
 .text.reset    0x000000000000e494        0x2 contiki-sky.a(rpl-mrhof.o)
 .text.update_metric_container
                0x000000000000e496        0x6 contiki-sky.a(rpl-mrhof.o)
 .text.parent_link_metric
                0x000000000000e49c       0x10 contiki-sky.a(rpl-mrhof.o)
 .text.parent_has_usable_link
                0x000000000000e4ac       0x14 contiki-sky.a(rpl-mrhof.o)
 .text.best_dag
                0x000000000000e4c0       0x34 contiki-sky.a(rpl-mrhof.o)
 .text.parent_path_cost
                0x000000000000e4f4       0x44 contiki-sky.a(rpl-mrhof.o)
 .text.parent_is_acceptable
                0x000000000000e538       0x2a contiki-sky.a(rpl-mrhof.o)
 .text.best_parent
                0x000000000000e562       0x88 contiki-sky.a(rpl-mrhof.o)
 .text.rank_via_parent
                0x000000000000e5ea       0x56 contiki-sky.a(rpl-mrhof.o)
 .text.mac_sequence_is_duplicate
                0x000000000000e640       0x6e contiki-sky.a(mac-sequence.o)
                0x000000000000e640                mac_sequence_is_duplicate
 .text.mac_sequence_register_seqno
                0x000000000000e6ae       0x88 contiki-sky.a(mac-sequence.o)
                0x000000000000e6ae                mac_sequence_register_seqno
 .text.mac_call_sent_callback
                0x000000000000e736       0x14 contiki-sky.a(mac.o)
                0x000000000000e736                mac_call_sent_callback
 .text.libgcc   0x000000000000e74a       0x2c /usr/lib/gcc/msp430/4.6.3/mmpy-16/libgcc.a(_mulsi3.o)
                0x000000000000e74a                __mulsi3
 .text.libgcc   0x000000000000e776       0x22 /usr/lib/gcc/msp430/4.6.3/mmpy-16/libgcc.a(_udivmod16.o)
                0x000000000000e776                __udivhi3
                0x000000000000e776                __ext_udivmod16
                0x000000000000e790                __umodhi3
 .text.libgcc   0x000000000000e798       0x3a /usr/lib/gcc/msp430/4.6.3/mmpy-16/libgcc.a(_divmod16.o)
                0x000000000000e798                __ext_divmod16
                0x000000000000e798                __divhi3
                0x000000000000e7ca                __modhi3
 .text.libgcc   0x000000000000e7d2       0x40 /usr/lib/gcc/msp430/4.6.3/mmpy-16/libgcc.a(_udivmod32.o)
                0x000000000000e7d2                __udivsi3
                0x000000000000e7d2                __ext_udivmod32
                0x000000000000e808                __umodsi3
 .text.libgcc   0x000000000000e812       0x4c /usr/lib/gcc/msp430/4.6.3/mmpy-16/libgcc.a(_divmod32.o)
                0x000000000000e812                __ext_divmod32
                0x000000000000e812                __divsi3
                0x000000000000e854                __modsi3
 .text          0x000000000000e85e       0x20 /usr/lib/gcc/msp430/4.6.3/../../../../msp430/lib/mmpy-16/libc.a(memcmp.o)
                0x000000000000e85e                memcmp
 .text          0x000000000000e87e       0xfa /usr/lib/gcc/msp430/4.6.3/../../../../msp430/lib/mmpy-16/libc.a(memcpy.o)
                0x000000000000e87e                memcpy
 .text          0x000000000000e978       0xfa /usr/lib/gcc/msp430/4.6.3/../../../../msp430/lib/mmpy-16/libc.a(memmove.o)
                0x000000000000e978                memmove
 .text          0x000000000000ea72       0x6a /usr/lib/gcc/msp430/4.6.3/../../../../msp430/lib/mmpy-16/libc.a(memset.o)
                0x000000000000ea72                memset
 .text          0x000000000000eadc       0x1e /usr/lib/gcc/msp430/4.6.3/../../../../msp430/lib/mmpy-16/libc.a(printf.o)
                0x000000000000eadc                printf
                0x000000000000eaec                vprintf
 .text          0x000000000000eafa      0x836 /usr/lib/gcc/msp430/4.6.3/../../../../msp430/lib/mmpy-16/libc.a(vuprintf.o)
                0x000000000000ec92                vuprintf
 .text          0x000000000000f330       0x2c /usr/lib/gcc/msp430/4.6.3/../../../../msp430/lib/mmpy-16/libc.a(puts.o)
                0x000000000000f330                puts
 .text          0x000000000000f35c       0x54 /usr/lib/gcc/msp430/4.6.3/../../../../msp430/lib/mmpy-16/libc.a(rand.o)
                0x000000000000f35c                rand_r
                0x000000000000f380                rand
                0x000000000000f3a6                srand
 .text.libgcc   0x000000000000f3b0       0xf0 /usr/lib/gcc/msp430/4.6.3/mmpy-16/libgcc.a(_udivmod64.o)
                0x000000000000f3b0                __xabi_udivmod64
                0x000000000000f40e                __udivdi3
                0x000000000000f434                __umoddi3
                0x000000000000f462                __udivmoddi4
 .text.crt0     0x000000000000f4a0        0x2 /usr/lib/gcc/msp430/4.6.3/mmpy-16/libcrt0.a(_unexpected_.o)
                0x000000000000f4a0                _unexpected_
                0x000000000000f4a2                . = ALIGN (0x2)

.rodata         0x000000000000f4a2      0x2bc
                0x000000000000f4a2                . = ALIGN (0x2)
 *(.rodata .rodata.* .gnu.linkonce.r.*)
 .rodata        0x000000000000f4a2       0x16 ledmotes.co
                0x000000000000f4a2                autostart_processes
 .rodata        0x000000000000f4b8      0x130 obj_sky/contiki-sky-main.o
 .rodata        0x000000000000f5e8       0x10 contiki-sky.a(button-sensor.o)
                0x000000000000f5f0                button_sensor
 .rodata        0x000000000000f5f8        0x8 contiki-sky.a(sensors.o)
 .rodata        0x000000000000f600       0x70 contiki-sky.a(cc2420.o)
                0x000000000000f632                cc2420_aes_128_driver
                0x000000000000f636                cc2420_driver
 .rodata        0x000000000000f670        0xf contiki-sky.a(ctimer.o)
 .rodata        0x000000000000f67f        0xc contiki-sky.a(etimer.o)
 *fill*         0x000000000000f68b        0x1 00
 .rodata        0x000000000000f68c       0x20 contiki-sky.a(uip6.o)
 .rodata        0x000000000000f6ac       0x24 contiki-sky.a(sicslowpan.o)
                0x000000000000f6b8                sicslowpan_driver
                0x000000000000f6be                llprefix
                0x000000000000f6c0                unc_mxconf
                0x000000000000f6c4                unc_ctxconf
                0x000000000000f6c8                unc_llconf
 .rodata        0x000000000000f6d0        0xd contiki-sky.a(tcpip.o)
 .rodata        0x000000000000f6dd       0x28 contiki-sky.a(uip-debug.o)
 *fill*         0x000000000000f705        0x1 00
 .rodata        0x000000000000f706        0x6 contiki-sky.a(framer-802154.o)
                0x000000000000f706                framer_802154
 .rodata        0x000000000000f70c        0x2 contiki-sky.a(frame802154.o)
 .rodata        0x000000000000f70e       0x14 contiki-sky.a(csma.o)
                0x000000000000f714                csma_driver
 .rodata        0x000000000000f722        0x8 contiki-sky.a(linkaddr.o)
                0x000000000000f722                linkaddr_null
 .rodata        0x000000000000f72a       0x1c contiki-sky.a(contikimac.o)
                0x000000000000f736                contikimac_driver
 .rodata        0x000000000000f746       0x10 contiki-sky.a(nullsec.o)
                0x000000000000f74e                nullsec_driver
 .rodata        0x000000000000f756        0x7 /usr/lib/gcc/msp430/4.6.3/../../../../msp430/lib/mmpy-16/libc.a(vuprintf.o)
                0x000000000000f75e                . = ALIGN (0x2)
 *fill*         0x000000000000f75d        0x1 00
                0x000000000000f75e                _etext = .

.data           0x0000000000001100       0xf6 load address 0x000000000000f75e
                0x0000000000001100                . = ALIGN (0x2)
                0x0000000000001100                PROVIDE (__data_start, .)
 *(.data .data.* .gnu.linkonce.d.*)
 .data          0x0000000000001100        0xa ledmotes.co
                0x0000000000001100                blink_process
 .data          0x000000000000110a        0x4 contiki-sky.a(contiki-sky-pla)
                0x000000000000110a                sensors
 .data          0x000000000000110e        0xa contiki-sky.a(sensors.o)
                0x000000000000110e                sensors_process
 .data          0x0000000000001118        0xc contiki-sky.a(cc2420.o)
                0x0000000000001118                cc2420_process
 .data          0x0000000000001124        0x2 contiki-sky.a(msp430.o)
 .data          0x0000000000001126        0xa contiki-sky.a(ctimer.o)
                0x0000000000001126                ctimer_process
 .data          0x0000000000001130        0xa contiki-sky.a(etimer.o)
                0x0000000000001130                etimer_process
 .data          0x000000000000113a       0x22 contiki-sky.a(uip-ds6-route.o)
                0x000000000000113a                nbr_routes
 .data          0x000000000000115c        0xa contiki-sky.a(uip-ds6-nbr.o)
                0x000000000000115c                ds6_neighbors
 .data          0x0000000000001166        0x6 contiki-sky.a(uip-nd6.o)
 .data          0x000000000000116c        0xa contiki-sky.a(tcpip.o)
                0x000000000000116c                tcpip_process
 .data          0x0000000000001176       0x1a contiki-sky.a(rpl-icmp6.o)
 .data          0x0000000000001190        0xa contiki-sky.a(rpl-dag.o)
                0x0000000000001190                rpl_parents
 .data          0x000000000000119a        0x2 contiki-sky.a(frame802154.o)
 .data          0x000000000000119c       0x18 contiki-sky.a(csma.o)
 .data          0x00000000000011b4       0x10 contiki-sky.a(queuebuf.o)
 .data          0x00000000000011c4        0x8 contiki-sky.a(nbr-table.o)
 .data          0x00000000000011cc        0x8 contiki-sky.a(link-stats.o)
 .data          0x00000000000011d4        0xc contiki-sky.a(uip-icmp6.o)
 .data          0x00000000000011e0       0x12 contiki-sky.a(rpl-mrhof.o)
                0x00000000000011e0                rpl_mrhof
 .data          0x00000000000011f2        0x4 /usr/lib/gcc/msp430/4.6.3/../../../../msp430/lib/mmpy-16/libc.a(rand.o)
                0x00000000000011f6                . = ALIGN (0x2)
                0x00000000000011f6                _edata = .
                0x000000000000f75e                PROVIDE (__data_load_start, LOADADDR (.data))
                0x00000000000000f6                PROVIDE (__data_size, SIZEOF (.data))

.bss            0x00000000000011f6     0x1cc2 load address 0x000000000000f854
                0x00000000000011f6                PROVIDE (__bss_start, .)
 *(.bss .bss.*)
 .bss           0x00000000000011f6        0xe ledmotes.co
 .bss           0x0000000000001204        0xc obj_sky/contiki-sky-main.o
 .bss           0x0000000000001210        0x8 contiki-sky.a(button-sensor.o)
 .bss           0x0000000000001218        0x2 contiki-sky.a(node-id.o)
                0x0000000000001218                node_id
 .bss           0x000000000000121a        0x6 contiki-sky.a(sensors.o)
 .bss           0x0000000000001220        0xa contiki-sky.a(cc2420.o)
 .bss           0x000000000000122a       0x9a contiki-sky.a(uart1.o)
 .bss           0x00000000000012c4        0xa contiki-sky.a(clock.o)
 .bss           0x00000000000012ce        0x1 contiki-sky.a(leds.o)
 *fill*         0x00000000000012cf        0x1 00
 .bss           0x00000000000012d0        0x2 contiki-sky.a(watchdog.o)
 .bss           0x00000000000012d2        0x4 contiki-sky.a(ctimer.o)
 .bss           0x00000000000012d6        0x6 contiki-sky.a(etimer.o)
 .bss           0x00000000000012dc       0x38 contiki-sky.a(process.o)
                0x00000000000012dc                process_current
                0x00000000000012de                process_list
 .bss           0x0000000000001314        0x2 contiki-sky.a(rtimer.o)
 .bss           0x0000000000001316       0x18 contiki-sky.a(uip-ds6.o)
 .bss           0x000000000000132e      0x2e2 contiki-sky.a(uip-ds6-route.o)
 .bss           0x0000000000001610        0xc contiki-sky.a(uip6.o)
                0x0000000000001610                uip_ext_opt_offset
                0x0000000000001612                uip_ext_len
                0x0000000000001614                uip_ext_bitmap
 .bss           0x000000000000161c      0x120 contiki-sky.a(uip-ds6-nbr.o)
 .bss           0x000000000000173c        0x8 contiki-sky.a(uip-nd6.o)
 .bss           0x0000000000001744      0x6e6 contiki-sky.a(sicslowpan.o)
 .bss           0x0000000000001e2a       0x30 contiki-sky.a(tcpip.o)
 .bss           0x0000000000001e5a        0x2 contiki-sky.a(rpl.o)
 .bss           0x0000000000001e5c       0x60 contiki-sky.a(rpl-dag.o)
 .bss           0x0000000000001ebc        0x2 contiki-sky.a(framer-802154.o)
 .bss           0x0000000000001ebe       0xc0 contiki-sky.a(csma.o)
 .bss           0x0000000000001f7e      0x5a0 contiki-sky.a(queuebuf.o)
 .bss           0x000000000000251e       0xe4 contiki-sky.a(nbr-table.o)
 .bss           0x0000000000002602       0x86 contiki-sky.a(packetbuf.o)
 .bss           0x0000000000002688       0xa0 contiki-sky.a(link-stats.o)
 .bss           0x0000000000002728       0x32 contiki-sky.a(contikimac.o)
 .bss           0x000000000000275a        0x8 contiki-sky.a(compower.o)
 .bss           0x0000000000002762       0x14 contiki-sky.a(uip-icmp6.o)
 .bss           0x0000000000002776       0x20 contiki-sky.a(rpl-nbr-policy.)
 .bss           0x0000000000002796       0x18 contiki-sky.a(rpl-timers.o)
 .bss           0x00000000000027ae       0xe0 contiki-sky.a(mac-sequence.o)
 *(COMMON)
 COMMON         0x000000000000288e        0x2 contiki-sky.a(contiki-sky-pla)
                0x000000000000288e                sensors_flags
 COMMON         0x0000000000002890        0x8 contiki-sky.a(ds2411.o)
                0x0000000000002890                ds2411_id
 COMMON         0x0000000000002898        0x1 contiki-sky.a(sensors.o)
                0x0000000000002898                sensors_event
 *fill*         0x0000000000002899        0x1 00
 COMMON         0x000000000000289a       0x10 contiki-sky.a(cc2420.o)
                0x000000000000289a                cc2420_last_rssi
                0x000000000000289c                cc2420_sfd_start_time
                0x000000000000289e                cc2420_time_of_departure
                0x00000000000028a0                cc2420_time_of_arrival
                0x00000000000028a2                cc2420_last_correlation
                0x00000000000028a4                cc2420_authority_level_of_sender
                0x00000000000028a6                cc2420_sfd_counter
                0x00000000000028a8                cc2420_sfd_end_time
 COMMON         0x00000000000028aa        0x2 contiki-sky.a(msp430.o)
                0x00000000000028aa                msp430_dco_required
 COMMON         0x00000000000028ac       0x56 contiki-sky.a(energest.o)
                0x00000000000028ac                energest_total_time
                0x00000000000028dc                energest_total_count
                0x00000000000028de                energest_current_mode
                0x00000000000028ea                energest_current_time
 COMMON         0x0000000000002902        0x1 contiki-sky.a(process.o)
                0x0000000000002902                process_maxevents
 *fill*         0x0000000000002903        0x1 00
 COMMON         0x0000000000002904      0x15c contiki-sky.a(uip-ds6.o)
                0x0000000000002904                uip_ds6_timer_ra
                0x000000000000290c                uip_ds6_if
                0x00000000000029f8                uip_ds6_netif_addr_list_offset
                0x00000000000029f9                uip_ds6_addr_size
                0x00000000000029fa                uip_ds6_prefix_list
                0x0000000000002a54                uip_ds6_timer_periodic
 COMMON         0x0000000000002a60      0x304 contiki-sky.a(uip6.o)
                0x0000000000002a60                uip_len
                0x0000000000002a62                uip_sappdata
                0x0000000000002a64                uip_acc32
                0x0000000000002a68                uip_lladdr
                0x0000000000002a70                uip_aligned_buf
                0x0000000000002b60                uip_flags
                0x0000000000002b62                uip_next_hdr
                0x0000000000002b64                uip_udp_conn
                0x0000000000002b66                uip_appdata
                0x0000000000002b68                uip_conn
                0x0000000000002b6a                uip_conns
                0x0000000000002c1a                uip_listenports
                0x0000000000002c2a                uip_slen
                0x0000000000002c2c                uip_udp_conns
 COMMON         0x0000000000002d64        0x1 contiki-sky.a(tcpip.o)
                0x0000000000002d64                tcpip_event
 *fill*         0x0000000000002d65        0x1 00
 COMMON         0x0000000000002d66      0x100 contiki-sky.a(rpl-dag.o)
                0x0000000000002d66                default_instance
                0x0000000000002d68                instance_table
 COMMON         0x0000000000002e66       0x2e contiki-sky.a(packetbuf.o)
                0x0000000000002e66                packetbuf_addrs
                0x0000000000002e76                packetbuf_attrs
 COMMON         0x0000000000002e94        0x8 contiki-sky.a(linkaddr.o)
                0x0000000000002e94                linkaddr_node_addr
 COMMON         0x0000000000002e9c       0x14 contiki-sky.a(link-stats.o)
                0x0000000000002e9c                periodic_timer
 COMMON         0x0000000000002eb0        0x8 contiki-sky.a(compower.o)
                0x0000000000002eb0                compower_idle_activity
                0x0000000000002eb8                . = ALIGN (0x2)
                0x0000000000002eb8                PROVIDE (__bss_end, .)
                0x0000000000001cc2                PROVIDE (__bss_size, SIZEOF (.bss))

.noinit         0x0000000000002eb8        0x2 load address 0x000000000000f854
                0x0000000000002eb8                PROVIDE (__noinit_start, .)
 *(.noinit .noinit.*)
 .noinit.crt0   0x0000000000002eb8        0x2 /usr/lib/gcc/msp430/4.6.3/mmpy-16/libcrt0.a(__watchdog_support.o)
                0x0000000000002eb8                __wdt_clear_value
                0x0000000000002eba                . = ALIGN (0x2)
                0x0000000000002eba                PROVIDE (__noinit_end, .)
                0x0000000000002eba                . = ALIGN (0x2)
                0x0000000000002eba                _end = .

.infomem        0x0000000000001000        0x0
 *(.infomem)
                0x0000000000001000                . = ALIGN (0x2)
 *(.infomem.*)

.infomemnobits  0x0000000000001000        0x0
 *(.infomemnobits)
                0x0000000000001000                . = ALIGN (0x2)
 *(.infomemnobits.*)

.infoa
 *(.infoa .infoa.*)

.infob
 *(.infob .infob.*)

.infoc
 *(.infoc .infoc.*)

.infod
 *(.infod .infod.*)

.vectors        0x000000000000ffe0       0x20
                0x000000000000ffe0                PROVIDE (__vectors_start, .)
 *(.vectors*)
 .vectors       0x000000000000ffe0       0x20 /usr/lib/gcc/msp430/4.6.3/mmpy-16/crt0ivtbl16.o
                0x000000000000ffe0                __ivtbl_16
                0x0000000000010000                _vectors_end = .

.fartext        0x0000000000000000        0x0
                0x0000000000000000                . = ALIGN (0x2)
 *(.fartext)
                0x0000000000000000                . = ALIGN (0x2)
 *(.fartext.*)
                0x0000000000000000                _efartext = .

.profiler
 *(.profiler)

.stab           0x0000000000000000    0x2a798
 *(.stab)
 .stab          0x0000000000000000      0x84c ledmotes.co
 .stab          0x000000000000084c     0x15f0 obj_sky/contiki-sky-main.o
                                       0x1b30 (size before relaxing)
 .stab          0x0000000000001e3c      0x2a0 contiki-sky.a(contiki-sky-pla)
                                        0x5b8 (size before relaxing)
 .stab          0x00000000000020dc      0x468 contiki-sky.a(button-sensor.o)
                                        0x7d4 (size before relaxing)
 .stab          0x0000000000002544      0x630 contiki-sky.a(ds2411.o)
                                        0xb40 (size before relaxing)
 .stab          0x0000000000002b74      0xbac contiki-sky.a(xmem.o)
                                        0xf60 (size before relaxing)
 .stab          0x0000000000003720      0x2b8 contiki-sky.a(node-id.o)
                                        0x4e0 (size before relaxing)
 .stab          0x00000000000039d8      0x654 contiki-sky.a(sensors.o)
                                        0xb70 (size before relaxing)
 .stab          0x000000000000402c     0x28bc contiki-sky.a(cc2420.o)
                                       0x2fe8 (size before relaxing)
 .stab          0x00000000000068e8      0xd44 contiki-sky.a(cc2420-arch.o)
                                       0x1734 (size before relaxing)