Archive member included to satisfy reference by file (symbol)

contiki-native.a(contiki-main.o)
                              /usr/lib/gcc/x86_64-linux-gnu/7/../../../x86_64-linux-gnu/Scrt1.o (main)
contiki-native.a(leds.o)      ledmotes.co (leds_toggle)
contiki-native.a(leds-arch.o)
                              contiki-native.a(leds.o) (leds_arch_init)
contiki-native.a(button-sensor.o)
                              contiki-native.a(contiki-main.o) (button_sensor)
contiki-native.a(pir-sensor.o)
                              contiki-native.a(contiki-main.o) (pir_sensor)
contiki-native.a(vib-sensor.o)
                              contiki-native.a(contiki-main.o) (vib_sensor)
contiki-native.a(sensors.o)   contiki-native.a(button-sensor.o) (sensors_changed)
contiki-native.a(ctimer.o)    contiki-native.a(contiki-main.o) (ctimer_init)
contiki-native.a(autostart.o)
                              contiki-native.a(contiki-main.o) (autostart_start)
contiki-native.a(etimer.o)    contiki-native.a(contiki-main.o) (etimer_process)
contiki-native.a(process.o)   contiki-native.a(ctimer.o) (process_current)
contiki-native.a(rtimer.o)    contiki-native.a(contiki-main.o) (rtimer_init)
contiki-native.a(timer.o)     contiki-native.a(etimer.o) (timer_set)
contiki-native.a(serial-line.o)
                              contiki-native.a(contiki-main.o) (serial_line_input_byte)
contiki-native.a(list.o)      contiki-native.a(ctimer.o) (list_init)
contiki-native.a(ringbuf.o)   contiki-native.a(serial-line.o) (ringbuf_init)
contiki-native.a(uip-ds6.o)   contiki-native.a(contiki-main.o) (uip_ds6_get_link_local)
contiki-native.a(uip-ds6-route.o)
                              contiki-native.a(uip-ds6.o) (uip_ds6_route_init)
contiki-native.a(uip6.o)      contiki-native.a(contiki-main.o) (uip_lladdr)
contiki-native.a(uip-ds6-nbr.o)
                              contiki-native.a(uip-ds6.o) (uip_ds6_neighbors_init)
contiki-native.a(uip-nd6.o)   contiki-native.a(uip6.o) (uip_nd6_init)
contiki-native.a(sicslowpan.o)
                              contiki-native.a(contiki-main.o) (sicslowpan_driver)
contiki-native.a(uip-packetqueue)
                              contiki-native.a(uip-ds6-nbr.o) (uip_packetqueue_new)
contiki-native.a(tcpip.o)     contiki-native.a(sicslowpan.o) (tcpip_set_outputfunc)
contiki-native.a(uip-debug.o)
                              contiki-native.a(uip-ds6-route.o) (uip_debug_ipaddr_print)
contiki-native.a(rpl-ext-header.)
                              contiki-native.a(uip6.o) (rpl_verify_hbh_header)
contiki-native.a(rpl.o)       contiki-native.a(uip-ds6-nbr.o) (rpl_link_neighbor_callback)
contiki-native.a(rpl-icmp6.o)
                              contiki-native.a(rpl.o) (dao_output)
contiki-native.a(rpl-dag.o)   contiki-native.a(rpl-ext-header.) (rpl_parents)
contiki-native.a(queuebuf.o)  contiki-native.a(contiki-main.o) (queuebuf_init)
contiki-native.a(nbr-table.o)
                              contiki-native.a(uip-ds6-route.o) (nbr_table_register)
contiki-native.a(packetbuf.o)
                              contiki-native.a(sicslowpan.o) (packetbuf_clear)
contiki-native.a(netstack.o)  contiki-native.a(contiki-main.o) (netstack_init)
contiki-native.a(linkaddr.o)  contiki-native.a(uip-ds6-nbr.o) (linkaddr_null)
contiki-native.a(link-stats.o)
                              contiki-native.a(rpl-dag.o) (link_stats_from_lladdr)
contiki-native.a(nullmac.o)   contiki-native.a(contiki-main.o) (nullmac_driver)
contiki-native.a(framer-802154.o)
                              contiki-native.a(sicslowpan.o) (framer_802154)
contiki-native.a(frame802154.o)
                              contiki-native.a(framer-802154.o) (frame802154_get_pan_id)
contiki-native.a(nullrdc.o)   contiki-native.a(contiki-main.o) (nullrdc_driver)
contiki-native.a(nullsec.o)   contiki-native.a(sicslowpan.o) (nullsec_driver)
contiki-native.a(clock.o)     contiki-native.a(etimer.o) (clock_time)
contiki-native.a(rtimer-arch.o)
                              contiki-native.a(rtimer.o) (rtimer_arch_init)
contiki-native.a(watchdog.o)  contiki-native.a(sicslowpan.o) (watchdog_periodic)
contiki-native.a(stimer.o)    contiki-native.a(uip-ds6.o) (stimer_set)
contiki-native.a(nullradio.o)
                              contiki-native.a(netstack.o) (nullradio_driver)
contiki-native.a(memb.o)      contiki-native.a(uip-ds6-route.o) (memb_init)
contiki-native.a(random.o)    contiki-native.a(uip-ds6.o) (random_rand)
contiki-native.a(uip-icmp6.o)
                              contiki-native.a(uip6.o) (uip_icmp6_input)
contiki-native.a(rpl-nbr-policy.)
                              contiki-native.a(nbr-table.o) (rpl_nbr_policy_find_removable)
contiki-native.a(rpl-timers.o)
                              contiki-native.a(rpl.o) (rpl_reset_periodic_timer)
contiki-native.a(rpl-mrhof.o)
                              contiki-native.a(rpl-dag.o) (rpl_mrhof)
contiki-native.a(mac.o)       contiki-native.a(nullrdc.o) (mac_call_sent_callback)
[...]
Memory Configuration

Name             Origin             Length             Attributes
*default*        0x0000000000000000 0xffffffffffffffff

Linker script and memory map

LOAD /usr/lib/gcc/x86_64-linux-gnu/7/../../../x86_64-linux-gnu/Scrt1.o
LOAD /usr/lib/gcc/x86_64-linux-gnu/7/../../../x86_64-linux-gnu/crti.o
LOAD /usr/lib/gcc/x86_64-linux-gnu/7/crtbeginS.o
LOAD ledmotes.co
LOAD contiki-native.a
LOAD /usr/lib/gcc/x86_64-linux-gnu/7/../../../x86_64-linux-gnu/libncurses.so
LOAD /lib/x86_64-linux-gnu/libncurses.so.5
LOAD /usr/lib/gcc/x86_64-linux-gnu/7/../../../x86_64-linux-gnu/libtinfo.so
LOAD /usr/lib/gcc/x86_64-linux-gnu/7/libgcc.a
LOAD /usr/lib/gcc/x86_64-linux-gnu/7/libgcc_s.so
START GROUP
LOAD /usr/lib/gcc/x86_64-linux-gnu/7/libgcc_s.so.1
LOAD /usr/lib/gcc/x86_64-linux-gnu/7/libgcc.a
END GROUP
LOAD /usr/lib/gcc/x86_64-linux-gnu/7/../../../x86_64-linux-gnu/libc.so
START GROUP
LOAD /lib/x86_64-linux-gnu/libc.so.6
LOAD /usr/lib/x86_64-linux-gnu/libc_nonshared.a
LOAD /lib/x86_64-linux-gnu/ld-linux-x86-64.so.2
END GROUP
LOAD /usr/lib/gcc/x86_64-linux-gnu/7/libgcc.a
LOAD /usr/lib/gcc/x86_64-linux-gnu/7/libgcc_s.so
START GROUP
LOAD /usr/lib/gcc/x86_64-linux-gnu/7/libgcc_s.so.1
LOAD /usr/lib/gcc/x86_64-linux-gnu/7/libgcc.a
END GROUP
LOAD /usr/lib/gcc/x86_64-linux-gnu/7/crtendS.o
LOAD /usr/lib/gcc/x86_64-linux-gnu/7/../../../x86_64-linux-gnu/crtn.o
                [!provide]                        PROVIDE (__executable_start = SEGMENT_START ("text-segment", 0x0))
                0x0000000000000238                . = (SEGMENT_START ("text-segment", 0x0) + SIZEOF_HEADERS)

.interp         0x0000000000000238       0x1c
 *(.interp)
 .interp        0x0000000000000238       0x1c /usr/lib/gcc/x86_64-linux-gnu/7/../../../x86_64-linux-gnu/Scrt1.o

.note.ABI-tag   0x0000000000000254       0x20
 .note.ABI-tag  0x0000000000000254       0x20 /usr/lib/gcc/x86_64-linux-gnu/7/../../../x86_64-linux-gnu/Scrt1.o

.note.gnu.build-id
                0x0000000000000274       0x24
 *(.note.gnu.build-id)
 .note.gnu.build-id
                0x0000000000000274       0x24 /usr/lib/gcc/x86_64-linux-gnu/7/../../../x86_64-linux-gnu/Scrt1.o

.hash
 *(.hash)

.gnu.hash       0x0000000000000298      0xcbc
 *(.gnu.hash)
 .gnu.hash      0x0000000000000298      0xcbc /usr/lib/gcc/x86_64-linux-gnu/7/../../../x86_64-linux-gnu/Scrt1.o

.dynsym         0x0000000000000f58     0x2a00
 *(.dynsym)
 .dynsym        0x0000000000000f58     0x2a00 /usr/lib/gcc/x86_64-linux-gnu/7/../../../x86_64-linux-gnu/Scrt1.o

.dynstr         0x0000000000003958     0x1c43
 *(.dynstr)
 .dynstr        0x0000000000003958     0x1c43 /usr/lib/gcc/x86_64-linux-gnu/7/../../../x86_64-linux-gnu/Scrt1.o

.gnu.version    0x000000000000559c      0x380
 *(.gnu.version)
 .gnu.version   0x000000000000559c      0x380 /usr/lib/gcc/x86_64-linux-gnu/7/../../../x86_64-linux-gnu/Scrt1.o

.gnu.version_d  0x0000000000005920        0x0
 *(.gnu.version_d)
 .gnu.version_d
                0x0000000000005920        0x0 /usr/lib/gcc/x86_64-linux-gnu/7/../../../x86_64-linux-gnu/Scrt1.o

.gnu.version_r  0x0000000000005920       0x40
 *(.gnu.version_r)
 .gnu.version_r
                0x0000000000005920       0x40 /usr/lib/gcc/x86_64-linux-gnu/7/../../../x86_64-linux-gnu/Scrt1.o

.rela.dyn       0x0000000000005960      0xbb8
 *(.rela.init)
 *(.rela.text .rela.text.* .rela.gnu.linkonce.t.*)
 .rela.text     0x0000000000005960        0x0 /usr/lib/gcc/x86_64-linux-gnu/7/../../../x86_64-linux-gnu/Scrt1.o
 *(.rela.fini)
 *(.rela.rodata .rela.rodata.* .rela.gnu.linkonce.r.*)
 *(.rela.data .rela.data.* .rela.gnu.linkonce.d.*)
 .rela.data.rel.ro
                0x0000000000005960       0x18 /usr/lib/gcc/x86_64-linux-gnu/7/../../../x86_64-linux-gnu/Scrt1.o
 .rela.data.rel.local
                0x0000000000005978      0x570 /usr/lib/gcc/x86_64-linux-gnu/7/../../../x86_64-linux-gnu/Scrt1.o
 .rela.data.rel.ro.local
                0x0000000000005ee8      0x510 /usr/lib/gcc/x86_64-linux-gnu/7/../../../x86_64-linux-gnu/Scrt1.o
 .rela.data.rel
                0x00000000000063f8       0x48 /usr/lib/gcc/x86_64-linux-gnu/7/../../../x86_64-linux-gnu/Scrt1.o
 *(.rela.tdata .rela.tdata.* .rela.gnu.linkonce.td.*)
 *(.rela.tbss .rela.tbss.* .rela.gnu.linkonce.tb.*)
 *(.rela.ctors)
 *(.rela.dtors)
 *(.rela.got)
 .rela.got      0x0000000000006440       0x78 /usr/lib/gcc/x86_64-linux-gnu/7/../../../x86_64-linux-gnu/Scrt1.o
 *(.rela.bss .rela.bss.* .rela.gnu.linkonce.b.*)
 .rela.bss      0x00000000000064b8       0x30 /usr/lib/gcc/x86_64-linux-gnu/7/../../../x86_64-linux-gnu/Scrt1.o
 *(.rela.ldata .rela.ldata.* .rela.gnu.linkonce.l.*)
 *(.rela.lbss .rela.lbss.* .rela.gnu.linkonce.lb.*)
 *(.rela.lrodata .rela.lrodata.* .rela.gnu.linkonce.lr.*)
 *(.rela.ifunc)
 .rela.ifunc    0x00000000000064e8        0x0 /usr/lib/gcc/x86_64-linux-gnu/7/../../../x86_64-linux-gnu/Scrt1.o
 .rela.fini_array
                0x00000000000064e8       0x18 /usr/lib/gcc/x86_64-linux-gnu/7/../../../x86_64-linux-gnu/Scrt1.o
 .rela.init_array
                0x0000000000006500       0x18 /usr/lib/gcc/x86_64-linux-gnu/7/../../../x86_64-linux-gnu/Scrt1.o

.rela.plt       0x0000000000006518      0x210
 *(.rela.plt)
 .rela.plt      0x0000000000006518      0x210 /usr/lib/gcc/x86_64-linux-gnu/7/../../../x86_64-linux-gnu/Scrt1.o
                [!provide]                        PROVIDE (__rela_iplt_start = .)
 *(.rela.iplt)
                [!provide]                        PROVIDE (__rela_iplt_end = .)

.init           0x0000000000006728       0x17
 *(SORT_NONE(.init))
 .init          0x0000000000006728       0x12 /usr/lib/gcc/x86_64-linux-gnu/7/../../../x86_64-linux-gnu/crti.o
                0x0000000000006728                _init
 .init          0x000000000000673a        0x5 /usr/lib/gcc/x86_64-linux-gnu/7/../../../x86_64-linux-gnu/crtn.o

.plt            0x0000000000006740      0x170
 *(.plt)
 .plt           0x0000000000006740      0x170 /usr/lib/gcc/x86_64-linux-gnu/7/../../../x86_64-linux-gnu/Scrt1.o
 *(.iplt)

.plt.got        0x00000000000068b0        0x8
 *(.plt.got)
 .plt.got       0x00000000000068b0        0x8 /usr/lib/gcc/x86_64-linux-gnu/7/../../../x86_64-linux-gnu/Scrt1.o

.plt.sec
 *(.plt.sec)

.text           0x00000000000068c0    0x153c2
 *(.text.unlikely .text.*_unlikely .text.unlikely.*)
 *(.text.exit .text.exit.*)
 *(.text.startup .text.startup.*)
 *(.text.hot .text.hot.*)
 *(.text .stub .text.* .gnu.linkonce.t.*)
 .text          0x00000000000068c0       0x2b /usr/lib/gcc/x86_64-linux-gnu/7/../../../x86_64-linux-gnu/Scrt1.o
                0x00000000000068c0                _start
 .text          0x00000000000068eb        0x0 /usr/lib/gcc/x86_64-linux-gnu/7/../../../x86_64-linux-gnu/crti.o
 *fill*         0x00000000000068eb        0x5 
 .text          0x00000000000068f0       0xda /usr/lib/gcc/x86_64-linux-gnu/7/crtbeginS.o
 .text          0x00000000000069ca       0x86 ledmotes.co
 .text          0x0000000000006a50      0x647 contiki-native.a(contiki-main.o)
                0x0000000000006a50                select_set_callback
                0x0000000000006c7a                main
                0x0000000000007033                log_message
                0x0000000000007069                uip_log
 .text          0x0000000000007097      0x136 contiki-native.a(leds.o)
                0x00000000000070ea                leds_init
                0x00000000000070fd                leds_blink
                0x0000000000007134                leds_get
                0x000000000000713f                leds_set
                0x000000000000715a                leds_on
                0x000000000000717e                leds_off
                0x00000000000071a9                leds_toggle
 .text          0x00000000000071cd       0x31 contiki-native.a(leds-arch.o)
                0x00000000000071cd                leds_arch_init
                0x00000000000071db                leds_arch_get
                0x00000000000071e8                leds_arch_set
 .text          0x00000000000071fe       0x40 contiki-native.a(button-sensor.o)
                0x00000000000071fe                button_press
 .text          0x000000000000723e       0x59 contiki-native.a(pir-sensor.o)
                0x000000000000723e                pir_sensor_changed
 .text          0x0000000000007297       0x50 contiki-native.a(vib-sensor.o)
                0x0000000000007297                vib_sensor_changed
 .text          0x00000000000072e7      0x364 contiki-native.a(sensors.o)
                0x0000000000007333                sensors_first
                0x0000000000007340                sensors_next
                0x0000000000007372                sensors_changed
                0x00000000000073b9                sensors_find
 .text          0x000000000000764b      0x3f4 contiki-native.a(ctimer.o)
                0x000000000000779d                ctimer_init
                0x00000000000077cb                ctimer_set
                0x0000000000007808                ctimer_set_with_process
                0x00000000000078b5                ctimer_reset
                0x0000000000007919                ctimer_restart
                0x000000000000797d                ctimer_stop
                0x00000000000079d7                ctimer_expired
 .text          0x0000000000007a3f       0xb3 contiki-native.a(autostart.o)
                0x0000000000007a3f                autostart_start
                0x0000000000007a9b                autostart_exit
 .text          0x0000000000007af2      0x537 contiki-native.a(etimer.o)
                0x0000000000007d92                etimer_request_poll
                0x0000000000007e33                etimer_set
                0x0000000000007e65                etimer_reset_with_new_interval
                0x0000000000007e9c                etimer_reset
                0x0000000000007ec3                etimer_restart
                0x0000000000007eea                etimer_adjust
                0x0000000000007f17                etimer_expired
                0x0000000000007f32                etimer_expiration_time
                0x0000000000007f4e                etimer_start_time
                0x0000000000007f5f                etimer_pending
                0x0000000000007f75                etimer_next_expiration_time
                0x0000000000007f92                etimer_stop
 .text          0x0000000000008029      0x602 contiki-native.a(process.o)
                0x0000000000008029                process_alloc_event
                0x000000000000803f                process_start
                0x000000000000827d                process_exit
                0x00000000000082a2                process_init
                0x0000000000008483                process_run
                0x00000000000084b4                process_nevents
                0x00000000000084d0                process_post
                0x0000000000008594                process_post_synch
                0x00000000000085d8                process_poll
                0x0000000000008611                process_is_running
 .text          0x000000000000862b       0xfb contiki-native.a(rtimer.o)
                0x000000000000862b                rtimer_init
                0x0000000000008637                rtimer_set
                0x00000000000086b7                rtimer_run_next
 .text          0x0000000000008726       0xdf contiki-native.a(timer.o)
                0x0000000000008726                timer_set
                0x0000000000008754                timer_reset
                0x0000000000008778                timer_restart
                0x0000000000008796                timer_expired
                0x00000000000087d3                timer_remaining
 .text          0x0000000000008805      0x1fb contiki-native.a(serial-line.o)
                0x0000000000008805                serial_line_input_byte
                0x00000000000089d0                serial_line_init
 .text          0x0000000000008a00      0x311 contiki-native.a(list.o)
                0x0000000000008a00                list_init
                0x0000000000008a16                list_head
                0x0000000000008a27                list_copy
                0x0000000000008a44                list_tail
                0x0000000000008a89                list_add
                0x0000000000008ae9                list_push
                0x0000000000008b28                list_chop
                0x0000000000008bb1                list_pop
                0x0000000000008be7                list_remove
                0x0000000000008c6f                list_length
                0x0000000000008ca6                list_insert
                0x0000000000008cf2                list_item_next
 .text          0x0000000000008d11      0x189 contiki-native.a(ringbuf.o)
                0x0000000000008d11                ringbuf_init
                0x0000000000008d4e                ringbuf_put
                0x0000000000008dd9                ringbuf_get
                0x0000000000008e53                ringbuf_size
                0x0000000000008e6b                ringbuf_elements
 .text          0x0000000000008e9a      0xc68 contiki-native.a(uip-ds6.o)
                0x0000000000008e9a                uip_ds6_init
                0x0000000000009049                uip_ds6_periodic
                0x00000000000090d9                uip_ds6_list_loop
                0x000000000000919f                uip_ds6_prefix_add
                0x0000000000009269                uip_ds6_prefix_rm
                0x0000000000009283                uip_ds6_prefix_lookup
                0x00000000000092d3                uip_ds6_is_addr_onlink
                0x000000000000935f                uip_ds6_addr_add
                0x000000000000949c                uip_ds6_addr_rm
                0x0000000000009550                uip_ds6_addr_lookup
                0x000000000000959a                uip_ds6_get_link_local
                0x0000000000009630                uip_ds6_get_global
                0x00000000000096c6                uip_ds6_maddr_add
                0x0000000000009734                uip_ds6_maddr_rm
                0x000000000000974e                uip_ds6_maddr_lookup
                0x0000000000009798                uip_ds6_aaddr_add
                0x0000000000009806                uip_ds6_aaddr_rm
                0x0000000000009820                uip_ds6_aaddr_lookup
                0x000000000000986a                uip_ds6_select_src
                0x00000000000099e5                uip_ds6_set_addr_iid
                0x0000000000009a1a                get_match_length
                0x0000000000009ac4                uip_ds6_compute_reachable_time
 .text          0x0000000000009b02      0xa54 contiki-native.a(uip-ds6-route.o)
                0x0000000000009b85                uip_ds6_notification_add
                0x0000000000009bc8                uip_ds6_notification_rm
                0x0000000000009bed                uip_ds6_route_init
                0x0000000000009c85                uip_ds6_route_nexthop
                0x0000000000009cb5                uip_ds6_route_head
                0x0000000000009cca                uip_ds6_route_next
                0x0000000000009cfa                uip_ds6_route_is_nexthop
                0x0000000000009d45                uip_ds6_route_num_routes
                0x0000000000009d51                uip_ds6_route_lookup
                0x0000000000009e2b                uip_ds6_route_add
                0x000000000000a07f                uip_ds6_route_rm
                0x000000000000a257                uip_ds6_route_rm_by_nexthop
                0x000000000000a29c                uip_ds6_defrt_head
                0x000000000000a2b1                uip_ds6_defrt_add
                0x000000000000a36e                uip_ds6_defrt_rm
                0x000000000000a3fa                uip_ds6_defrt_lookup
                0x000000000000a45f                uip_ds6_defrt_choose
                0x000000000000a4de                uip_ds6_defrt_periodic
 .text          0x000000000000a556     0x2c0a contiki-native.a(uip6.o)
                0x000000000000a556                uip_add32
                0x000000000000a711                uip_chksum
                0x000000000000a800                uip_icmp6chksum
                0x000000000000a810                uip_tcpchksum
                0x000000000000a820                uip_udpchksum
                0x000000000000a830                uip_init
                0x000000000000a8e8                uip_connect
                0x000000000000aa8e                remove_ext_hdr
                0x000000000000ab6b                uip_udp_new
                0x000000000000acca                uip_unlisten
                0x000000000000ad1b                uip_listen
                0x000000000000b003                uip_process
                0x000000000000d038                uip_htons
                0x000000000000d057                uip_htonl
                0x000000000000d09b                uip_send
 .text          0x000000000000d160      0x2eb contiki-native.a(uip-ds6-nbr.o)
                0x000000000000d160                uip_ds6_neighbors_init
                0x000000000000d182                uip_ds6_nbr_add
                0x000000000000d211                uip_ds6_nbr_rm
                0x000000000000d25f                uip_ds6_nbr_get_ipaddr
                0x000000000000d27b                uip_ds6_nbr_get_ll
                0x000000000000d29f                uip_ds6_nbr_num
                0x000000000000d2ed                uip_ds6_nbr_lookup
                0x000000000000d35f                uip_ds6_nbr_ll_lookup
                0x000000000000d383                uip_ds6_nbr_ipaddr_from_lladdr
                0x000000000000d3b3                uip_ds6_nbr_lladdr_from_ipaddr
                0x000000000000d3eb                uip_ds6_link_neighbor_callback
 .text          0x000000000000d44b      0x779 contiki-native.a(uip-nd6.o)
                0x000000000000dbb1                uip_nd6_init
 .text          0x000000000000dbc4     0x29ce contiki-native.a(sicslowpan.o)
                0x000000000000e21c                rime_sniffer_add
                0x000000000000e232                rime_sniffer_remove
                0x000000000001051f                sicslowpan_init
                0x0000000000010586                sicslowpan_get_last_rssi
 .text          0x0000000000010592      0x197 contiki-native.a(uip-packetqueue)
                0x00000000000105ca                uip_packetqueue_new
                0x00000000000105e0                uip_packetqueue_alloc
                0x0000000000010656                uip_packetqueue_free
                0x00000000000106a7                uip_packetqueue_buf
                0x00000000000106cf                uip_packetqueue_buflen
                0x00000000000106fa                uip_packetqueue_set_buflen
 .text          0x0000000000010729      0xb27 contiki-native.a(tcpip.o)
                0x0000000000010729                tcpip_output
                0x0000000000010763                tcpip_set_outputfunc
                0x00000000000107ff                tcp_connect
                0x0000000000010866                tcp_unlisten
                0x00000000000108ce                tcp_listen
                0x0000000000010932                tcp_attach
                0x0000000000010967                udp_attach
                0x000000000001099c                udp_new
                0x0000000000010a02                udp_broadcast_new
                0x0000000000010a9a                icmp6_new
                0x0000000000010ad5                tcpip_icmp6_call
                0x0000000000010d49                tcpip_input
                0x0000000000010d76                tcpip_ipv6_output
                0x0000000000011047                tcpip_poll_udp
                0x000000000001106e                tcpip_poll_tcp
                0x0000000000011095                tcpip_uipcall
 .text          0x0000000000011250      0x174 contiki-native.a(uip-debug.o)
                0x0000000000011250                uip_debug_ipaddr_print
 .text          0x00000000000113c4      0xb76 contiki-native.a(rpl-ext-header.)
                0x00000000000113c4                rpl_verify_hbh_header
                0x0000000000011cad                rpl_remove_header
                0x0000000000011e50                rpl_update_header
 .text          0x0000000000011f3a      0x698 contiki-native.a(rpl.o)
                0x0000000000011f3a                rpl_get_mode
                0x0000000000011f46                rpl_set_mode
                0x0000000000011fec                rpl_purge_routes
                0x0000000000012108                rpl_remove_routes
                0x000000000001215e                rpl_remove_routes_by_nexthop
                0x00000000000121d3                rpl_add_route
                0x0000000000012282                rpl_link_neighbor_callback
                0x000000000001236b                rpl_ipv6_neighbor_callback
                0x00000000000123f2                rpl_purge_dags
                0x000000000001254e                rpl_init
 .text          0x00000000000125d2     0x1f2e contiki-native.a(rpl-icmp6.o)
                0x00000000000128df                rpl_icmp6_update_nbr_table
                0x00000000000129ea                dis_output
                0x0000000000013143                dio_output
                0x0000000000014031                dao_output
                0x0000000000014107                dao_output_target
                0x00000000000144b2                dao_ack_output
                0x00000000000144c9                rpl_icmp6_register_handlers
 .text          0x0000000000014500     0x2d96 contiki-native.a(rpl-dag.o)
                0x0000000000014500                rpl_print_neighbor_list
                0x0000000000014726                rpl_get_nbr
                0x0000000000014783                rpl_dag_init
                0x00000000000147a0                rpl_get_parent
                0x00000000000147cc                rpl_get_parent_rank
                0x000000000001480a                rpl_get_parent_link_metric
                0x000000000001487b                rpl_rank_via_parent
                0x00000000000148ec                rpl_get_parent_lladdr
                0x0000000000014910                rpl_get_parent_ipaddr
                0x000000000001493a                rpl_get_parent_link_stats
                0x0000000000014964                rpl_parent_is_fresh
                0x000000000001498e                rpl_parent_is_reachable
                0x0000000000014d58                rpl_set_root
                0x0000000000014fff                rpl_repair_root
                0x000000000001526a                rpl_set_prefix
                0x0000000000015371                rpl_set_default_route
                0x00000000000153f7                rpl_alloc_instance
                0x0000000000015497                rpl_alloc_dag
                0x0000000000015560                rpl_set_default_instance
                0x0000000000015576                rpl_get_default_instance
                0x0000000000015583                rpl_free_instance
                0x0000000000015651                rpl_free_dag
                0x00000000000156e0                rpl_add_parent
                0x00000000000157b1                rpl_find_parent
                0x0000000000015829                rpl_find_parent_any_dag
                0x000000000001587a                rpl_select_dag
                0x0000000000015d1d                rpl_select_parent
                0x0000000000015e0c                rpl_remove_parent
                0x0000000000015e3d                rpl_nullify_parent
                0x0000000000015f1e                rpl_move_parent
                0x0000000000016003                rpl_has_downward_route
                0x000000000001605e                rpl_get_dag
                0x00000000000161b8                rpl_get_any_dag
                0x0000000000016229                rpl_get_instance
                0x000000000001629b                rpl_find_of
                0x00000000000162d9                rpl_join_instance
                0x00000000000165f2                rpl_add_dag
                0x0000000000016a33                rpl_local_repair
                0x0000000000016b53                rpl_recalculate_ranks
                0x0000000000016bf0                rpl_process_parent_event
                0x0000000000016d43                rpl_process_dio
 .text          0x0000000000017296      0x32c contiki-native.a(queuebuf.o)
                0x00000000000172a7                queuebuf_init
                0x00000000000172c6                queuebuf_numfree
                0x00000000000172d8                queuebuf_new_from_packetbuf
                0x0000000000017381                queuebuf_update_attr_from_packetbuf
                0x00000000000173c0                queuebuf_update_from_packetbuf
                0x0000000000017418                queuebuf_free
                0x0000000000017467                queuebuf_to_packetbuf
                0x00000000000174d9                queuebuf_dataptr
                0x0000000000017519                queuebuf_datalen
                0x0000000000017545                queuebuf_addr
                0x0000000000017584                queuebuf_attr
                0x00000000000175bb                queuebuf_debug_print
 .text          0x00000000000175c2      0x9ba contiki-native.a(nbr-table.o)
                0x0000000000017b6a                nbr_table_register
                0x0000000000017bd1                nbr_table_head
                0x0000000000017c38                nbr_table_next
                0x0000000000017cae                nbr_table_add_lladdr
                0x0000000000017da0                nbr_table_get_from_lladdr
                0x0000000000017df8                nbr_table_remove
                0x0000000000017e48                nbr_table_lock
                0x0000000000017e76                nbr_table_unlock
                0x0000000000017ea4                nbr_table_get_lladdr
                0x0000000000017ee3                nbr_table_update_lladdr
 .text          0x0000000000017f7c      0x4ca contiki-native.a(packetbuf.o)
                0x0000000000017f7c                packetbuf_clear
                0x0000000000017fa6                packetbuf_copyfrom
                0x0000000000017ffc                packetbuf_compact
                0x0000000000018083                packetbuf_copyto
                0x0000000000018126                packetbuf_hdralloc
                0x00000000000181b1                packetbuf_hdrreduce
                0x00000000000181fd                packetbuf_set_datalen
                0x0000000000018215                packetbuf_dataptr
                0x0000000000018237                packetbuf_hdrptr
                0x0000000000018244                packetbuf_datalen
                0x0000000000018251                packetbuf_hdrlen
                0x0000000000018269                packetbuf_totlen
                0x0000000000018280                packetbuf_remaininglen
                0x0000000000018294                packetbuf_attr_clear
                0x00000000000182ee                packetbuf_attr_copyto
                0x0000000000018332                packetbuf_attr_copyfrom
                0x0000000000018376                packetbuf_set_attr
                0x00000000000183a5                packetbuf_attr
                0x00000000000183c5                packetbuf_set_addr
                0x0000000000018407                packetbuf_addr
                0x000000000001842d                packetbuf_holds_broadcast
 .text          0x0000000000018446       0x34 contiki-native.a(netstack.o)
                0x0000000000018446                netstack_init
 .text          0x000000000001847a       0x71 contiki-native.a(linkaddr.o)
                0x000000000001847a                linkaddr_copy
                0x0000000000018497                linkaddr_cmp
                0x00000000000184c9                linkaddr_set_node_addr
 .text          0x00000000000184eb      0x369 contiki-native.a(link-stats.o)
                0x00000000000184eb                link_stats_from_lladdr
                0x000000000001850f                link_stats_is_fresh
                0x000000000001855a                guess_etx_from_rssi
                0x00000000000185db                link_stats_packet_sent
                0x0000000000018701                link_stats_input_callback
                0x000000000001881c                link_stats_init
 .text          0x0000000000018854       0x76 contiki-native.a(nullmac.o)
 .text          0x00000000000188ca      0x352 contiki-native.a(framer-802154.o)
 .text          0x0000000000018c1c      0xc72 contiki-native.a(frame802154.o)
                0x0000000000018c4a                frame802154_get_pan_id
                0x0000000000018c57                frame802154_set_pan_id
                0x0000000000018c6f                frame802154_has_panid
                0x0000000000018e4a                frame802154_check_dest_panid
                0x0000000000018ee5                frame802154_is_broadcast_addr
                0x0000000000018f38                frame802154_extract_linkaddr
                0x00000000000191c8                frame802154_hdrlen
                0x0000000000019243                frame802154_create_fcf
                0x0000000000019311                frame802154_create
                0x00000000000194b7                frame802154_parse_fcf
                0x00000000000195aa                frame802154_parse
 .text          0x000000000001988e      0x1ea contiki-native.a(nullrdc.o)
 .text          0x0000000000019a78       0x50 contiki-native.a(nullsec.o)
 .text          0x0000000000019ac8       0xbd contiki-native.a(clock.o)
                0x0000000000019ac8                clock_time
                0x0000000000019b39                clock_seconds
                0x0000000000019b7b                clock_delay
 .text          0x0000000000019b85       0xf8 contiki-native.a(rtimer-arch.o)
                0x0000000000019ba9                rtimer_arch_init
                0x0000000000019bc1                rtimer_arch_schedule
 .text          0x0000000000019c7d       0x2a contiki-native.a(watchdog.o)
                0x0000000000019c7d                watchdog_init
                0x0000000000019c84                watchdog_start
                0x0000000000019c8b                watchdog_periodic
                0x0000000000019c92                watchdog_stop
                0x0000000000019c99                watchdog_reboot
 .text          0x0000000000019ca7      0x106 contiki-native.a(stimer.o)
                0x0000000000019ca7                stimer_set
                0x0000000000019cd5                stimer_reset
                0x0000000000019cf9                stimer_restart
                0x0000000000019d17                stimer_expired
                0x0000000000019d58                stimer_remaining
                0x0000000000019d8a                stimer_elapsed
 .text          0x0000000000019dad       0xfd contiki-native.a(nullradio.o)
 .text          0x0000000000019eaa      0x20e contiki-native.a(memb.o)
                0x0000000000019eaa                memb_init
                0x0000000000019f09                memb_alloc
                0x0000000000019f81                memb_free
                0x000000000001a019                memb_inmemb
                0x000000000001a06c                memb_numfree
 .text          0x000000000001a0b8       0x27 contiki-native.a(random.o)
                0x000000000001a0b8                random_init
                0x000000000001a0d4                random_rand
 .text          0x000000000001a0df      0xa43 contiki-native.a(uip-icmp6.o)
                0x000000000001a158                uip_icmp6_input
                0x000000000001a1b2                uip_icmp6_register_input_handler
                0x000000000001a3e5                uip_icmp6_error_output
                0x000000000001a797                uip_icmp6_send
                0x000000000001aa9b                uip_icmp6_echo_reply_callback_add
                0x000000000001aade                uip_icmp6_echo_reply_callback_rm
                0x000000000001ab03                uip_icmp6_init
 .text          0x000000000001ab22      0x38d contiki-native.a(rpl-nbr-policy.)
                0x000000000001ad24                find_removable_dis
                0x000000000001ad50                find_removable_dio
                0x000000000001ade5                find_removable_dao
                0x000000000001ae46                rpl_nbr_policy_find_removable
 .text          0x000000000001aeaf      0x99d contiki-native.a(rpl-timers.o)
                0x000000000001b16c                rpl_reset_periodic_timer
                0x000000000001b1bf                rpl_reset_dio_timer
                0x000000000001b430                rpl_schedule_dao
                0x000000000001b450                rpl_schedule_dao_immediately
                0x000000000001b470                rpl_cancel_dao
                0x000000000001b4eb                rpl_schedule_unicast_dio_immediately
                0x000000000001b51d                get_probing_delay
                0x000000000001b5ac                get_probing_target
                0x000000000001b80c                rpl_schedule_probing
 .text          0x000000000001b84c      0x376 contiki-native.a(rpl-mrhof.o)
 .text          0x000000000001bbc2       0x48 contiki-native.a(mac.o)
                0x000000000001bbc2                mac_call_sent_callback
 *fill*         0x000000000001bc0a        0x6 
 .text          0x000000000001bc10       0x72 /usr/lib/x86_64-linux-gnu/libc_nonshared.a(elf-init.oS)
                0x000000000001bc10                __libc_csu_init
                0x000000000001bc80                __libc_csu_fini
 .text          0x000000000001bc82        0x0 /usr/lib/gcc/x86_64-linux-gnu/7/crtendS.o
 .text          0x000000000001bc82        0x0 /usr/lib/gcc/x86_64-linux-gnu/7/../../../x86_64-linux-gnu/crtn.o
 *(.gnu.warning)

.fini           0x000000000001bc84        0x9
 *(SORT_NONE(.fini))
 .fini          0x000000000001bc84        0x4 /usr/lib/gcc/x86_64-linux-gnu/7/../../../x86_64-linux-gnu/crti.o
                0x000000000001bc84                _fini
 .fini          0x000000000001bc88        0x5 /usr/lib/gcc/x86_64-linux-gnu/7/../../../x86_64-linux-gnu/crtn.o
                [!provide]                        PROVIDE (__etext = .)
                [!provide]                        PROVIDE (_etext = .)
                [!provide]                        PROVIDE (etext = .)

.rodata         0x000000000001bc90      0x358
 *(.rodata .rodata.* .gnu.linkonce.r.*)
 .rodata.cst4   0x000000000001bc90        0x4 /usr/lib/gcc/x86_64-linux-gnu/7/../../../x86_64-linux-gnu/Scrt1.o
                0x000000000001bc90                _IO_stdin_used
 .rodata        0x000000000001bc94       0x12 ledmotes.co
 *fill*         0x000000000001bca6        0x2 
 .rodata        0x000000000001bca8       0xc0 contiki-native.a(contiki-main.o)
 .rodata        0x000000000001bd68        0x7 contiki-native.a(button-sensor.o)
 .rodata        0x000000000001bd6f        0x4 contiki-native.a(pir-sensor.o)
 .rodata        0x000000000001bd73        0xa contiki-native.a(vib-sensor.o)
 .rodata        0x000000000001bd7d        0x8 contiki-native.a(sensors.o)
 .rodata        0x000000000001bd85        0xf contiki-native.a(ctimer.o)
 .rodata        0x000000000001bd94        0xc contiki-native.a(etimer.o)
 .rodata        0x000000000001bda0        0xe contiki-native.a(serial-line.o)
 *fill*         0x000000000001bdae        0x2 
 .rodata        0x000000000001bdb0      0x13c contiki-native.a(uip6.o)
 .rodata        0x000000000001beec       0x1d contiki-native.a(sicslowpan.o)
                0x000000000001beec                unc_llconf
                0x000000000001bef0                unc_ctxconf
                0x000000000001bef4                unc_mxconf
                0x000000000001bef8                llprefix
 .rodata        0x000000000001bf09        0xd contiki-native.a(tcpip.o)
 .rodata        0x000000000001bf16       0x28 contiki-native.a(uip-debug.o)
 *fill*         0x000000000001bf3e        0x2 
 .rodata        0x000000000001bf40       0x88 contiki-native.a(rpl-dag.o)
 .rodata        0x000000000001bfc8        0x8 contiki-native.a(linkaddr.o)
                0x000000000001bfc8                linkaddr_null
 .rodata        0x000000000001bfd0        0x8 contiki-native.a(nullmac.o)
 .rodata        0x000000000001bfd8        0x8 contiki-native.a(nullrdc.o)
 .rodata        0x000000000001bfe0        0x8 contiki-native.a(nullsec.o)

.rodata1
 *(.rodata1)

.eh_frame_hdr   0x000000000001bfe8      0xff4
 *(.eh_frame_hdr)
 .eh_frame_hdr  0x000000000001bfe8      0xff4 /usr/lib/gcc/x86_64-linux-gnu/7/../../../x86_64-linux-gnu/Scrt1.o
                0x000000000001bfe8                __GNU_EH_FRAME_HDR
 *(.eh_frame_entry .eh_frame_entry.*)

.eh_frame       0x000000000001cfe0     0x4060
 *(.eh_frame)
 .eh_frame      0x000000000001cfe0       0x30 /usr/lib/gcc/x86_64-linux-gnu/7/../../../x86_64-linux-gnu/Scrt1.o
                                         0x2c (size before relaxing)
 *fill*         0x000000000001d010        0x0 
 .eh_frame      0x000000000001d010       0x40 /usr/lib/gcc/x86_64-linux-gnu/7/../../../x86_64-linux-gnu/Scrt1.o
 .eh_frame      0x000000000001d050       0x18 /usr/lib/gcc/x86_64-linux-gnu/7/../../../x86_64-linux-gnu/Scrt1.o
                                         0x30 (size before relaxing)
 .eh_frame      0x000000000001d068       0x20 ledmotes.co
                                         0x38 (size before relaxing)
 .eh_frame      0x000000000001d088       0xe0 contiki-native.a(contiki-main.o)
                                         0xf8 (size before relaxing)
 .eh_frame      0x000000000001d168      0x100 contiki-native.a(leds.o)
                                        0x118 (size before relaxing)
 .eh_frame      0x000000000001d268       0x60 contiki-native.a(leds-arch.o)
                                         0x78 (size before relaxing)
 .eh_frame      0x000000000001d2c8       0x80 contiki-native.a(button-sensor.o)
                                         0x98 (size before relaxing)
 .eh_frame      0x000000000001d348       0x80 contiki-native.a(pir-sensor.o)
                                         0x98 (size before relaxing)
 .eh_frame      0x000000000001d3c8       0x80 contiki-native.a(vib-sensor.o)
                                         0x98 (size before relaxing)
 .eh_frame      0x000000000001d448       0xc0 contiki-native.a(sensors.o)
                                         0xd8 (size before relaxing)
 .eh_frame      0x000000000001d508      0x100 contiki-native.a(ctimer.o)
                                        0x118 (size before relaxing)
 .eh_frame      0x000000000001d608       0x40 contiki-native.a(autostart.o)
                                         0x58 (size before relaxing)
 .eh_frame      0x000000000001d648      0x1e0 contiki-native.a(etimer.o)
                                        0x1f8 (size before relaxing)
 .eh_frame      0x000000000001d828      0x1c8 contiki-native.a(process.o)
                                        0x1e0 (size before relaxing)
 .eh_frame      0x000000000001d9f0       0x60 contiki-native.a(rtimer.o)
                                         0x78 (size before relaxing)
 .eh_frame      0x000000000001da50       0xa0 contiki-native.a(timer.o)
                                         0xb8 (size before relaxing)
 .eh_frame      0x000000000001daf0       0x60 contiki-native.a(serial-line.o)
                                         0x78 (size before relaxing)
 .eh_frame      0x000000000001db50      0x180 contiki-native.a(list.o)
                                        0x198 (size before relaxing)
 .eh_frame      0x000000000001dcd0       0xa0 contiki-native.a(ringbuf.o)
                                         0xb8 (size before relaxing)
 .eh_frame      0x000000000001dd70      0x2c8 contiki-native.a(uip-ds6.o)
                                        0x2e0 (size before relaxing)
 .eh_frame      0x000000000001e038      0x2c0 contiki-native.a(uip-ds6-route.o)
                                        0x2d8 (size before relaxing)
 .eh_frame      0x000000000001e2f8      0x270 contiki-native.a(uip6.o)
                                        0x288 (size before relaxing)
 .eh_frame      0x000000000001e568      0x160 contiki-native.a(uip-ds6-nbr.o)
                                        0x178 (size before relaxing)
 .eh_frame      0x000000000001e6c8       0x80 contiki-native.a(uip-nd6.o)
                                         0x98 (size before relaxing)
 .eh_frame      0x000000000001e748      0x2a0 contiki-native.a(sicslowpan.o)
                                        0x2b8 (size before relaxing)
 .eh_frame      0x000000000001e9e8       0xe0 contiki-native.a(uip-packetqueue)
                                         0xf8 (size before relaxing)
 .eh_frame      0x000000000001eac8      0x2a8 contiki-native.a(tcpip.o)
                                        0x2c0 (size before relaxing)
 .eh_frame      0x000000000001ed70       0x20 contiki-native.a(uip-debug.o)
                                         0x38 (size before relaxing)
 .eh_frame      0x000000000001ed90       0xa0 contiki-native.a(rpl-ext-header.)
                                         0xb8 (size before relaxing)
 .eh_frame      0x000000000001ee30      0x140 contiki-native.a(rpl.o)
                                        0x158 (size before relaxing)
 .eh_frame      0x000000000001ef70      0x288 contiki-native.a(rpl-icmp6.o)
                                        0x2a0 (size before relaxing)
 .eh_frame      0x000000000001f1f8      0x710 contiki-native.a(rpl-dag.o)
                                        0x728 (size before relaxing)
 .eh_frame      0x000000000001f908      0x1a0 contiki-native.a(queuebuf.o)
                                        0x1b8 (size before relaxing)
 .eh_frame      0x000000000001faa8      0x2a0 contiki-native.a(nbr-table.o)
                                        0x2b8 (size before relaxing)
 .eh_frame      0x000000000001fd48      0x2a8 contiki-native.a(packetbuf.o)
                                        0x2c0 (size before relaxing)
 .eh_frame      0x000000000001fff0       0x20 contiki-native.a(netstack.o)
                                         0x38 (size before relaxing)
 .eh_frame      0x0000000000020010       0x60 contiki-native.a(linkaddr.o)
                                         0x78 (size before relaxing)
 .eh_frame      0x0000000000020070       0xe0 contiki-native.a(link-stats.o)
                                         0xf8 (size before relaxing)
 .eh_frame      0x0000000000020150       0xc0 contiki-native.a(nullmac.o)
                                         0xd8 (size before relaxing)
 .eh_frame      0x0000000000020210       0x88 contiki-native.a(framer-802154.o)
                                         0xa0 (size before relaxing)
 .eh_frame      0x0000000000020298      0x1a8 contiki-native.a(frame802154.o)
                                        0x1c0 (size before relaxing)
 .eh_frame      0x0000000000020440      0x108 contiki-native.a(nullrdc.o)
                                        0x120 (size before relaxing)
 .eh_frame      0x0000000000020548       0x60 contiki-native.a(nullsec.o)
                                         0x78 (size before relaxing)
 .eh_frame      0x00000000000205a8       0x60 contiki-native.a(clock.o)
                                         0x78 (size before relaxing)
 .eh_frame      0x0000000000020608       0x60 contiki-native.a(rtimer-arch.o)
                                         0x78 (size before relaxing)
 .eh_frame      0x0000000000020668       0xa0 contiki-native.a(watchdog.o)
                                         0xb8 (size before relaxing)
 .eh_frame      0x0000000000020708       0xc0 contiki-native.a(stimer.o)
                                         0xd8 (size before relaxing)
 .eh_frame      0x00000000000207c8      0x1c0 contiki-native.a(nullradio.o)
                                        0x1d8 (size before relaxing)
 .eh_frame      0x0000000000020988       0xa0 contiki-native.a(memb.o)
                                         0xb8 (size before relaxing)
 .eh_frame      0x0000000000020a28       0x40 contiki-native.a(random.o)
                                         0x58 (size before relaxing)
 .eh_frame      0x0000000000020a68      0x148 contiki-native.a(uip-icmp6.o)
                                        0x160 (size before relaxing)
 .eh_frame      0x0000000000020bb0       0xc0 contiki-native.a(rpl-nbr-policy.)
                                         0xd8 (size before relaxing)
 .eh_frame      0x0000000000020c70      0x228 contiki-native.a(rpl-timers.o)
                                        0x240 (size before relaxing)
 .eh_frame      0x0000000000020e98      0x128 contiki-native.a(rpl-mrhof.o)
                                        0x140 (size before relaxing)
 .eh_frame      0x0000000000020fc0       0x20 contiki-native.a(mac.o)
                                         0x38 (size before relaxing)
 .eh_frame      0x0000000000020fe0       0x5c /usr/lib/x86_64-linux-gnu/libc_nonshared.a(elf-init.oS)
                                         0x78 (size before relaxing)
 .eh_frame      0x000000000002103c        0x4 /usr/lib/gcc/x86_64-linux-gnu/7/crtendS.o
 *(.eh_frame.*)

.gcc_except_table
 *(.gcc_except_table .gcc_except_table.*)

.gnu_extab
 *(.gnu_extab*)

.exception_ranges
 *(.exception_ranges .exception_ranges*)
                0x0000000000221b30                . = DATA_SEGMENT_ALIGN (CONSTANT (MAXPAGESIZE), CONSTANT (COMMONPAGESIZE))

.eh_frame
 *(.eh_frame)
 *(.eh_frame.*)

.gnu_extab
 *(.gnu_extab)

.gcc_except_table
 *(.gcc_except_table .gcc_except_table.*)

.exception_ranges
 *(.exception_ranges .exception_ranges*)

.tdata
 *(.tdata .tdata.* .gnu.linkonce.td.*)

.tbss
 *(.tbss .tbss.* .gnu.linkonce.tb.*)
 *(.tcommon)

.preinit_array  0x0000000000221b30        0x0
                [!provide]                        PROVIDE (__preinit_array_start = .)
 *(.preinit_array)
                [!provide]                        PROVIDE (__preinit_array_end = .)

.init_array     0x0000000000221b30        0x8
                0x0000000000221b30                PROVIDE (__init_array_start = .)
 *(SORT_BY_INIT_PRIORITY(.init_array.*) SORT_BY_INIT_PRIORITY(.ctors.*))
 *(.init_array EXCLUDE_FILE(*crtend?.o *crtend.o *crtbegin?.o *crtbegin.o) .ctors)
 .init_array    0x0000000000221b30        0x8 /usr/lib/gcc/x86_64-linux-gnu/7/crtbeginS.o
                0x0000000000221b38                PROVIDE (__init_array_end = .)

.fini_array     0x0000000000221b38        0x8
                [!provide]                        PROVIDE (__fini_array_start = .)
 *(SORT_BY_INIT_PRIORITY(.fini_array.*) SORT_BY_INIT_PRIORITY(.dtors.*))
 *(.fini_array EXCLUDE_FILE(*crtend?.o *crtend.o *crtbegin?.o *crtbegin.o) .dtors)
 .fini_array    0x0000000000221b38        0x8 /usr/lib/gcc/x86_64-linux-gnu/7/crtbeginS.o
                [!provide]                        PROVIDE (__fini_array_end = .)

.ctors
 *crtbegin.o(.ctors)
 *crtbegin?.o(.ctors)
 *(EXCLUDE_FILE(*crtend?.o *crtend.o) .ctors)
 *(SORT_BY_NAME(.ctors.*))
 *(.ctors)

.dtors
 *crtbegin.o(.dtors)
 *crtbegin?.o(.dtors)
 *(EXCLUDE_FILE(*crtend?.o *crtend.o) .dtors)
 *(SORT_BY_NAME(.dtors.*))
 *(.dtors)

.jcr
 *(.jcr)

.data.rel.ro    0x0000000000221b40      0x1d8
 *(.data.rel.ro.local* .gnu.linkonce.d.rel.ro.local.*)
 .data.rel.ro.local
                0x0000000000221b40       0x10 ledmotes.co
                0x0000000000221b40                autostart_processes
 .data.rel.ro.local
                0x0000000000221b50       0x10 contiki-native.a(contiki-main.o)
 .data.rel.ro.local
                0x0000000000221b60       0x20 contiki-native.a(button-sensor.o)
                0x0000000000221b60                button_sensor
 .data.rel.ro.local
                0x0000000000221b80       0x20 contiki-native.a(pir-sensor.o)
                0x0000000000221b80                pir_sensor
 .data.rel.ro.local
                0x0000000000221ba0       0x20 contiki-native.a(vib-sensor.o)
                0x0000000000221ba0                vib_sensor
 .data.rel.ro.local
                0x0000000000221bc0       0x18 contiki-native.a(sicslowpan.o)
                0x0000000000221bc0                sicslowpan_driver
 *fill*         0x0000000000221bd8        0x8 
 .data.rel.ro.local
                0x0000000000221be0       0x38 contiki-native.a(nullmac.o)
                0x0000000000221be0                nullmac_driver
 *fill*         0x0000000000221c18        0x8 
 .data.rel.ro.local
                0x0000000000221c20       0x18 contiki-native.a(framer-802154.o)
                0x0000000000221c20                framer_802154
 *fill*         0x0000000000221c38        0x8 
 .data.rel.ro.local
                0x0000000000221c40       0x40 contiki-native.a(nullrdc.o)
                0x0000000000221c40                nullrdc_driver
 .data.rel.ro.local
                0x0000000000221c80       0x20 contiki-native.a(nullsec.o)
                0x0000000000221c80                nullsec_driver
 .data.rel.ro.local
                0x0000000000221ca0       0x70 contiki-native.a(nullradio.o)
                0x0000000000221ca0                nullradio_driver
 *(.data.rel.ro .data.rel.ro.* .gnu.linkonce.d.rel.ro.*)
 .data.rel.ro   0x0000000000221d10        0x0 /usr/lib/gcc/x86_64-linux-gnu/7/../../../x86_64-linux-gnu/Scrt1.o
 .data.rel.ro   0x0000000000221d10        0x8 contiki-native.a(rpl-dag.o)

.dynamic        0x0000000000221d18      0x1f0
 *(.dynamic)
 .dynamic       0x0000000000221d18      0x1f0 /usr/lib/gcc/x86_64-linux-gnu/7/../../../x86_64-linux-gnu/Scrt1.o
                0x0000000000221d18                _DYNAMIC

.got            0x0000000000221f08       0xf0
 *(.got.plt)
 .got.plt       0x0000000000221f08       0xc8 /usr/lib/gcc/x86_64-linux-gnu/7/../../../x86_64-linux-gnu/Scrt1.o
                0x0000000000221f08                _GLOBAL_OFFSET_TABLE_
 *(.igot.plt)
 *(.got)
 .got           0x0000000000221fd0       0x28 /usr/lib/gcc/x86_64-linux-gnu/7/../../../x86_64-linux-gnu/Scrt1.o
 *(.igot)
                0x0000000000222000                . = DATA_SEGMENT_RELRO_END (., 0x0)

.data           0x0000000000222000      0x408
 *(.data .data.* .gnu.linkonce.d.*)
 .data          0x0000000000222000        0x4 /usr/lib/gcc/x86_64-linux-gnu/7/../../../x86_64-linux-gnu/Scrt1.o
                0x0000000000222000                data_start
                0x0000000000222000                __data_start
 .data          0x0000000000222004        0x0 /usr/lib/gcc/x86_64-linux-gnu/7/../../../x86_64-linux-gnu/crti.o
 .data          0x0000000000222004        0x0 /usr/lib/gcc/x86_64-linux-gnu/7/crtbeginS.o
 *fill*         0x0000000000222004        0x4 
 .data.rel.local
                0x0000000000222008        0x8 /usr/lib/gcc/x86_64-linux-gnu/7/crtbeginS.o
                0x0000000000222008                __dso_handle
 .data          0x0000000000222010        0x0 ledmotes.co
 *fill*         0x0000000000222010       0x10 
 .data.rel.local
                0x0000000000222020       0x20 ledmotes.co
                0x0000000000222020                blink_process
 .data          0x0000000000222040        0x8 contiki-native.a(contiki-main.o)
 *fill*         0x0000000000222048       0x18 
 .data.rel      0x0000000000222060       0x20 contiki-native.a(contiki-main.o)
                0x0000000000222060                sensors
 .data          0x0000000000222080        0x0 contiki-native.a(leds.o)
 .data          0x0000000000222080        0x0 contiki-native.a(leds-arch.o)
 .data          0x0000000000222080        0x0 contiki-native.a(button-sensor.o)
 .data          0x0000000000222080        0x0 contiki-native.a(pir-sensor.o)
 .data          0x0000000000222080        0x0 contiki-native.a(vib-sensor.o)
 .data          0x0000000000222080        0x0 contiki-native.a(sensors.o)
 .data.rel.local
                0x0000000000222080       0x20 contiki-native.a(sensors.o)
                0x0000000000222080                sensors_process
 .data          0x00000000002220a0        0x0 contiki-native.a(ctimer.o)
 .data.rel.local
                0x00000000002220a0       0x40 contiki-native.a(ctimer.o)
                0x00000000002220c0                ctimer_process
 .data          0x00000000002220e0        0x0 contiki-native.a(autostart.o)
 .data          0x00000000002220e0        0x0 contiki-native.a(etimer.o)
 .data.rel.local
                0x00000000002220e0       0x20 contiki-native.a(etimer.o)
                0x00000000002220e0                etimer_process
 .data          0x0000000000222100        0x0 contiki-native.a(process.o)
 .data          0x0000000000222100        0x0 contiki-native.a(rtimer.o)
 .data          0x0000000000222100        0x0 contiki-native.a(timer.o)
 .data          0x0000000000222100        0x0 contiki-native.a(serial-line.o)
 .data.rel.local
                0x0000000000222100       0x20 contiki-native.a(serial-line.o)
                0x0000000000222100                serial_line_process
 .data          0x0000000000222120        0x0 contiki-native.a(list.o)
 .data          0x0000000000222120        0x0 contiki-native.a(ringbuf.o)
 .data          0x0000000000222120        0x0 contiki-native.a(uip-ds6.o)
 .data          0x0000000000222120        0x0 contiki-native.a(uip-ds6-route.o)
 .data.rel.local
                0x0000000000222120       0x80 contiki-native.a(uip-ds6-route.o)
                0x0000000000222138                nbr_routes
 .data          0x00000000002221a0        0x0 contiki-native.a(uip6.o)
 .data          0x00000000002221a0        0x0 contiki-native.a(uip-ds6-nbr.o)
 .data.rel.local
                0x00000000002221a0       0x20 contiki-native.a(uip-ds6-nbr.o)
                0x00000000002221b8                ds6_neighbors
 .data          0x00000000002221c0        0x0 contiki-native.a(uip-nd6.o)
 .data.rel.local
                0x00000000002221c0       0x18 contiki-native.a(uip-nd6.o)
 .data          0x00000000002221d8        0x0 contiki-native.a(sicslowpan.o)
 .data          0x00000000002221d8        0x0 contiki-native.a(uip-packetqueue)
 *fill*         0x00000000002221d8        0x8 
 .data.rel.local
                0x00000000002221e0       0x18 contiki-native.a(uip-packetqueue)
 .data          0x00000000002221f8        0x0 contiki-native.a(tcpip.o)
 *fill*         0x00000000002221f8        0x8 
 .data.rel.local
                0x0000000000222200       0x20 contiki-native.a(tcpip.o)
                0x0000000000222200                tcpip_process
 .data          0x0000000000222220        0x0 contiki-native.a(uip-debug.o)
 .data          0x0000000000222220        0x0 contiki-native.a(rpl-ext-header.)
 .data          0x0000000000222220        0x0 contiki-native.a(rpl.o)
 .data          0x0000000000222220        0x1 contiki-native.a(rpl-icmp6.o)
 *fill*         0x0000000000222221        0xf 
 .data.rel.local
                0x0000000000222230       0x78 contiki-native.a(rpl-icmp6.o)
 .data          0x00000000002222a8        0x0 contiki-native.a(rpl-dag.o)
 *fill*         0x00000000002222a8        0x8 
 .data.rel.local
                0x00000000002222b0       0x20 contiki-native.a(rpl-dag.o)
                0x00000000002222c8                rpl_parents
 .data          0x00000000002222d0        0x0 contiki-native.a(queuebuf.o)
 .data.rel.local
                0x00000000002222d0       0x38 contiki-native.a(queuebuf.o)
 .data          0x0000000000222308        0x0 contiki-native.a(nbr-table.o)
 *fill*         0x0000000000222308        0x8 
 .data.rel.local
                0x0000000000222310       0x20 contiki-native.a(nbr-table.o)
 .data          0x0000000000222330        0x0 contiki-native.a(packetbuf.o)
 .data.rel.local
                0x0000000000222330        0x8 contiki-native.a(packetbuf.o)
 .data          0x0000000000222338        0x0 contiki-native.a(netstack.o)
 .data          0x0000000000222338        0x0 contiki-native.a(linkaddr.o)
 .data          0x0000000000222338        0x0 contiki-native.a(link-stats.o)
 *fill*         0x0000000000222338        0x8 
 .data.rel.local
                0x0000000000222340       0x20 contiki-native.a(link-stats.o)
 .data          0x0000000000222360        0x0 contiki-native.a(nullmac.o)
 .data          0x0000000000222360        0x0 contiki-native.a(framer-802154.o)
 .data          0x0000000000222360        0x2 contiki-native.a(frame802154.o)
 .data          0x0000000000222362        0x0 contiki-native.a(nullrdc.o)
 .data          0x0000000000222362        0x0 contiki-native.a(nullsec.o)
 .data          0x0000000000222362        0x0 contiki-native.a(clock.o)
 .data          0x0000000000222362        0x0 contiki-native.a(rtimer-arch.o)
 .data          0x0000000000222362        0x0 contiki-native.a(watchdog.o)
 .data          0x0000000000222362        0x0 contiki-native.a(stimer.o)
 .data          0x0000000000222362        0x0 contiki-native.a(nullradio.o)
 .data          0x0000000000222362        0x0 contiki-native.a(memb.o)
 .data          0x0000000000222362        0x0 contiki-native.a(random.o)
 .data          0x0000000000222362        0x0 contiki-native.a(uip-icmp6.o)
 *fill*         0x0000000000222362        0xe 
 .data.rel.local
                0x0000000000222370       0x48 contiki-native.a(uip-icmp6.o)
 .data          0x00000000002223b8        0x0 contiki-native.a(rpl-nbr-policy.)
 .data          0x00000000002223b8        0x0 contiki-native.a(rpl-timers.o)
 .data          0x00000000002223b8        0x0 contiki-native.a(rpl-mrhof.o)
 *fill*         0x00000000002223b8        0x8 
 .data.rel.local
                0x00000000002223c0       0x48 contiki-native.a(rpl-mrhof.o)
                0x00000000002223c0                rpl_mrhof
 .data          0x0000000000222408        0x0 contiki-native.a(mac.o)
 .data          0x0000000000222408        0x0 /usr/lib/x86_64-linux-gnu/libc_nonshared.a(elf-init.oS)
 .data          0x0000000000222408        0x0 /usr/lib/gcc/x86_64-linux-gnu/7/crtendS.o
 .data          0x0000000000222408        0x0 /usr/lib/gcc/x86_64-linux-gnu/7/../../../x86_64-linux-gnu/crtn.o

.tm_clone_table
                0x0000000000222408        0x0
 .tm_clone_table
                0x0000000000222408        0x0 /usr/lib/gcc/x86_64-linux-gnu/7/crtbeginS.o
 .tm_clone_table
                0x0000000000222408        0x0 /usr/lib/gcc/x86_64-linux-gnu/7/crtendS.o

.data1
 *(.data1)
                0x0000000000222408                _edata = .
                [!provide]                        PROVIDE (edata = .)
                0x0000000000222408                . = .
                0x0000000000222408                __bss_start = .

.bss            0x0000000000222420     0x4460
 *(.dynbss)
 .dynbss        0x0000000000222420       0x28 /usr/lib/gcc/x86_64-linux-gnu/7/../../../x86_64-linux-gnu/Scrt1.o
                0x0000000000222420                stdout@@GLIBC_2.2.5
                0x0000000000222440                stderr@@GLIBC_2.2.5
 *(.bss .bss.* .gnu.linkonce.b.*)
 .bss           0x0000000000222448        0x0 /usr/lib/gcc/x86_64-linux-gnu/7/../../../x86_64-linux-gnu/Scrt1.o
 .bss           0x0000000000222448        0x0 /usr/lib/gcc/x86_64-linux-gnu/7/../../../x86_64-linux-gnu/crti.o
 .bss           0x0000000000222448        0x1 /usr/lib/gcc/x86_64-linux-gnu/7/crtbeginS.o
 *fill*         0x0000000000222449       0x17 
 .bss           0x0000000000222460       0x21 ledmotes.co
 *fill*         0x0000000000222481       0x1f 
 .bss           0x00000000002224a0       0x64 contiki-native.a(contiki-main.o)
                0x00000000002224a0                contiki_argc
 .bss           0x0000000000222504        0x1 contiki-native.a(leds.o)
 .bss           0x0000000000222505        0x1 contiki-native.a(leds-arch.o)
 .bss           0x0000000000222506        0x0 contiki-native.a(button-sensor.o)
 *fill*         0x0000000000222506        0x2 
 .bss           0x0000000000222508        0x4 contiki-native.a(pir-sensor.o)
 .bss           0x000000000022250c        0x4 contiki-native.a(vib-sensor.o)
 .bss           0x0000000000222510        0xc contiki-native.a(sensors.o)
 *fill*         0x000000000022251c        0x4 
 .bss           0x0000000000222520        0x9 contiki-native.a(ctimer.o)
 .bss           0x0000000000222529        0x0 contiki-native.a(autostart.o)
 *fill*         0x0000000000222529        0x7 
 .bss           0x0000000000222530       0x10 contiki-native.a(etimer.o)
 .bss           0x0000000000222540      0x321 contiki-native.a(process.o)
                0x0000000000222540                process_list
                0x0000000000222548                process_current
 *fill*         0x0000000000222861        0x7 
 .bss           0x0000000000222868        0x8 contiki-native.a(rtimer.o)
 .bss           0x0000000000222870        0x0 contiki-native.a(timer.o)
 *fill*         0x0000000000222870       0x10 
 .bss           0x0000000000222880      0x140 contiki-native.a(serial-line.o)
 .bss           0x00000000002229c0        0x0 contiki-native.a(list.o)
 .bss           0x00000000002229c0        0x0 contiki-native.a(ringbuf.o)
 .bss           0x00000000002229c0       0x30 contiki-native.a(uip-ds6.o)
 *fill*         0x00000000002229f0       0x10 
 .bss           0x0000000000222a00      0xc28 contiki-native.a(uip-ds6-route.o)
 .bss           0x0000000000223628        0xa contiki-native.a(uip6.o)
                0x0000000000223628                uip_ext_bitmap
                0x0000000000223629                uip_ext_len
                0x000000000022362a                uip_ext_opt_offset
 *fill*         0x0000000000223632        0xe 
 .bss           0x0000000000223640      0x3c0 contiki-native.a(uip-ds6-nbr.o)
 .bss           0x0000000000223a00       0x20 contiki-native.a(uip-nd6.o)
 .bss           0x0000000000223a20      0x728 contiki-native.a(sicslowpan.o)
 *fill*         0x0000000000224148       0x18 
 .bss           0x0000000000224160      0x410 contiki-native.a(uip-packetqueue)
 *fill*         0x0000000000224570       0x10 
 .bss           0x0000000000224580      0x2b0 contiki-native.a(tcpip.o)
 .bss           0x0000000000224830        0x0 contiki-native.a(uip-debug.o)
 .bss           0x0000000000224830        0x0 contiki-native.a(rpl-ext-header.)
 .bss           0x0000000000224830        0x4 contiki-native.a(rpl.o)
 .bss           0x0000000000224834        0x0 contiki-native.a(rpl-icmp6.o)
 *fill*         0x0000000000224834        0xc 
 .bss           0x0000000000224840      0x1e0 contiki-native.a(rpl-dag.o)
 .bss           0x0000000000224a20      0x600 contiki-native.a(queuebuf.o)
 .bss           0x0000000000225020      0x2a8 contiki-native.a(nbr-table.o)
 *fill*         0x00000000002252c8       0x18 
 .bss           0x00000000002252e0       0xa0 contiki-native.a(packetbuf.o)
 .bss           0x0000000000225380        0x0 contiki-native.a(netstack.o)
 .bss           0x0000000000225380        0x0 contiki-native.a(linkaddr.o)
 .bss           0x0000000000225380      0x1e0 contiki-native.a(link-stats.o)
 .bss           0x0000000000225560        0x0 contiki-native.a(nullmac.o)
 .bss           0x0000000000225560        0x2 contiki-native.a(framer-802154.o)
 .bss           0x0000000000225562        0x0 contiki-native.a(frame802154.o)
 .bss           0x0000000000225562        0x0 contiki-native.a(nullrdc.o)
 .bss           0x0000000000225562        0x0 contiki-native.a(nullsec.o)
 .bss           0x0000000000225562        0x0 contiki-native.a(clock.o)
 .bss           0x0000000000225562        0x0 contiki-native.a(rtimer-arch.o)
 .bss           0x0000000000225562        0x0 contiki-native.a(watchdog.o)
 .bss           0x0000000000225562        0x0 contiki-native.a(stimer.o)
 .bss           0x0000000000225562        0x0 contiki-native.a(nullradio.o)
 .bss           0x0000000000225562        0x0 contiki-native.a(memb.o)
 .bss           0x0000000000225562        0x0 contiki-native.a(random.o)
 *fill*         0x0000000000225562        0xe 
 .bss           0x0000000000225570       0x20 contiki-native.a(uip-icmp6.o)
 *fill*         0x0000000000225590       0x10 
 .bss           0x00000000002255a0       0x64 contiki-native.a(rpl-nbr-policy.)
 *fill*         0x0000000000225604       0x1c 
 .bss           0x0000000000225620       0x43 contiki-native.a(rpl-timers.o)
 .bss           0x0000000000225663        0x0 contiki-native.a(rpl-mrhof.o)
 .bss           0x0000000000225663        0x0 contiki-native.a(mac.o)
 .bss           0x0000000000225663        0x0 /usr/lib/x86_64-linux-gnu/libc_nonshared.a(elf-init.oS)
 .bss           0x0000000000225663        0x0 /usr/lib/gcc/x86_64-linux-gnu/7/crtendS.o
 .bss           0x0000000000225663        0x0 /usr/lib/gcc/x86_64-linux-gnu/7/../../../x86_64-linux-gnu/crtn.o
 *(COMMON)
 *fill*         0x0000000000225663        0x5 
 COMMON         0x0000000000225668        0xc contiki-native.a(contiki-main.o)
                0x0000000000225668                contiki_argv
                0x0000000000225670                sensors_flags
 COMMON         0x0000000000225674        0x1 contiki-native.a(sensors.o)
                0x0000000000225674                sensors_event
 COMMON         0x0000000000225675        0x1 contiki-native.a(serial-line.o)
                0x0000000000225675                serial_line_event_message
 *fill*         0x0000000000225676        0xa 
 COMMON         0x0000000000225680      0x1c1 contiki-native.a(uip-ds6.o)
                0x0000000000225680                uip_ds6_prefix_list
                0x00000000002256e0                uip_ds6_timer_periodic
                0x0000000000225700                uip_ds6_netif_addr_list_offset
                0x0000000000225720                uip_ds6_if
                0x0000000000225830                uip_ds6_timer_ra
                0x0000000000225840                uip_ds6_addr_size
 *fill*         0x0000000000225841       0x1f 
 COMMON         0x0000000000225860      0xd38 contiki-native.a(uip6.o)
                0x0000000000225860                uip_slen
                0x0000000000225862                uip_acc32
                0x0000000000225880                uip_conns
                0x0000000000226140                uip_icmp6_conns
                0x0000000000226150                uip_lladdr
                0x0000000000226158                uip_appdata
                0x0000000000226160                uip_flags
                0x0000000000226180                uip_aligned_buf
                0x0000000000226340                uip_listenports
                0x0000000000226390                uip_len
                0x0000000000226398                uip_sappdata
                0x00000000002263a0                uip_udp_conns
                0x0000000000226580                uip_udp_conn
                0x0000000000226588                uip_next_hdr
                0x0000000000226590                uip_conn
 COMMON         0x0000000000226598        0x2 contiki-native.a(tcpip.o)
                0x0000000000226598                tcpip_icmp6_event
                0x0000000000226599                tcpip_event
 *fill*         0x000000000022659a        0x6 
 COMMON         0x00000000002265a0      0x250 contiki-native.a(rpl-dag.o)
                0x00000000002265a0                default_instance
                0x00000000002265c0                instance_table
 COMMON         0x00000000002267f0       0x30 contiki-native.a(packetbuf.o)
                0x00000000002267f0                packetbuf_attrs
                0x0000000000226810                packetbuf_addrs
 COMMON         0x0000000000226820        0x8 contiki-native.a(linkaddr.o)
                0x0000000000226820                linkaddr_node_addr
 *fill*         0x0000000000226828       0x18 
 COMMON         0x0000000000226840       0x40 contiki-native.a(link-stats.o)
                0x0000000000226840                periodic_timer
                0x0000000000226880                . = ALIGN ((. != 0x0)?0x8:0x1)

.lbss
 *(.dynlbss)
 *(.lbss .lbss.* .gnu.linkonce.lb.*)
 *(LARGE_COMMON)
                0x0000000000226880                . = ALIGN (0x8)
                0x0000000000226880                . = SEGMENT_START ("ldata-segment", .)

.lrodata
 *(.lrodata .lrodata.* .gnu.linkonce.lr.*)

.ldata          0x0000000000626880        0x0
 *(.ldata .ldata.* .gnu.linkonce.l.*)
                0x0000000000626880                . = ALIGN ((. != 0x0)?0x8:0x1)
                0x0000000000626880                . = ALIGN (0x8)
                0x0000000000626880                _end = .
                [!provide]                        PROVIDE (end = .)
                0x0000000000626880                . = DATA_SEGMENT_END (.)

.stab
 *(.stab)

.stabstr
 *(.stabstr)

.stab.excl
 *(.stab.excl)

.stab.exclstr
 *(.stab.exclstr)

.stab.index
 *(.stab.index)

.stab.indexstr
 *(.stab.indexstr)

.comment        0x0000000000000000       0x29
 *(.comment)
 .comment       0x0000000000000000       0x29 /usr/lib/gcc/x86_64-linux-gnu/7/crtbeginS.o
                                         0x2a (size before relaxing)
 .comment       0x0000000000000029       0x2a ledmotes.co
 .comment       0x0000000000000029       0x2a contiki-native.a(contiki-main.o)
 .comment       0x0000000000000029       0x2a contiki-native.a(leds.o)
 .comment       0x0000000000000029       0x2a contiki-native.a(leds-arch.o)
 .comment       0x0000000000000029       0x2a contiki-native.a(button-sensor.o)
 .comment       0x0000000000000029       0x2a contiki-native.a(pir-sensor.o)
 .comment       0x0000000000000029       0x2a contiki-native.a(vib-sensor.o)
 .comment       0x0000000000000029       0x2a contiki-native.a(sensors.o)
 .comment       0x0000000000000029       0x2a contiki-native.a(ctimer.o)
 .comment       0x0000000000000029       0x2a contiki-native.a(autostart.o)
 .comment       0x0000000000000029       0x2a contiki-native.a(etimer.o)
 .comment       0x0000000000000029       0x2a contiki-native.a(process.o)
 .comment       0x0000000000000029       0x2a contiki-native.a(rtimer.o)
 .comment       0x0000000000000029       0x2a contiki-native.a(timer.o)
 .comment       0x0000000000000029       0x2a contiki-native.a(serial-line.o)
 .comment       0x0000000000000029       0x2a contiki-native.a(list.o)
 .comment       0x0000000000000029       0x2a contiki-native.a(ringbuf.o)
 .comment       0x0000000000000029       0x2a contiki-native.a(uip-ds6.o)
 .comment       0x0000000000000029       0x2a contiki-native.a(uip-ds6-route.o)
 .comment       0x0000000000000029       0x2a contiki-native.a(uip6.o)
 .comment       0x0000000000000029       0x2a contiki-native.a(uip-ds6-nbr.o)
 .comment       0x0000000000000029       0x2a contiki-native.a(uip-nd6.o)
 .comment       0x0000000000000029       0x2a contiki-native.a(sicslowpan.o)
 .comment       0x0000000000000029       0x2a contiki-native.a(uip-packetqueue)
 .comment       0x0000000000000029       0x2a contiki-native.a(tcpip.o)
 .comment       0x0000000000000029       0x2a contiki-native.a(uip-debug.o)
 .comment       0x0000000000000029       0x2a contiki-native.a(rpl-ext-header.)
 .comment       0x0000000000000029       0x2a contiki-native.a(rpl.o)
 .comment       0x0000000000000029       0x2a contiki-native.a(rpl-icmp6.o)
 .comment       0x0000000000000029       0x2a contiki-native.a(rpl-dag.o)
 .comment       0x0000000000000029       0x2a contiki-native.a(queuebuf.o)
 .comment       0x0000000000000029       0x2a contiki-native.a(nbr-table.o)
 .comment       0x0000000000000029       0x2a contiki-native.a(packetbuf.o)
 .comment       0x0000000000000029       0x2a contiki-native.a(netstack.o)
 .comment       0x0000000000000029       0x2a contiki-native.a(linkaddr.o)
 .comment       0x0000000000000029       0x2a contiki-native.a(link-stats.o)
 .comment       0x0000000000000029       0x2a contiki-native.a(nullmac.o)
 .comment       0x0000000000000029       0x2a contiki-native.a(framer-802154.o)
 .comment       0x0000000000000029       0x2a contiki-native.a(frame802154.o)
 .comment       0x0000000000000029       0x2a contiki-native.a(nullrdc.o)
 .comment       0x0000000000000029       0x2a contiki-native.a(nullsec.o)
 .comment       0x0000000000000029       0x2a contiki-native.a(clock.o)
 .comment       0x0000000000000029       0x2a contiki-native.a(rtimer-arch.o)
 .comment       0x0000000000000029       0x2a contiki-native.a(watchdog.o)
 .comment       0x0000000000000029       0x2a contiki-native.a(stimer.o)
 .comment       0x0000000000000029       0x2a contiki-native.a(nullradio.o)
 .comment       0x0000000000000029       0x2a contiki-native.a(memb.o)
 .comment       0x0000000000000029       0x2a contiki-native.a(random.o)
 .comment       0x0000000000000029       0x2a contiki-native.a(uip-icmp6.o)
 .comment       0x0000000000000029       0x2a contiki-native.a(rpl-nbr-policy.)
 .comment       0x0000000000000029       0x2a contiki-native.a(rpl-timers.o)
 .comment       0x0000000000000029       0x2a contiki-native.a(rpl-mrhof.o)
 .comment       0x0000000000000029       0x2a contiki-native.a(mac.o)
 .comment       0x0000000000000029       0x2a /usr/lib/gcc/x86_64-linux-gnu/7/crtendS.o

.debug
 *(.debug)

.line
 *(.line)

.debug_srcinfo
 *(.debug_srcinfo)

.debug_sfnames
 *(.debug_sfnames)

.debug_aranges  0x0000000000000000      0x9f0
 *(.debug_aranges)
 .debug_aranges
                0x0000000000000000       0x30 ledmotes.co
 .debug_aranges
                0x0000000000000030       0x30 contiki-native.a(contiki-main.o)
 .debug_aranges
                0x0000000000000060       0x30 contiki-native.a(leds.o)
 .debug_aranges
                0x0000000000000090       0x30 contiki-native.a(leds-arch.o)
 .debug_aranges
                0x00000000000000c0       0x30 contiki-native.a(button-sensor.o)
 .debug_aranges
                0x00000000000000f0       0x30 contiki-native.a(pir-sensor.o)
 .debug_aranges
                0x0000000000000120       0x30 contiki-native.a(vib-sensor.o)
 .debug_aranges
                0x0000000000000150       0x30 contiki-native.a(sensors.o)
 .debug_aranges
                0x0000000000000180       0x30 contiki-native.a(ctimer.o)
 .debug_aranges
                0x00000000000001b0       0x30 contiki-native.a(autostart.o)
 .debug_aranges
                0x00000000000001e0       0x30 contiki-native.a(etimer.o)
 .debug_aranges
                0x0000000000000210       0x30 contiki-native.a(process.o)
 .debug_aranges
                0x0000000000000240       0x30 contiki-native.a(rtimer.o)
 .debug_aranges
                0x0000000000000270       0x30 contiki-native.a(timer.o)
 .debug_aranges
                0x00000000000002a0       0x30 contiki-native.a(serial-line.o)
 .debug_aranges
                0x00000000000002d0       0x30 contiki-native.a(list.o)
 .debug_aranges
                0x0000000000000300       0x30 contiki-native.a(ringbuf.o)
 .debug_aranges
                0x0000000000000330       0x30 contiki-native.a(uip-ds6.o)
 .debug_aranges
                0x0000000000000360       0x30 contiki-native.a(uip-ds6-route.o)
 .debug_aranges
                0x0000000000000390       0x30 contiki-native.a(uip6.o)
 .debug_aranges
                0x00000000000003c0       0x30 contiki-native.a(uip-ds6-nbr.o)
 .debug_aranges
                0x00000000000003f0       0x30 contiki-native.a(uip-nd6.o)
 .debug_aranges
                0x0000000000000420       0x30 contiki-native.a(sicslowpan.o)
 .debug_aranges
                0x0000000000000450       0x30 contiki-native.a(uip-packetqueue)
 .debug_aranges
                0x0000000000000480       0x30 contiki-native.a(tcpip.o)
 .debug_aranges
                0x00000000000004b0       0x30 contiki-native.a(uip-debug.o)
 .debug_aranges
                0x00000000000004e0       0x30 contiki-native.a(rpl-ext-header.)
 .debug_aranges
                0x0000000000000510       0x30 contiki-native.a(rpl.o)
 .debug_aranges
                0x0000000000000540       0x30 contiki-native.a(rpl-icmp6.o)
 .debug_aranges
                0x0000000000000570       0x30 contiki-native.a(rpl-dag.o)
 .debug_aranges
                0x00000000000005a0       0x30 contiki-native.a(queuebuf.o)
 .debug_aranges
                0x00000000000005d0       0x30 contiki-native.a(nbr-table.o)
 .debug_aranges
                0x0000000000000600       0x30 contiki-native.a(packetbuf.o)
 .debug_aranges
                0x0000000000000630       0x30 contiki-native.a(netstack.o)
 .debug_aranges
                0x0000000000000660       0x30 contiki-native.a(linkaddr.o)
 .debug_aranges
                0x0000000000000690       0x30 contiki-native.a(link-stats.o)
 .debug_aranges
                0x00000000000006c0       0x30 contiki-native.a(nullmac.o)
 .debug_aranges
                0x00000000000006f0       0x30 contiki-native.a(framer-802154.o)
 .debug_aranges
                0x0000000000000720       0x30 contiki-native.a(frame802154.o)
 .debug_aranges
                0x0000000000000750       0x30 contiki-native.a(nullrdc.o)
 .debug_aranges
                0x0000000000000780       0x30 contiki-native.a(nullsec.o)
 .debug_aranges
                0x00000000000007b0       0x30 contiki-native.a(clock.o)
 .debug_aranges
                0x00000000000007e0       0x30 contiki-native.a(rtimer-arch.o)
 .debug_aranges
                0x0000000000000810       0x30 contiki-native.a(watchdog.o)
 .debug_aranges
                0x0000000000000840       0x30 contiki-native.a(stimer.o)
 .debug_aranges
                0x0000000000000870       0x30 contiki-native.a(nullradio.o)
 .debug_aranges
                0x00000000000008a0       0x30 contiki-native.a(memb.o)
 .debug_aranges
                0x00000000000008d0       0x30 contiki-native.a(random.o)
 .debug_aranges
                0x0000000000000900       0x30 contiki-native.a(uip-icmp6.o)
 .debug_aranges
                0x0000000000000930       0x30 contiki-native.a(rpl-nbr-policy.)
 .debug_aranges
                0x0000000000000960       0x30 contiki-native.a(rpl-timers.o)
 .debug_aranges
                0x0000000000000990       0x30 contiki-native.a(rpl-mrhof.o)
 .debug_aranges
                0x00000000000009c0       0x30 contiki-native.a(mac.o)

.debug_pubnames
 *(.debug_pubnames)

.debug_info     0x0000000000000000    0x29933
 *(.debug_info .gnu.linkonce.wi.*)
 .debug_info    0x0000000000000000      0x533 ledmotes.co
 .debug_info    0x0000000000000533     0x15f6 contiki-native.a(contiki-main.o)
 .debug_info    0x0000000000001b29      0x1ca contiki-native.a(leds.o)
 .debug_info    0x0000000000001cf3       0xe2 contiki-native.a(leds-arch.o)
 .debug_info    0x0000000000001dd5      0x2db contiki-native.a(button-sensor.o)
 .debug_info    0x00000000000020b0      0x2fd contiki-native.a(pir-sensor.o)
 .debug_info    0x00000000000023ad      0x2ee contiki-native.a(vib-sensor.o)
 .debug_info    0x000000000000269b      0x3f9 contiki-native.a(sensors.o)
 .debug_info    0x0000000000002a94      0x513 contiki-native.a(ctimer.o)
 .debug_info    0x0000000000002fa7      0x1e2 contiki-native.a(autostart.o)
 .debug_info    0x0000000000003189      0x532 contiki-native.a(etimer.o)
 .debug_info    0x00000000000036bb      0x7c0 contiki-native.a(process.o)
 .debug_info    0x0000000000003e7b      0x2d2 contiki-native.a(rtimer.o)
 .debug_info    0x000000000000414d      0x195 contiki-native.a(timer.o)
 .debug_info    0x00000000000042e2      0x355 contiki-native.a(serial-line.o)
 .debug_info    0x0000000000004637      0x355 contiki-native.a(list.o)
 .debug_info    0x000000000000498c      0x1de contiki-native.a(ringbuf.o)
 .debug_info    0x0000000000004b6a     0x16d0 contiki-native.a(uip-ds6.o)
 .debug_info    0x000000000000623a     0x1af4 contiki-native.a(uip-ds6-route.o)
 .debug_info    0x0000000000007d2e     0x1feb contiki-native.a(uip6.o)
 .debug_info    0x0000000000009d19     0x14dd contiki-native.a(uip-ds6-nbr.o)
 .debug_info    0x000000000000b1f6     0x1481 contiki-native.a(uip-nd6.o)
 .debug_info    0x000000000000c677     0x1ce8 contiki-native.a(sicslowpan.o)
 .debug_info    0x000000000000e35f      0xb2d contiki-native.a(uip-packetqueue)
 .debug_info    0x000000000000ee8c     0x204a contiki-native.a(tcpip.o)
 .debug_info    0x0000000000010ed6      0x88e contiki-native.a(uip-debug.o)
 .debug_info    0x0000000000011764     0x1a24 contiki-native.a(rpl-ext-header.)
 .debug_info    0x0000000000013188     0x1ab6 contiki-native.a(rpl.o)
 .debug_info    0x0000000000014c3e     0x2292 contiki-native.a(rpl-icmp6.o)
 .debug_info    0x0000000000016ed0     0x29b0 contiki-native.a(rpl-dag.o)
 .debug_info    0x0000000000019880     0x129b contiki-native.a(queuebuf.o)
 .debug_info    0x000000000001ab1b     0x13b0 contiki-native.a(nbr-table.o)
 .debug_info    0x000000000001becb     0x12d2 contiki-native.a(packetbuf.o)
 .debug_info    0x000000000001d19d      0xa4b contiki-native.a(netstack.o)
 .debug_info    0x000000000001dbe8      0x182 contiki-native.a(linkaddr.o)
 .debug_info    0x000000000001dd6a     0x117a contiki-native.a(link-stats.o)
 .debug_info    0x000000000001eee4      0xb14 contiki-native.a(nullmac.o)
 .debug_info    0x000000000001f9f8      0x9ab contiki-native.a(framer-802154.o)
 .debug_info    0x00000000000203a3      0xc51 contiki-native.a(frame802154.o)
 .debug_info    0x0000000000020ff4      0xcd7 contiki-native.a(nullrdc.o)
 .debug_info    0x0000000000021ccb      0xb29 contiki-native.a(nullsec.o)
 .debug_info    0x00000000000227f4      0x1bf contiki-native.a(clock.o)
 .debug_info    0x00000000000229b3      0x205 contiki-native.a(rtimer-arch.o)
 .debug_info    0x0000000000022bb8       0xf8 contiki-native.a(watchdog.o)
 .debug_info    0x0000000000022cb0      0x1aa contiki-native.a(stimer.o)
 .debug_info    0x0000000000022e5a      0x534 contiki-native.a(nullradio.o)
 .debug_info    0x000000000002338e      0x2fe contiki-native.a(memb.o)
 .debug_info    0x000000000002368c       0xc0 contiki-native.a(random.o)
 .debug_info    0x000000000002374c     0x1221 contiki-native.a(uip-icmp6.o)
 .debug_info    0x000000000002496d     0x1ae5 contiki-native.a(rpl-nbr-policy.)
 .debug_info    0x0000000000026452     0x1b14 contiki-native.a(rpl-timers.o)
 .debug_info    0x0000000000027f66     0x18a6 contiki-native.a(rpl-mrhof.o)
 .debug_info    0x000000000002980c      0x127 contiki-native.a(mac.o)

.debug_abbrev   0x0000000000000000     0x6a70
 *(.debug_abbrev)
 .debug_abbrev  0x0000000000000000      0x182 ledmotes.co
 .debug_abbrev  0x0000000000000182      0x2d3 contiki-native.a(contiki-main.o)
 .debug_abbrev  0x0000000000000455       0xaa contiki-native.a(leds.o)
 .debug_abbrev  0x00000000000004ff       0x94 contiki-native.a(leds-arch.o)
 .debug_abbrev  0x0000000000000593      0x147 contiki-native.a(button-sensor.o)
 .debug_abbrev  0x00000000000006da      0x165 contiki-native.a(pir-sensor.o)
 .debug_abbrev  0x000000000000083f      0x165 contiki-native.a(vib-sensor.o)
 .debug_abbrev  0x00000000000009a4      0x1cd contiki-native.a(sensors.o)
 .debug_abbrev  0x0000000000000b71      0x1be contiki-native.a(ctimer.o)
 .debug_abbrev  0x0000000000000d2f      0x12b contiki-native.a(autostart.o)
 .debug_abbrev  0x0000000000000e5a      0x21b contiki-native.a(etimer.o)
 .debug_abbrev  0x0000000000001075      0x27b contiki-native.a(process.o)
 .debug_abbrev  0x00000000000012f0      0x1a6 contiki-native.a(rtimer.o)
 .debug_abbrev  0x0000000000001496       0xf3 contiki-native.a(timer.o)
 .debug_abbrev  0x0000000000001589      0x1a7 contiki-native.a(serial-line.o)
 .debug_abbrev  0x0000000000001730      0x143 contiki-native.a(list.o)
 .debug_abbrev  0x0000000000001873       0xbf contiki-native.a(ringbuf.o)
 .debug_abbrev  0x0000000000001932      0x2e8 contiki-native.a(uip-ds6.o)
 .debug_abbrev  0x0000000000001c1a      0x378 contiki-native.a(uip-ds6-route.o)
 .debug_abbrev  0x0000000000001f92      0x38e contiki-native.a(uip6.o)
 .debug_abbrev  0x0000000000002320      0x278 contiki-native.a(uip-ds6-nbr.o)
 .debug_abbrev  0x0000000000002598      0x25f contiki-native.a(uip-nd6.o)
 .debug_abbrev  0x00000000000027f7      0x302 contiki-native.a(sicslowpan.o)
 .debug_abbrev  0x0000000000002af9      0x247 contiki-native.a(uip-packetqueue)
 .debug_abbrev  0x0000000000002d40      0x3bf contiki-native.a(tcpip.o)
 .debug_abbrev  0x00000000000030ff      0x1a7 contiki-native.a(uip-debug.o)
 .debug_abbrev  0x00000000000032a6      0x287 contiki-native.a(rpl-ext-header.)
 .debug_abbrev  0x000000000000352d      0x2c7 contiki-native.a(rpl.o)
 .debug_abbrev  0x00000000000037f4      0x390 contiki-native.a(rpl-icmp6.o)
 .debug_abbrev  0x0000000000003b84      0x3a5 contiki-native.a(rpl-dag.o)
 .debug_abbrev  0x0000000000003f29      0x299 contiki-native.a(queuebuf.o)
 .debug_abbrev  0x00000000000041c2      0x2c7 contiki-native.a(nbr-table.o)
 .debug_abbrev  0x0000000000004489      0x2bb contiki-native.a(packetbuf.o)
 .debug_abbrev  0x0000000000004744      0x1b4 contiki-native.a(netstack.o)
 .debug_abbrev  0x00000000000048f8       0xfd contiki-native.a(linkaddr.o)
 .debug_abbrev  0x00000000000049f5      0x299 contiki-native.a(link-stats.o)
 .debug_abbrev  0x0000000000004c8e      0x253 contiki-native.a(nullmac.o)
 .debug_abbrev  0x0000000000004ee1      0x200 contiki-native.a(framer-802154.o)
 .debug_abbrev  0x00000000000050e1      0x2cc contiki-native.a(frame802154.o)
 .debug_abbrev  0x00000000000053ad      0x2bb contiki-native.a(nullrdc.o)
 .debug_abbrev  0x0000000000005668      0x20b contiki-native.a(nullsec.o)
 .debug_abbrev  0x0000000000005873       0xf6 contiki-native.a(clock.o)
 .debug_abbrev  0x0000000000005969      0x111 contiki-native.a(rtimer-arch.o)
 .debug_abbrev  0x0000000000005a7a       0x5a contiki-native.a(watchdog.o)
 .debug_abbrev  0x0000000000005ad4       0xd7 contiki-native.a(stimer.o)
 .debug_abbrev  0x0000000000005bab      0x164 contiki-native.a(nullradio.o)
 .debug_abbrev  0x0000000000005d0f      0x15a contiki-native.a(memb.o)
 .debug_abbrev  0x0000000000005e69       0x6b contiki-native.a(random.o)
 .debug_abbrev  0x0000000000005ed4      0x2c7 contiki-native.a(uip-icmp6.o)
 .debug_abbrev  0x000000000000619b      0x270 contiki-native.a(rpl-nbr-policy.)
 .debug_abbrev  0x000000000000640b      0x32e contiki-native.a(rpl-timers.o)
 .debug_abbrev  0x0000000000006739      0x290 contiki-native.a(rpl-mrhof.o)
 .debug_abbrev  0x00000000000069c9       0xa7 contiki-native.a(mac.o)

.debug_line     0x0000000000000000     0x9241
 *(.debug_line .debug_line.* .debug_line_end)
 .debug_line    0x0000000000000000      0x190 ledmotes.co
 .debug_line    0x0000000000000190      0x4ed contiki-native.a(contiki-main.o)
 .debug_line    0x000000000000067d       0x6d contiki-native.a(leds.o)
 .debug_line    0x00000000000006ea       0x61 contiki-native.a(leds-arch.o)
 .debug_line    0x000000000000074b      0x103 contiki-native.a(button-sensor.o)
 .debug_line    0x000000000000084e      0x101 contiki-native.a(pir-sensor.o)
 .debug_line    0x000000000000094f      0x100 contiki-native.a(vib-sensor.o)
 .debug_line    0x0000000000000a4f      0x15d contiki-native.a(sensors.o)
 .debug_line    0x0000000000000bac      0x196 contiki-native.a(ctimer.o)
 .debug_line    0x0000000000000d42       0xbe contiki-native.a(autostart.o)
 .debug_line    0x0000000000000e00      0x1b7 contiki-native.a(etimer.o)
 .debug_line    0x0000000000000fb7      0x238 contiki-native.a(process.o)
 .debug_line    0x00000000000011ef       0xc5 contiki-native.a(rtimer.o)
 .debug_line    0x00000000000012b4       0xad contiki-native.a(timer.o)
 .debug_line    0x0000000000001361      0x182 contiki-native.a(serial-line.o)
 .debug_line    0x00000000000014e3      0x115 contiki-native.a(list.o)
 .debug_line    0x00000000000015f8       0xd6 contiki-native.a(ringbuf.o)
 .debug_line    0x00000000000016ce      0x4bd contiki-native.a(uip-ds6.o)
 .debug_line    0x0000000000001b8b      0x472 contiki-native.a(uip-ds6-route.o)
 .debug_line    0x0000000000001ffd      0xaa6 contiki-native.a(uip6.o)
 .debug_line    0x0000000000002aa3      0x371 contiki-native.a(uip-ds6-nbr.o)
 .debug_line    0x0000000000002e14      0x425 contiki-native.a(uip-nd6.o)
 .debug_line    0x0000000000003239      0x965 contiki-native.a(sicslowpan.o)
 .debug_line    0x0000000000003b9e      0x22e contiki-native.a(uip-packetqueue)
 .debug_line    0x0000000000003dcc      0x5c1 contiki-native.a(tcpip.o)
 .debug_line    0x000000000000438d      0x1dc contiki-native.a(uip-debug.o)
 .debug_line    0x0000000000004569      0x473 contiki-native.a(rpl-ext-header.)
 .debug_line    0x00000000000049dc      0x439 contiki-native.a(rpl.o)
 .debug_line    0x0000000000004e15      0x786 contiki-native.a(rpl-icmp6.o)
 .debug_line    0x000000000000559b      0xa9a contiki-native.a(rpl-dag.o)
 .debug_line    0x0000000000006035      0x344 contiki-native.a(queuebuf.o)
 .debug_line    0x0000000000006379      0x3ac contiki-native.a(nbr-table.o)
 .debug_line    0x0000000000006725      0x38f contiki-native.a(packetbuf.o)
 .debug_line    0x0000000000006ab4      0x1dd contiki-native.a(netstack.o)
 .debug_line    0x0000000000006c91       0x76 contiki-native.a(linkaddr.o)
 .debug_line    0x0000000000006d07      0x34d contiki-native.a(link-stats.o)
 .debug_line    0x0000000000007054      0x1f8 contiki-native.a(nullmac.o)
 .debug_line    0x000000000000724c      0x1f8 contiki-native.a(framer-802154.o)
 .debug_line    0x0000000000007444      0x374 contiki-native.a(frame802154.o)
 .debug_line    0x00000000000077b8      0x241 contiki-native.a(nullrdc.o)
 .debug_line    0x00000000000079f9      0x201 contiki-native.a(nullsec.o)
 .debug_line    0x0000000000007bfa      0x124 contiki-native.a(clock.o)
 .debug_line    0x0000000000007d1e      0x136 contiki-native.a(rtimer-arch.o)
 .debug_line    0x0000000000007e54       0x5a contiki-native.a(watchdog.o)
 .debug_line    0x0000000000007eae       0x8a contiki-native.a(stimer.o)
 .debug_line    0x0000000000007f38       0xd7 contiki-native.a(nullradio.o)
 .debug_line    0x000000000000800f      0x128 contiki-native.a(memb.o)
 .debug_line    0x0000000000008137       0x50 contiki-native.a(random.o)
 .debug_line    0x0000000000008187      0x3ee contiki-native.a(uip-icmp6.o)
 .debug_line    0x0000000000008575      0x3a9 contiki-native.a(rpl-nbr-policy.)
 .debug_line    0x000000000000891e      0x46f contiki-native.a(rpl-timers.o)
 .debug_line    0x0000000000008d8d      0x43d contiki-native.a(rpl-mrhof.o)
 .debug_line    0x00000000000091ca       0x77 contiki-native.a(mac.o)

.debug_frame
 *(.debug_frame)

.debug_str      0x0000000000000000     0x4c95
 *(.debug_str)
 .debug_str     0x0000000000000000      0x32c ledmotes.co
                                        0x3e4 (size before relaxing)
 .debug_str     0x000000000000032c      0x90e contiki-native.a(contiki-main.o)
                                        0xdbc (size before relaxing)
 .debug_str     0x0000000000000c3a       0x72 contiki-native.a(leds.o)
                                        0x15d (size before relaxing)
 .debug_str     0x0000000000000cac       0x51 contiki-native.a(leds-arch.o)
                                        0x12e (size before relaxing)
 .debug_str     0x0000000000000cfd       0x37 contiki-native.a(button-sensor.o)
                                        0x1f3 (size before relaxing)
 .debug_str     0x0000000000000d34       0x4d contiki-native.a(pir-sensor.o)
                                        0x206 (size before relaxing)
 .debug_str     0x0000000000000d81       0x3a contiki-native.a(vib-sensor.o)
                                        0x1f3 (size before relaxing)
 .debug_str     0x0000000000000dbb       0x8d contiki-native.a(sensors.o)
                                        0x27d (size before relaxing)
 .debug_str     0x0000000000000e48       0xdf contiki-native.a(ctimer.o)
                                        0x29a (size before relaxing)
 .debug_str     0x0000000000000f27       0x3a contiki-native.a(autostart.o)
                                        0x19a (size before relaxing)
 .debug_str     0x0000000000000f61      0x152 contiki-native.a(etimer.o)
                                        0x2ea (size before relaxing)
 .debug_str     0x00000000000010b3      0x149 contiki-native.a(process.o)
                                        0x47d (size before relaxing)
 .debug_str     0x00000000000011fc       0xbc contiki-native.a(rtimer.o)
                                        0x238 (size before relaxing)
 .debug_str     0x00000000000012b8       0x17 contiki-native.a(timer.o)
                                        0x158 (size before relaxing)
 .debug_str     0x00000000000012cf       0x9a contiki-native.a(serial-line.o)
                                        0x262 (size before relaxing)
 .debug_str     0x0000000000001369       0xa8 contiki-native.a(list.o)
                                        0x137 (size before relaxing)
 .debug_str     0x0000000000001411       0x5c contiki-native.a(ringbuf.o)
                                        0x175 (size before relaxing)
 .debug_str     0x000000000000146d      0x2da contiki-native.a(uip-ds6.o)
                                        0xd18 (size before relaxing)
 .debug_str     0x0000000000001747      0x5c7 contiki-native.a(uip-ds6-route.o)
                                       0x10a8 (size before relaxing)
 .debug_str     0x0000000000001d0e      0x600 contiki-native.a(uip6.o)
                                       0x11a0 (size before relaxing)
 .debug_str     0x000000000000230e      0x330 contiki-native.a(uip-ds6-nbr.o)
                                        0xee8 (size before relaxing)
 .debug_str     0x000000000000263e      0x11f contiki-native.a(uip-nd6.o)
                                        0xd25 (size before relaxing)
 .debug_str     0x000000000000275d      0x43a contiki-native.a(sicslowpan.o)
                                       0x1198 (size before relaxing)
 .debug_str     0x0000000000002b97       0xf4 contiki-native.a(uip-packetqueue)
                                        0x749 (size before relaxing)
 .debug_str     0x0000000000002c8b      0x1cc contiki-native.a(tcpip.o)
                                       0x11cb (size before relaxing)
 .debug_str     0x0000000000002e57       0x35 contiki-native.a(uip-debug.o)
                                        0x5ff (size before relaxing)
 .debug_str     0x0000000000002e8c       0xf7 contiki-native.a(rpl-ext-header.)
                                       0x11d0 (size before relaxing)
 .debug_str     0x0000000000002f83      0x12a contiki-native.a(rpl.o)
                                       0x1075 (size before relaxing)
 .debug_str     0x00000000000030ad      0x268 contiki-native.a(rpl-icmp6.o)
                                       0x1546 (size before relaxing)